
C:\Users\dvm\Projets\CNOSSOS-EU\dev\data>..\Release\TestCnossos -i="Lw undefined - hard.xml" -m="ISO-9613-2" 
Parse file: Lw undefined - hard.xml 
Original data
------------------------------------------------------------------------
ID |       X |       Y |     Z |    G | Extension 
------------------------------------------------------------------------
00 |    0.00 |    0.00 |  0.00 | 0.00 | SRC h=0.05
01 |   10.00 |    0.00 |  0.00 | 0.00 | REC h=4.00
------------------------------------------------------------------------
Calculate path 
.Method:  ISO-9613-2:1996 
.Version: 1.001 
.Meteo:   ISO-9613-2, C0=3.0 dB
Unfolded propagation path
------------------------------------------------------------------------
ID |       D |      Z |      H |  Z_ray |    G | Mode 
------------------------------------------------------------------------
00 |    0.00 |   0.00 |   0.05 |   0.05 | 0.00 | SRC
01 |   10.00 |   0.00 |   4.00 |   4.00 | 0.00 | REC
------------------------------------------------------------------------
.1 calls to P2P calculation in 0.029697ms 
Noise levels
------------------------------------------------------------------------
Freq(Hz) |    63 |   125 |   250 |   500 |  1000 |  2000 |  4000 |  8000
------------------------------------------------------------------------
Lw       |  80.0 |  90.0 |  95.0 | 100.0 | 100.0 | 100.0 |  95.0 |  90.0
dB(A)    | -25.2 | -15.6 |  -8.4 |  -3.1 |   0.0 |   1.2 |   0.9 |  -2.4
deltaLw  |   0.0 |   0.0 |   0.0 |   0.0 |   0.0 |   0.0 |   0.0 |   0.0
AttGeo   | -31.6 | -31.6 | -31.6 | -31.6 | -31.6 | -31.6 | -31.6 | -31.6
AttAtm   |  -0.0 |  -0.0 |  -0.0 |  -0.0 |  -0.0 |  -0.1 |  -0.3 |  -1.0
AttRef   |   0.0 |   0.0 |   0.0 |   0.0 |   0.0 |   0.0 |   0.0 |   0.0
AttDif   |   0.0 |   0.0 |   0.0 |   0.0 |   0.0 |   0.0 |   0.0 |   0.0
AttSize  |   0.0 |   0.0 |   0.0 |   0.0 |   0.0 |   0.0 |   0.0 |   0.0
Att,F    |   3.0 |   3.0 |   3.0 |   3.0 |   3.0 |   3.0 |   3.0 |   3.0
Att,H    |  -inf |  -inf |  -inf |  -inf |  -inf |  -inf |  -inf |  -inf
Lp,F     |  26.2 |  45.8 |  58.0 |  68.3 |  71.3 |  72.5 |  67.0 |  58.0
Lp,H     |  -inf |  -inf |  -inf |  -inf |  -inf |  -inf |  -inf |  -inf
Leq      |  26.2 |  45.8 |  58.0 |  68.3 |  71.3 |  72.5 |  67.0 |  58.0
------------------------------------------------------------------------
Lp,F     |  76.5 dB(A)
Lp,H     |  -inf dB(A)
Leq      |  76.5 dB(A)
------------------------------------------------------------------------

C:\Users\dvm\Projets\CNOSSOS-EU\dev\data>..\Release\TestCnossos -i="Lw undefined - hard.xml" -m="JRC-2012" 
Parse file: Lw undefined - hard.xml 
Original data
------------------------------------------------------------------------
ID |       X |       Y |     Z |    G | Extension 
------------------------------------------------------------------------
00 |    0.00 |    0.00 |  0.00 | 0.00 | SRC h=0.05
01 |   10.00 |    0.00 |  0.00 | 0.00 | REC h=4.00
------------------------------------------------------------------------
Calculate path 
.Method:  JRC_final_2012 
.Version: 1.001 
.Meteo:   JRC-2012, pFav=50.0% 
Unfolded propagation path
------------------------------------------------------------------------
ID |       D |      Z |      H |  Z_ray |    G | Mode 
------------------------------------------------------------------------
00 |    0.00 |   0.00 |   0.05 |   0.05 | 0.00 | SRC
01 |   10.00 |   0.00 |   4.00 |   4.00 | 0.00 | REC
------------------------------------------------------------------------
.1 calls to P2P calculation in 0.041062ms 
Noise levels
------------------------------------------------------------------------
Freq(Hz) |    63 |   125 |   250 |   500 |  1000 |  2000 |  4000 |  8000
------------------------------------------------------------------------
Lw       |  80.0 |  90.0 |  95.0 | 100.0 | 100.0 | 100.0 |  95.0 |  90.0
dB(A)    | -25.2 | -15.6 |  -8.4 |  -3.1 |   0.0 |   1.2 |   0.9 |  -2.4
deltaLw  |   0.0 |   0.0 |   0.0 |   0.0 |   0.0 |   0.0 |   0.0 |   0.0
AttGeo   | -31.6 | -31.6 | -31.6 | -31.6 | -31.6 | -31.6 | -31.6 | -31.6
AttAtm   |  -0.0 |  -0.0 |  -0.0 |  -0.0 |  -0.0 |  -0.1 |  -0.3 |  -1.0
AttRef   |   0.0 |   0.0 |   0.0 |   0.0 |   0.0 |   0.0 |   0.0 |   0.0
AttDif   |   0.0 |   0.0 |   0.0 |   0.0 |   0.0 |   0.0 |   0.0 |   0.0
AttSize  |  -0.0 |  -0.0 |  -0.0 |  -0.0 |  -0.0 |  -0.0 |  -0.0 |  -0.0
Att,F    |   3.0 |   3.0 |   3.0 |   3.0 |   3.0 |   3.0 |   3.0 |   3.0
Att,H    |   3.0 |   3.0 |   3.0 |   3.0 |   3.0 |   3.0 |   3.0 |   3.0
Lp,F     |  26.2 |  45.8 |  58.0 |  68.3 |  71.3 |  72.5 |  67.0 |  58.0
Lp,H     |  26.2 |  45.8 |  58.0 |  68.3 |  71.3 |  72.5 |  67.0 |  58.0
Leq      |  26.2 |  45.8 |  58.0 |  68.3 |  71.3 |  72.5 |  67.0 |  58.0
------------------------------------------------------------------------
Lp,F     |  76.5 dB(A)
Lp,H     |  76.5 dB(A)
Leq      |  76.5 dB(A)
------------------------------------------------------------------------

C:\Users\dvm\Projets\CNOSSOS-EU\dev\data>..\Release\TestCnossos -i="Lw undefined - hard.xml" -m="JRC-draft-2010" 
Parse file: Lw undefined - hard.xml 
Original data
------------------------------------------------------------------------
ID |       X |       Y |     Z |    G | Extension 
------------------------------------------------------------------------
00 |    0.00 |    0.00 |  0.00 | 0.00 | SRC h=0.05
01 |   10.00 |    0.00 |  0.00 | 0.00 | REC h=4.00
------------------------------------------------------------------------
Calculate path 
.Method:  JRC_draft_2010 
.Version: 2.022 
.Meteo:   JRC-2012, pFav=50.0% 
Unfolded propagation path
------------------------------------------------------------------------
ID |       D |      Z |      H |  Z_ray |    G | Mode 
------------------------------------------------------------------------
00 |    0.00 |   0.00 |   0.05 |   0.05 | 0.00 | SRC
01 |   10.00 |   0.00 |   4.00 |   4.00 | 0.00 | REC
------------------------------------------------------------------------
.1 calls to P2P calculation in 0.137118ms 
Noise levels
------------------------------------------------------------------------
Freq(Hz) |    63 |   125 |   250 |   500 |  1000 |  2000 |  4000 |  8000
------------------------------------------------------------------------
Lw       |  80.0 |  90.0 |  95.0 | 100.0 | 100.0 | 100.0 |  95.0 |  90.0
dB(A)    | -25.2 | -15.6 |  -8.4 |  -3.1 |   0.0 |   1.2 |   0.9 |  -2.4
deltaLw  |   0.0 |   0.0 |   0.0 |   0.0 |   0.0 |   0.0 |   0.0 |   0.0
AttGeo   | -31.6 | -31.6 | -31.6 | -31.6 | -31.6 | -31.6 | -31.6 | -31.6
AttAtm   |  -0.0 |  -0.0 |  -0.0 |  -0.0 |  -0.0 |  -0.1 |  -0.3 |  -1.0
AttRef   |   0.0 |   0.0 |   0.0 |   0.0 |   0.0 |   0.0 |   0.0 |   0.0
AttDif   |   0.0 |   0.0 |   0.0 |   0.0 |   0.0 |   0.0 |   0.0 |   0.0
AttSize  |   0.0 |   0.0 |   0.0 |   0.0 |   0.0 |   0.0 |   0.0 |   0.0
Att,F    |   6.0 |   6.0 |   5.9 |   5.7 |   5.0 |   3.3 |   2.9 |   2.9
Att,H    |   6.0 |   6.0 |   5.9 |   5.7 |   5.0 |   3.3 |   2.9 |   2.9
Lp,F     |  29.2 |  48.8 |  60.9 |  71.0 |  73.3 |  72.7 |  66.9 |  57.9
Lp,H     |  29.2 |  48.8 |  60.9 |  71.0 |  73.4 |  72.7 |  66.9 |  57.9
Leq      |  29.2 |  48.8 |  60.9 |  71.0 |  73.3 |  72.7 |  66.9 |  57.9
------------------------------------------------------------------------
Lp,F     |  77.8 dB(A)
Lp,H     |  77.8 dB(A)
Leq      |  77.8 dB(A)
------------------------------------------------------------------------

C:\Users\dvm\Projets\CNOSSOS-EU\dev\data>..\Release\TestCnossos -i="Lw freefield - hard.xml" -m="ISO-9613-2" 
Parse file: Lw freefield - hard.xml 
Original data
------------------------------------------------------------------------
ID |       X |       Y |     Z |    G | Extension 
------------------------------------------------------------------------
00 |    0.00 |    0.00 |  0.00 | 0.00 | SRC h=0.05
01 |   10.00 |    0.00 |  0.00 | 0.00 | REC h=4.00
------------------------------------------------------------------------
Calculate path 
.Method:  ISO-9613-2:1996 
.Version: 1.001 
.Meteo:   ISO-9613-2, C0=3.0 dB
Unfolded propagation path
------------------------------------------------------------------------
ID |       D |      Z |      H |  Z_ray |    G | Mode 
------------------------------------------------------------------------
00 |    0.00 |   0.00 |   0.05 |   0.05 | 0.00 | SRC
01 |   10.00 |   0.00 |   4.00 |   4.00 | 0.00 | REC
------------------------------------------------------------------------
.1 calls to P2P calculation in 0.027864ms 
Noise levels
------------------------------------------------------------------------
Freq(Hz) |    63 |   125 |   250 |   500 |  1000 |  2000 |  4000 |  8000
------------------------------------------------------------------------
Lw       |  80.0 |  90.0 |  95.0 | 100.0 | 100.0 | 100.0 |  95.0 |  90.0
dB(A)    | -25.2 | -15.6 |  -8.4 |  -3.1 |   0.0 |   1.2 |   0.9 |  -2.4
deltaLw  |   3.0 |   3.0 |   2.9 |   2.7 |   1.8 |  -0.7 |   0.5 |   0.2
AttGeo   | -31.6 | -31.6 | -31.6 | -31.6 | -31.6 | -31.6 | -31.6 | -31.6
AttAtm   |  -0.0 |  -0.0 |  -0.0 |  -0.0 |  -0.0 |  -0.1 |  -0.3 |  -1.0
AttRef   |   0.0 |   0.0 |   0.0 |   0.0 |   0.0 |   0.0 |   0.0 |   0.0
AttDif   |   0.0 |   0.0 |   0.0 |   0.0 |   0.0 |   0.0 |   0.0 |   0.0
AttSize  |   0.0 |   0.0 |   0.0 |   0.0 |   0.0 |   0.0 |   0.0 |   0.0
Att,F    |   3.0 |   3.0 |   3.0 |   3.0 |   3.0 |   3.0 |   3.0 |   3.0
Att,H    |  -inf |  -inf |  -inf |  -inf |  -inf |  -inf |  -inf |  -inf
Lp,F     |  29.2 |  48.8 |  60.9 |  71.0 |  73.2 |  71.8 |  67.5 |  58.2
Lp,H     |  -inf |  -inf |  -inf |  -inf |  -inf |  -inf |  -inf |  -inf
Leq      |  29.2 |  48.8 |  60.9 |  71.0 |  73.2 |  71.8 |  67.5 |  58.2
------------------------------------------------------------------------
Lp,F     |  77.5 dB(A)
Lp,H     |  -inf dB(A)
Leq      |  77.5 dB(A)
------------------------------------------------------------------------

C:\Users\dvm\Projets\CNOSSOS-EU\dev\data>..\Release\TestCnossos -i="Lw freefield - hard.xml" -m="JRC-2012" 
Parse file: Lw freefield - hard.xml 
Original data
------------------------------------------------------------------------
ID |       X |       Y |     Z |    G | Extension 
------------------------------------------------------------------------
00 |    0.00 |    0.00 |  0.00 | 0.00 | SRC h=0.05
01 |   10.00 |    0.00 |  0.00 | 0.00 | REC h=4.00
------------------------------------------------------------------------
Calculate path 
.Method:  JRC_final_2012 
.Version: 1.001 
.Meteo:   JRC-2012, pFav=50.0% 
Unfolded propagation path
------------------------------------------------------------------------
ID |       D |      Z |      H |  Z_ray |    G | Mode 
------------------------------------------------------------------------
00 |    0.00 |   0.00 |   0.05 |   0.05 | 0.00 | SRC
01 |   10.00 |   0.00 |   4.00 |   4.00 | 0.00 | REC
------------------------------------------------------------------------
.1 calls to P2P calculation in 0.035196ms 
Noise levels
------------------------------------------------------------------------
Freq(Hz) |    63 |   125 |   250 |   500 |  1000 |  2000 |  4000 |  8000
------------------------------------------------------------------------
Lw       |  80.0 |  90.0 |  95.0 | 100.0 | 100.0 | 100.0 |  95.0 |  90.0
dB(A)    | -25.2 | -15.6 |  -8.4 |  -3.1 |   0.0 |   1.2 |   0.9 |  -2.4
deltaLw  |   3.0 |   3.0 |   2.9 |   2.7 |   1.8 |  -0.7 |   0.5 |   0.2
AttGeo   | -31.6 | -31.6 | -31.6 | -31.6 | -31.6 | -31.6 | -31.6 | -31.6
AttAtm   |  -0.0 |  -0.0 |  -0.0 |  -0.0 |  -0.0 |  -0.1 |  -0.3 |  -1.0
AttRef   |   0.0 |   0.0 |   0.0 |   0.0 |   0.0 |   0.0 |   0.0 |   0.0
AttDif   |   0.0 |   0.0 |   0.0 |   0.0 |   0.0 |   0.0 |   0.0 |   0.0
AttSize  |  -0.0 |  -0.0 |  -0.0 |  -0.0 |  -0.0 |  -0.0 |  -0.0 |  -0.0
Att,F    |   3.0 |   3.0 |   3.0 |   3.0 |   3.0 |   3.0 |   3.0 |   3.0
Att,H    |   3.0 |   3.0 |   3.0 |   3.0 |   3.0 |   3.0 |   3.0 |   3.0
Lp,F     |  29.2 |  48.8 |  60.9 |  71.0 |  73.2 |  71.8 |  67.5 |  58.2
Lp,H     |  29.2 |  48.8 |  60.9 |  71.0 |  73.2 |  71.8 |  67.5 |  58.2
Leq      |  29.2 |  48.8 |  60.9 |  71.0 |  73.2 |  71.8 |  67.5 |  58.2
------------------------------------------------------------------------
Lp,F     |  77.5 dB(A)
Lp,H     |  77.5 dB(A)
Leq      |  77.5 dB(A)
------------------------------------------------------------------------

C:\Users\dvm\Projets\CNOSSOS-EU\dev\data>..\Release\TestCnossos -i="Lw freefield - hard.xml" -m="JRC-draft-2010" 
Parse file: Lw freefield - hard.xml 
Original data
------------------------------------------------------------------------
ID |       X |       Y |     Z |    G | Extension 
------------------------------------------------------------------------
00 |    0.00 |    0.00 |  0.00 | 0.00 | SRC h=0.05
01 |   10.00 |    0.00 |  0.00 | 0.00 | REC h=4.00
------------------------------------------------------------------------
Calculate path 
.Method:  JRC_draft_2010 
.Version: 2.022 
.Meteo:   JRC-2012, pFav=50.0% 
Unfolded propagation path
------------------------------------------------------------------------
ID |       D |      Z |      H |  Z_ray |    G | Mode 
------------------------------------------------------------------------
00 |    0.00 |   0.00 |   0.05 |   0.05 | 0.00 | SRC
01 |   10.00 |   0.00 |   4.00 |   4.00 | 0.00 | REC
------------------------------------------------------------------------
.1 calls to P2P calculation in 0.067826ms 
Noise levels
------------------------------------------------------------------------
Freq(Hz) |    63 |   125 |   250 |   500 |  1000 |  2000 |  4000 |  8000
------------------------------------------------------------------------
Lw       |  80.0 |  90.0 |  95.0 | 100.0 | 100.0 | 100.0 |  95.0 |  90.0
dB(A)    | -25.2 | -15.6 |  -8.4 |  -3.1 |   0.0 |   1.2 |   0.9 |  -2.4
deltaLw  |   0.0 |   0.0 |   0.0 |   0.0 |   0.0 |   0.0 |   0.0 |   0.0
AttGeo   | -31.6 | -31.6 | -31.6 | -31.6 | -31.6 | -31.6 | -31.6 | -31.6
AttAtm   |  -0.0 |  -0.0 |  -0.0 |  -0.0 |  -0.0 |  -0.1 |  -0.3 |  -1.0
AttRef   |   0.0 |   0.0 |   0.0 |   0.0 |   0.0 |   0.0 |   0.0 |   0.0
AttDif   |   0.0 |   0.0 |   0.0 |   0.0 |   0.0 |   0.0 |   0.0 |   0.0
AttSize  |   0.0 |   0.0 |   0.0 |   0.0 |   0.0 |   0.0 |   0.0 |   0.0
Att,F    |   6.0 |   6.0 |   5.9 |   5.7 |   5.0 |   3.3 |   2.9 |   2.9
Att,H    |   6.0 |   6.0 |   5.9 |   5.7 |   5.0 |   3.3 |   2.9 |   2.9
Lp,F     |  29.2 |  48.8 |  60.9 |  71.0 |  73.3 |  72.7 |  66.9 |  57.9
Lp,H     |  29.2 |  48.8 |  60.9 |  71.0 |  73.4 |  72.7 |  66.9 |  57.9
Leq      |  29.2 |  48.8 |  60.9 |  71.0 |  73.3 |  72.7 |  66.9 |  57.9
------------------------------------------------------------------------
Lp,F     |  77.8 dB(A)
Lp,H     |  77.8 dB(A)
Leq      |  77.8 dB(A)
------------------------------------------------------------------------

C:\Users\dvm\Projets\CNOSSOS-EU\dev\data>..\Release\TestCnossos -i="Lw hemispherical - hard.xml" -m="ISO-9613-2" 
Parse file: Lw hemispherical - hard.xml 
Original data
------------------------------------------------------------------------
ID |       X |       Y |     Z |    G | Extension 
------------------------------------------------------------------------
00 |    0.00 |    0.00 |  0.00 | 0.00 | SRC h=0.05
01 |   10.00 |    0.00 |  0.00 | 0.00 | REC h=4.00
------------------------------------------------------------------------
Calculate path 
.Method:  ISO-9613-2:1996 
.Version: 1.001 
.Meteo:   ISO-9613-2, C0=3.0 dB
Unfolded propagation path
------------------------------------------------------------------------
ID |       D |      Z |      H |  Z_ray |    G | Mode 
------------------------------------------------------------------------
00 |    0.00 |   0.00 |   0.05 |   0.05 | 0.00 | SRC
01 |   10.00 |   0.00 |   4.00 |   4.00 | 0.00 | REC
------------------------------------------------------------------------
.1 calls to P2P calculation in 0.013932ms 
Noise levels
------------------------------------------------------------------------
Freq(Hz) |    63 |   125 |   250 |   500 |  1000 |  2000 |  4000 |  8000
------------------------------------------------------------------------
Lw       |  80.0 |  90.0 |  95.0 | 100.0 | 100.0 | 100.0 |  95.0 |  90.0
dB(A)    | -25.2 | -15.6 |  -8.4 |  -3.1 |   0.0 |   1.2 |   0.9 |  -2.4
deltaLw  |   0.0 |   0.0 |   0.0 |   0.0 |   0.0 |   0.0 |   0.0 |   0.0
AttGeo   | -31.6 | -31.6 | -31.6 | -31.6 | -31.6 | -31.6 | -31.6 | -31.6
AttAtm   |  -0.0 |  -0.0 |  -0.0 |  -0.0 |  -0.0 |  -0.1 |  -0.3 |  -1.0
AttRef   |   0.0 |   0.0 |   0.0 |   0.0 |   0.0 |   0.0 |   0.0 |   0.0
AttDif   |   0.0 |   0.0 |   0.0 |   0.0 |   0.0 |   0.0 |   0.0 |   0.0
AttSize  |   0.0 |   0.0 |   0.0 |   0.0 |   0.0 |   0.0 |   0.0 |   0.0
Att,F    |   3.0 |   3.0 |   3.0 |   3.0 |   3.0 |   3.0 |   3.0 |   3.0
Att,H    |  -inf |  -inf |  -inf |  -inf |  -inf |  -inf |  -inf |  -inf
Lp,F     |  26.2 |  45.8 |  58.0 |  68.3 |  71.3 |  72.5 |  67.0 |  58.0
Lp,H     |  -inf |  -inf |  -inf |  -inf |  -inf |  -inf |  -inf |  -inf
Leq      |  26.2 |  45.8 |  58.0 |  68.3 |  71.3 |  72.5 |  67.0 |  58.0
------------------------------------------------------------------------
Lp,F     |  76.5 dB(A)
Lp,H     |  -inf dB(A)
Leq      |  76.5 dB(A)
------------------------------------------------------------------------

C:\Users\dvm\Projets\CNOSSOS-EU\dev\data>..\Release\TestCnossos -i="Lw hemispherical - hard.xml" -m="JRC-2012" 
Parse file: Lw hemispherical - hard.xml 
Original data
------------------------------------------------------------------------
ID |       X |       Y |     Z |    G | Extension 
------------------------------------------------------------------------
00 |    0.00 |    0.00 |  0.00 | 0.00 | SRC h=0.05
01 |   10.00 |    0.00 |  0.00 | 0.00 | REC h=4.00
------------------------------------------------------------------------
Calculate path 
.Method:  JRC_final_2012 
.Version: 1.001 
.Meteo:   JRC-2012, pFav=50.0% 
Unfolded propagation path
------------------------------------------------------------------------
ID |       D |      Z |      H |  Z_ray |    G | Mode 
------------------------------------------------------------------------
00 |    0.00 |   0.00 |   0.05 |   0.05 | 0.00 | SRC
01 |   10.00 |   0.00 |   4.00 |   4.00 | 0.00 | REC
------------------------------------------------------------------------
.1 calls to P2P calculation in 0.016132ms 
Noise levels
------------------------------------------------------------------------
Freq(Hz) |    63 |   125 |   250 |   500 |  1000 |  2000 |  4000 |  8000
------------------------------------------------------------------------
Lw       |  80.0 |  90.0 |  95.0 | 100.0 | 100.0 | 100.0 |  95.0 |  90.0
dB(A)    | -25.2 | -15.6 |  -8.4 |  -3.1 |   0.0 |   1.2 |   0.9 |  -2.4
deltaLw  |   0.0 |   0.0 |   0.0 |   0.0 |   0.0 |   0.0 |   0.0 |   0.0
AttGeo   | -31.6 | -31.6 | -31.6 | -31.6 | -31.6 | -31.6 | -31.6 | -31.6
AttAtm   |  -0.0 |  -0.0 |  -0.0 |  -0.0 |  -0.0 |  -0.1 |  -0.3 |  -1.0
AttRef   |   0.0 |   0.0 |   0.0 |   0.0 |   0.0 |   0.0 |   0.0 |   0.0
AttDif   |   0.0 |   0.0 |   0.0 |   0.0 |   0.0 |   0.0 |   0.0 |   0.0
AttSize  |  -0.0 |  -0.0 |  -0.0 |  -0.0 |  -0.0 |  -0.0 |  -0.0 |  -0.0
Att,F    |   3.0 |   3.0 |   3.0 |   3.0 |   3.0 |   3.0 |   3.0 |   3.0
Att,H    |   3.0 |   3.0 |   3.0 |   3.0 |   3.0 |   3.0 |   3.0 |   3.0
Lp,F     |  26.2 |  45.8 |  58.0 |  68.3 |  71.3 |  72.5 |  67.0 |  58.0
Lp,H     |  26.2 |  45.8 |  58.0 |  68.3 |  71.3 |  72.5 |  67.0 |  58.0
Leq      |  26.2 |  45.8 |  58.0 |  68.3 |  71.3 |  72.5 |  67.0 |  58.0
------------------------------------------------------------------------
Lp,F     |  76.5 dB(A)
Lp,H     |  76.5 dB(A)
Leq      |  76.5 dB(A)
------------------------------------------------------------------------

C:\Users\dvm\Projets\CNOSSOS-EU\dev\data>..\Release\TestCnossos -i="Lw hemispherical - hard.xml" -m="JRC-draft-2010" 
Parse file: Lw hemispherical - hard.xml 
Original data
------------------------------------------------------------------------
ID |       X |       Y |     Z |    G | Extension 
------------------------------------------------------------------------
00 |    0.00 |    0.00 |  0.00 | 0.00 | SRC h=0.05
01 |   10.00 |    0.00 |  0.00 | 0.00 | REC h=4.00
------------------------------------------------------------------------
Calculate path 
.Method:  JRC_draft_2010 
.Version: 2.022 
.Meteo:   JRC-2012, pFav=50.0% 
Unfolded propagation path
------------------------------------------------------------------------
ID |       D |      Z |      H |  Z_ray |    G | Mode 
------------------------------------------------------------------------
00 |    0.00 |   0.00 |   0.05 |   0.05 | 0.00 | SRC
01 |   10.00 |   0.00 |   4.00 |   4.00 | 0.00 | REC
------------------------------------------------------------------------
.1 calls to P2P calculation in 0.071492ms 
Noise levels
------------------------------------------------------------------------
Freq(Hz) |    63 |   125 |   250 |   500 |  1000 |  2000 |  4000 |  8000
------------------------------------------------------------------------
Lw       |  80.0 |  90.0 |  95.0 | 100.0 | 100.0 | 100.0 |  95.0 |  90.0
dB(A)    | -25.2 | -15.6 |  -8.4 |  -3.1 |   0.0 |   1.2 |   0.9 |  -2.4
deltaLw  |  -3.0 |  -3.0 |  -2.9 |  -2.7 |  -1.8 |   0.7 |  -0.5 |  -0.2
AttGeo   | -31.6 | -31.6 | -31.6 | -31.6 | -31.6 | -31.6 | -31.6 | -31.6
AttAtm   |  -0.0 |  -0.0 |  -0.0 |  -0.0 |  -0.0 |  -0.1 |  -0.3 |  -1.0
AttRef   |   0.0 |   0.0 |   0.0 |   0.0 |   0.0 |   0.0 |   0.0 |   0.0
AttDif   |   0.0 |   0.0 |   0.0 |   0.0 |   0.0 |   0.0 |   0.0 |   0.0
AttSize  |   0.0 |   0.0 |   0.0 |   0.0 |   0.0 |   0.0 |   0.0 |   0.0
Att,F    |   6.0 |   6.0 |   5.9 |   5.7 |   5.0 |   3.3 |   2.9 |   2.9
Att,H    |   6.0 |   6.0 |   5.9 |   5.7 |   5.0 |   3.3 |   2.9 |   2.9
Lp,F     |  26.2 |  45.8 |  58.0 |  68.3 |  71.5 |  73.4 |  66.4 |  57.6
Lp,H     |  26.2 |  45.8 |  58.0 |  68.3 |  71.5 |  73.4 |  66.4 |  57.6
Leq      |  26.2 |  45.8 |  58.0 |  68.3 |  71.5 |  73.4 |  66.4 |  57.6
------------------------------------------------------------------------
Lp,F     |  76.8 dB(A)
Lp,H     |  76.9 dB(A)
Leq      |  76.8 dB(A)
------------------------------------------------------------------------

C:\Users\dvm\Projets\CNOSSOS-EU\dev\data>..\Release\TestCnossos -i="Lw undefined - soft.xml" -m="ISO-9613-2" 
Parse file: Lw undefined - soft.xml 
Original data
------------------------------------------------------------------------
ID |       X |       Y |     Z |    G | Extension 
------------------------------------------------------------------------
00 |    0.00 |    0.00 |  0.00 | 1.00 | SRC h=0.05
01 |   10.00 |    0.00 |  0.00 | 1.00 | REC h=4.00
------------------------------------------------------------------------
Calculate path 
.Method:  ISO-9613-2:1996 
.Version: 1.001 
.Meteo:   ISO-9613-2, C0=3.0 dB
Unfolded propagation path
------------------------------------------------------------------------
ID |       D |      Z |      H |  Z_ray |    G | Mode 
------------------------------------------------------------------------
00 |    0.00 |   0.00 |   0.05 |   0.05 | 1.00 | SRC
01 |   10.00 |   0.00 |   4.00 |   4.00 | 1.00 | REC
------------------------------------------------------------------------
.1 calls to P2P calculation in 0.014298ms 
Noise levels
------------------------------------------------------------------------
Freq(Hz) |    63 |   125 |   250 |   500 |  1000 |  2000 |  4000 |  8000
------------------------------------------------------------------------
Lw       |  80.0 |  90.0 |  95.0 | 100.0 | 100.0 | 100.0 |  95.0 |  90.0
dB(A)    | -25.2 | -15.6 |  -8.4 |  -3.1 |   0.0 |   1.2 |   0.9 |  -2.4
deltaLw  |   0.0 |   0.0 |   0.0 |   0.0 |   0.0 |   0.0 |   0.0 |   0.0
AttGeo   | -31.6 | -31.6 | -31.6 | -31.6 | -31.6 | -31.6 | -31.6 | -31.6
AttAtm   |  -0.0 |  -0.0 |  -0.0 |  -0.0 |  -0.0 |  -0.1 |  -0.3 |  -1.0
AttRef   |   0.0 |   0.0 |   0.0 |   0.0 |   0.0 |   0.0 |   0.0 |   0.0
AttDif   |   0.0 |   0.0 |   0.0 |   0.0 |   0.0 |   0.0 |   0.0 |   0.0
AttSize  |   0.0 |   0.0 |   0.0 |   0.0 |   0.0 |   0.0 |   0.0 |   0.0
Att,F    |   3.0 |  -0.5 |  -1.9 |  -2.5 |  -0.9 |  -0.0 |  -0.0 |  -0.0
Att,H    |  -inf |  -inf |  -inf |  -inf |  -inf |  -inf |  -inf |  -inf
Lp,F     |  26.2 |  42.3 |  53.0 |  62.7 |  67.4 |  69.5 |  64.0 |  55.0
Lp,H     |  -inf |  -inf |  -inf |  -inf |  -inf |  -inf |  -inf |  -inf
Leq      |  26.2 |  42.3 |  53.0 |  62.7 |  67.4 |  69.5 |  64.0 |  55.0
------------------------------------------------------------------------
Lp,F     |  72.9 dB(A)
Lp,H     |  -inf dB(A)
Leq      |  72.9 dB(A)
------------------------------------------------------------------------

C:\Users\dvm\Projets\CNOSSOS-EU\dev\data>..\Release\TestCnossos -i="Lw undefined - soft.xml" -m="JRC-2012" 
Parse file: Lw undefined - soft.xml 
Original data
------------------------------------------------------------------------
ID |       X |       Y |     Z |    G | Extension 
------------------------------------------------------------------------
00 |    0.00 |    0.00 |  0.00 | 1.00 | SRC h=0.05
01 |   10.00 |    0.00 |  0.00 | 1.00 | REC h=4.00
------------------------------------------------------------------------
Calculate path 
.Method:  JRC_final_2012 
.Version: 1.001 
.Meteo:   JRC-2012, pFav=50.0% 
Unfolded propagation path
------------------------------------------------------------------------
ID |       D |      Z |      H |  Z_ray |    G | Mode 
------------------------------------------------------------------------
00 |    0.00 |   0.00 |   0.05 |   0.05 | 1.00 | SRC
01 |   10.00 |   0.00 |   4.00 |   4.00 | 1.00 | REC
------------------------------------------------------------------------
.1 calls to P2P calculation in 0.019431ms 
Noise levels
------------------------------------------------------------------------
Freq(Hz) |    63 |   125 |   250 |   500 |  1000 |  2000 |  4000 |  8000
------------------------------------------------------------------------
Lw       |  80.0 |  90.0 |  95.0 | 100.0 | 100.0 | 100.0 |  95.0 |  90.0
dB(A)    | -25.2 | -15.6 |  -8.4 |  -3.1 |   0.0 |   1.2 |   0.9 |  -2.4
deltaLw  |   0.0 |   0.0 |   0.0 |   0.0 |   0.0 |   0.0 |   0.0 |   0.0
AttGeo   | -31.6 | -31.6 | -31.6 | -31.6 | -31.6 | -31.6 | -31.6 | -31.6
AttAtm   |  -0.0 |  -0.0 |  -0.0 |  -0.0 |  -0.0 |  -0.1 |  -0.3 |  -1.0
AttRef   |   0.0 |   0.0 |   0.0 |   0.0 |   0.0 |   0.0 |   0.0 |   0.0
AttDif   |   0.0 |   0.0 |   0.0 |   0.0 |   0.0 |   0.0 |   0.0 |   0.0
AttSize  |  -0.0 |  -0.0 |  -0.0 |  -0.0 |  -0.0 |  -0.0 |  -0.0 |  -0.0
Att,F    |   0.0 |   0.0 |   0.0 |   0.0 |   0.0 |   0.0 |   0.0 |   0.0
Att,H    |   0.0 |   0.0 |   0.0 |   0.0 |   0.0 |   0.0 |   0.0 |   0.0
Lp,F     |  23.2 |  42.8 |  55.0 |  65.3 |  68.3 |  69.5 |  64.0 |  55.0
Lp,H     |  23.2 |  42.8 |  55.0 |  65.3 |  68.3 |  69.5 |  64.0 |  55.0
Leq      |  23.2 |  42.8 |  55.0 |  65.3 |  68.3 |  69.5 |  64.0 |  55.0
------------------------------------------------------------------------
Lp,F     |  73.5 dB(A)
Lp,H     |  73.5 dB(A)
Leq      |  73.5 dB(A)
------------------------------------------------------------------------

C:\Users\dvm\Projets\CNOSSOS-EU\dev\data>..\Release\TestCnossos -i="Lw undefined - soft.xml" -m="JRC-draft-2010" 
Parse file: Lw undefined - soft.xml 
Original data
------------------------------------------------------------------------
ID |       X |       Y |     Z |    G | Extension 
------------------------------------------------------------------------
00 |    0.00 |    0.00 |  0.00 | 1.00 | SRC h=0.05
01 |   10.00 |    0.00 |  0.00 | 1.00 | REC h=4.00
------------------------------------------------------------------------
Calculate path 
.Method:  JRC_draft_2010 
.Version: 2.022 
.Meteo:   JRC-2012, pFav=50.0% 
Unfolded propagation path
------------------------------------------------------------------------
ID |       D |      Z |      H |  Z_ray |    G | Mode 
------------------------------------------------------------------------
00 |    0.00 |   0.00 |   0.05 |   0.05 | 1.00 | SRC
01 |   10.00 |   0.00 |   4.00 |   4.00 | 1.00 | REC
------------------------------------------------------------------------
.1 calls to P2P calculation in 0.068926ms 
Noise levels
------------------------------------------------------------------------
Freq(Hz) |    63 |   125 |   250 |   500 |  1000 |  2000 |  4000 |  8000
------------------------------------------------------------------------
Lw       |  80.0 |  90.0 |  95.0 | 100.0 | 100.0 | 100.0 |  95.0 |  90.0
dB(A)    | -25.2 | -15.6 |  -8.4 |  -3.1 |   0.0 |   1.2 |   0.9 |  -2.4
deltaLw  |   0.0 |   0.0 |   0.0 |   0.0 |   0.0 |   0.0 |   0.0 |   0.0
AttGeo   | -31.6 | -31.6 | -31.6 | -31.6 | -31.6 | -31.6 | -31.6 | -31.6
AttAtm   |  -0.0 |  -0.0 |  -0.0 |  -0.0 |  -0.0 |  -0.1 |  -0.3 |  -1.0
AttRef   |   0.0 |   0.0 |   0.0 |   0.0 |   0.0 |   0.0 |   0.0 |   0.0
AttDif   |   0.0 |   0.0 |   0.0 |   0.0 |   0.0 |   0.0 |   0.0 |   0.0
AttSize  |   0.0 |   0.0 |   0.0 |   0.0 |   0.0 |   0.0 |   0.0 |   0.0
Att,F    |   5.8 |   5.5 |   4.8 |   3.6 |   1.3 |  -0.4 |   0.4 |   0.4
Att,H    |   5.8 |   5.5 |   4.8 |   3.6 |   1.3 |  -0.4 |   0.4 |   0.4
Lp,F     |  29.0 |  48.2 |  59.8 |  68.9 |  69.7 |  69.1 |  64.4 |  55.4
Lp,H     |  29.0 |  48.2 |  59.8 |  68.9 |  69.7 |  69.1 |  64.4 |  55.4
Leq      |  29.0 |  48.2 |  59.8 |  68.9 |  69.7 |  69.1 |  64.4 |  55.4
------------------------------------------------------------------------
Lp,F     |  74.6 dB(A)
Lp,H     |  74.6 dB(A)
Leq      |  74.6 dB(A)
------------------------------------------------------------------------

C:\Users\dvm\Projets\CNOSSOS-EU\dev\data>..\Release\TestCnossos -i="Lw freefield - soft.xml" -m="ISO-9613-2" 
Parse file: Lw freefield - soft.xml 
Original data
------------------------------------------------------------------------
ID |       X |       Y |     Z |    G | Extension 
------------------------------------------------------------------------
00 |    0.00 |    0.00 |  0.00 | 1.00 | SRC h=0.05
01 |   10.00 |    0.00 |  0.00 | 1.00 | REC h=4.00
------------------------------------------------------------------------
Calculate path 
.Method:  ISO-9613-2:1996 
.Version: 1.001 
.Meteo:   ISO-9613-2, C0=3.0 dB
Unfolded propagation path
------------------------------------------------------------------------
ID |       D |      Z |      H |  Z_ray |    G | Mode 
------------------------------------------------------------------------
00 |    0.00 |   0.00 |   0.05 |   0.05 | 1.00 | SRC
01 |   10.00 |   0.00 |   4.00 |   4.00 | 1.00 | REC
------------------------------------------------------------------------
.1 calls to P2P calculation in 0.013199ms 
Noise levels
------------------------------------------------------------------------
Freq(Hz) |    63 |   125 |   250 |   500 |  1000 |  2000 |  4000 |  8000
------------------------------------------------------------------------
Lw       |  80.0 |  90.0 |  95.0 | 100.0 | 100.0 | 100.0 |  95.0 |  90.0
dB(A)    | -25.2 | -15.6 |  -8.4 |  -3.1 |   0.0 |   1.2 |   0.9 |  -2.4
deltaLw  |   3.0 |   3.0 |   2.9 |   2.7 |   1.8 |  -0.7 |   0.5 |   0.2
AttGeo   | -31.6 | -31.6 | -31.6 | -31.6 | -31.6 | -31.6 | -31.6 | -31.6
AttAtm   |  -0.0 |  -0.0 |  -0.0 |  -0.0 |  -0.0 |  -0.1 |  -0.3 |  -1.0
AttRef   |   0.0 |   0.0 |   0.0 |   0.0 |   0.0 |   0.0 |   0.0 |   0.0
AttDif   |   0.0 |   0.0 |   0.0 |   0.0 |   0.0 |   0.0 |   0.0 |   0.0
AttSize  |   0.0 |   0.0 |   0.0 |   0.0 |   0.0 |   0.0 |   0.0 |   0.0
Att,F    |   3.0 |  -0.5 |  -1.9 |  -2.5 |  -0.9 |  -0.0 |  -0.0 |  -0.0
Att,H    |  -inf |  -inf |  -inf |  -inf |  -inf |  -inf |  -inf |  -inf
Lp,F     |  29.2 |  45.3 |  56.0 |  65.4 |  69.3 |  68.8 |  64.5 |  55.2
Lp,H     |  -inf |  -inf |  -inf |  -inf |  -inf |  -inf |  -inf |  -inf
Leq      |  29.2 |  45.3 |  56.0 |  65.4 |  69.3 |  68.8 |  64.5 |  55.2
------------------------------------------------------------------------
Lp,F     |  73.6 dB(A)
Lp,H     |  -inf dB(A)
Leq      |  73.6 dB(A)
------------------------------------------------------------------------

C:\Users\dvm\Projets\CNOSSOS-EU\dev\data>..\Release\TestCnossos -i="Lw freefield - soft.xml" -m="JRC-2012" 
Parse file: Lw freefield - soft.xml 
Original data
------------------------------------------------------------------------
ID |       X |       Y |     Z |    G | Extension 
------------------------------------------------------------------------
00 |    0.00 |    0.00 |  0.00 | 1.00 | SRC h=0.05
01 |   10.00 |    0.00 |  0.00 | 1.00 | REC h=4.00
------------------------------------------------------------------------
Calculate path 
.Method:  JRC_final_2012 
.Version: 1.001 
.Meteo:   JRC-2012, pFav=50.0% 
Unfolded propagation path
------------------------------------------------------------------------
ID |       D |      Z |      H |  Z_ray |    G | Mode 
------------------------------------------------------------------------
00 |    0.00 |   0.00 |   0.05 |   0.05 | 1.00 | SRC
01 |   10.00 |   0.00 |   4.00 |   4.00 | 1.00 | REC
------------------------------------------------------------------------
.1 calls to P2P calculation in 0.021631ms 
Noise levels
------------------------------------------------------------------------
Freq(Hz) |    63 |   125 |   250 |   500 |  1000 |  2000 |  4000 |  8000
------------------------------------------------------------------------
Lw       |  80.0 |  90.0 |  95.0 | 100.0 | 100.0 | 100.0 |  95.0 |  90.0
dB(A)    | -25.2 | -15.6 |  -8.4 |  -3.1 |   0.0 |   1.2 |   0.9 |  -2.4
deltaLw  |   3.0 |   3.0 |   2.9 |   2.7 |   1.8 |  -0.7 |   0.5 |   0.2
AttGeo   | -31.6 | -31.6 | -31.6 | -31.6 | -31.6 | -31.6 | -31.6 | -31.6
AttAtm   |  -0.0 |  -0.0 |  -0.0 |  -0.0 |  -0.0 |  -0.1 |  -0.3 |  -1.0
AttRef   |   0.0 |   0.0 |   0.0 |   0.0 |   0.0 |   0.0 |   0.0 |   0.0
AttDif   |   0.0 |   0.0 |   0.0 |   0.0 |   0.0 |   0.0 |   0.0 |   0.0
AttSize  |  -0.0 |  -0.0 |  -0.0 |  -0.0 |  -0.0 |  -0.0 |  -0.0 |  -0.0
Att,F    |   0.0 |   0.0 |   0.0 |   0.0 |   0.0 |   0.0 |   0.0 |   0.0
Att,H    |   0.0 |   0.0 |   0.0 |   0.0 |   0.0 |   0.0 |   0.0 |   0.0
Lp,F     |  26.2 |  45.8 |  57.9 |  68.0 |  70.2 |  68.8 |  64.5 |  55.2
Lp,H     |  26.2 |  45.8 |  57.9 |  68.0 |  70.2 |  68.8 |  64.5 |  55.2
Leq      |  26.2 |  45.8 |  57.9 |  68.0 |  70.2 |  68.8 |  64.5 |  55.2
------------------------------------------------------------------------
Lp,F     |  74.5 dB(A)
Lp,H     |  74.5 dB(A)
Leq      |  74.5 dB(A)
------------------------------------------------------------------------

C:\Users\dvm\Projets\CNOSSOS-EU\dev\data>..\Release\TestCnossos -i="Lw freefield - soft.xml" -m="JRC-draft-2010" 
Parse file: Lw freefield - soft.xml 
Original data
------------------------------------------------------------------------
ID |       X |       Y |     Z |    G | Extension 
------------------------------------------------------------------------
00 |    0.00 |    0.00 |  0.00 | 1.00 | SRC h=0.05
01 |   10.00 |    0.00 |  0.00 | 1.00 | REC h=4.00
------------------------------------------------------------------------
Calculate path 
.Method:  JRC_draft_2010 
.Version: 2.022 
.Meteo:   JRC-2012, pFav=50.0% 
Unfolded propagation path
------------------------------------------------------------------------
ID |       D |      Z |      H |  Z_ray |    G | Mode 
------------------------------------------------------------------------
00 |    0.00 |   0.00 |   0.05 |   0.05 | 1.00 | SRC
01 |   10.00 |   0.00 |   4.00 |   4.00 | 1.00 | REC
------------------------------------------------------------------------
.1 calls to P2P calculation in 0.066726ms 
Noise levels
------------------------------------------------------------------------
Freq(Hz) |    63 |   125 |   250 |   500 |  1000 |  2000 |  4000 |  8000
------------------------------------------------------------------------
Lw       |  80.0 |  90.0 |  95.0 | 100.0 | 100.0 | 100.0 |  95.0 |  90.0
dB(A)    | -25.2 | -15.6 |  -8.4 |  -3.1 |   0.0 |   1.2 |   0.9 |  -2.4
deltaLw  |   0.0 |   0.0 |   0.0 |   0.0 |   0.0 |   0.0 |   0.0 |   0.0
AttGeo   | -31.6 | -31.6 | -31.6 | -31.6 | -31.6 | -31.6 | -31.6 | -31.6
AttAtm   |  -0.0 |  -0.0 |  -0.0 |  -0.0 |  -0.0 |  -0.1 |  -0.3 |  -1.0
AttRef   |   0.0 |   0.0 |   0.0 |   0.0 |   0.0 |   0.0 |   0.0 |   0.0
AttDif   |   0.0 |   0.0 |   0.0 |   0.0 |   0.0 |   0.0 |   0.0 |   0.0
AttSize  |   0.0 |   0.0 |   0.0 |   0.0 |   0.0 |   0.0 |   0.0 |   0.0
Att,F    |   5.8 |   5.5 |   4.8 |   3.6 |   1.3 |  -0.4 |   0.4 |   0.4
Att,H    |   5.8 |   5.5 |   4.8 |   3.6 |   1.3 |  -0.4 |   0.4 |   0.4
Lp,F     |  29.0 |  48.2 |  59.8 |  68.9 |  69.7 |  69.1 |  64.4 |  55.4
Lp,H     |  29.0 |  48.2 |  59.8 |  68.9 |  69.7 |  69.1 |  64.4 |  55.4
Leq      |  29.0 |  48.2 |  59.8 |  68.9 |  69.7 |  69.1 |  64.4 |  55.4
------------------------------------------------------------------------
Lp,F     |  74.6 dB(A)
Lp,H     |  74.6 dB(A)
Leq      |  74.6 dB(A)
------------------------------------------------------------------------

C:\Users\dvm\Projets\CNOSSOS-EU\dev\data>..\Release\TestCnossos -i="Lw hemispherical - soft.xml" -m="ISO-9613-2" 
Parse file: Lw hemispherical - soft.xml 
Original data
------------------------------------------------------------------------
ID |       X |       Y |     Z |    G | Extension 
------------------------------------------------------------------------
00 |    0.00 |    0.00 |  0.00 | 1.00 | SRC h=0.05
01 |   10.00 |    0.00 |  0.00 | 1.00 | REC h=4.00
------------------------------------------------------------------------
Calculate path 
.Method:  ISO-9613-2:1996 
.Version: 1.001 
.Meteo:   ISO-9613-2, C0=3.0 dB
Unfolded propagation path
------------------------------------------------------------------------
ID |       D |      Z |      H |  Z_ray |    G | Mode 
------------------------------------------------------------------------
00 |    0.00 |   0.00 |   0.05 |   0.05 | 1.00 | SRC
01 |   10.00 |   0.00 |   4.00 |   4.00 | 1.00 | REC
------------------------------------------------------------------------
.1 calls to P2P calculation in 0.012099ms 
Noise levels
------------------------------------------------------------------------
Freq(Hz) |    63 |   125 |   250 |   500 |  1000 |  2000 |  4000 |  8000
------------------------------------------------------------------------
Lw       |  80.0 |  90.0 |  95.0 | 100.0 | 100.0 | 100.0 |  95.0 |  90.0
dB(A)    | -25.2 | -15.6 |  -8.4 |  -3.1 |   0.0 |   1.2 |   0.9 |  -2.4
deltaLw  |   0.0 |   0.0 |   0.0 |   0.0 |   0.0 |   0.0 |   0.0 |   0.0
AttGeo   | -31.6 | -31.6 | -31.6 | -31.6 | -31.6 | -31.6 | -31.6 | -31.6
AttAtm   |  -0.0 |  -0.0 |  -0.0 |  -0.0 |  -0.0 |  -0.1 |  -0.3 |  -1.0
AttRef   |   0.0 |   0.0 |   0.0 |   0.0 |   0.0 |   0.0 |   0.0 |   0.0
AttDif   |   0.0 |   0.0 |   0.0 |   0.0 |   0.0 |   0.0 |   0.0 |   0.0
AttSize  |   0.0 |   0.0 |   0.0 |   0.0 |   0.0 |   0.0 |   0.0 |   0.0
Att,F    |   3.0 |  -0.5 |  -1.9 |  -2.5 |  -0.9 |  -0.0 |  -0.0 |  -0.0
Att,H    |  -inf |  -inf |  -inf |  -inf |  -inf |  -inf |  -inf |  -inf
Lp,F     |  26.2 |  42.3 |  53.0 |  62.7 |  67.4 |  69.5 |  64.0 |  55.0
Lp,H     |  -inf |  -inf |  -inf |  -inf |  -inf |  -inf |  -inf |  -inf
Leq      |  26.2 |  42.3 |  53.0 |  62.7 |  67.4 |  69.5 |  64.0 |  55.0
------------------------------------------------------------------------
Lp,F     |  72.9 dB(A)
Lp,H     |  -inf dB(A)
Leq      |  72.9 dB(A)
------------------------------------------------------------------------

C:\Users\dvm\Projets\CNOSSOS-EU\dev\data>..\Release\TestCnossos -i="Lw hemispherical - soft.xml" -m="JRC-2012" 
Parse file: Lw hemispherical - soft.xml 
Original data
------------------------------------------------------------------------
ID |       X |       Y |     Z |    G | Extension 
------------------------------------------------------------------------
00 |    0.00 |    0.00 |  0.00 | 1.00 | SRC h=0.05
01 |   10.00 |    0.00 |  0.00 | 1.00 | REC h=4.00
------------------------------------------------------------------------
Calculate path 
.Method:  JRC_final_2012 
.Version: 1.001 
.Meteo:   JRC-2012, pFav=50.0% 
Unfolded propagation path
------------------------------------------------------------------------
ID |       D |      Z |      H |  Z_ray |    G | Mode 
------------------------------------------------------------------------
00 |    0.00 |   0.00 |   0.05 |   0.05 | 1.00 | SRC
01 |   10.00 |   0.00 |   4.00 |   4.00 | 1.00 | REC
------------------------------------------------------------------------
.1 calls to P2P calculation in 0.019431ms 
Noise levels
------------------------------------------------------------------------
Freq(Hz) |    63 |   125 |   250 |   500 |  1000 |  2000 |  4000 |  8000
------------------------------------------------------------------------
Lw       |  80.0 |  90.0 |  95.0 | 100.0 | 100.0 | 100.0 |  95.0 |  90.0
dB(A)    | -25.2 | -15.6 |  -8.4 |  -3.1 |   0.0 |   1.2 |   0.9 |  -2.4
deltaLw  |   0.0 |   0.0 |   0.0 |   0.0 |   0.0 |   0.0 |   0.0 |   0.0
AttGeo   | -31.6 | -31.6 | -31.6 | -31.6 | -31.6 | -31.6 | -31.6 | -31.6
AttAtm   |  -0.0 |  -0.0 |  -0.0 |  -0.0 |  -0.0 |  -0.1 |  -0.3 |  -1.0
AttRef   |   0.0 |   0.0 |   0.0 |   0.0 |   0.0 |   0.0 |   0.0 |   0.0
AttDif   |   0.0 |   0.0 |   0.0 |   0.0 |   0.0 |   0.0 |   0.0 |   0.0
AttSize  |  -0.0 |  -0.0 |  -0.0 |  -0.0 |  -0.0 |  -0.0 |  -0.0 |  -0.0
Att,F    |   0.0 |   0.0 |   0.0 |   0.0 |   0.0 |   0.0 |   0.0 |   0.0
Att,H    |   0.0 |   0.0 |   0.0 |   0.0 |   0.0 |   0.0 |   0.0 |   0.0
Lp,F     |  23.2 |  42.8 |  55.0 |  65.3 |  68.3 |  69.5 |  64.0 |  55.0
Lp,H     |  23.2 |  42.8 |  55.0 |  65.3 |  68.3 |  69.5 |  64.0 |  55.0
Leq      |  23.2 |  42.8 |  55.0 |  65.3 |  68.3 |  69.5 |  64.0 |  55.0
------------------------------------------------------------------------
Lp,F     |  73.5 dB(A)
Lp,H     |  73.5 dB(A)
Leq      |  73.5 dB(A)
------------------------------------------------------------------------

C:\Users\dvm\Projets\CNOSSOS-EU\dev\data>..\Release\TestCnossos -i="Lw hemispherical - soft.xml" -m="JRC-draft-2010" 
Parse file: Lw hemispherical - soft.xml 
Original data
------------------------------------------------------------------------
ID |       X |       Y |     Z |    G | Extension 
------------------------------------------------------------------------
00 |    0.00 |    0.00 |  0.00 | 1.00 | SRC h=0.05
01 |   10.00 |    0.00 |  0.00 | 1.00 | REC h=4.00
------------------------------------------------------------------------
Calculate path 
.Method:  JRC_draft_2010 
.Version: 2.022 
.Meteo:   JRC-2012, pFav=50.0% 
Unfolded propagation path
------------------------------------------------------------------------
ID |       D |      Z |      H |  Z_ray |    G | Mode 
------------------------------------------------------------------------
00 |    0.00 |   0.00 |   0.05 |   0.05 | 1.00 | SRC
01 |   10.00 |   0.00 |   4.00 |   4.00 | 1.00 | REC
------------------------------------------------------------------------
.1 calls to P2P calculation in 0.078092ms 
Noise levels
------------------------------------------------------------------------
Freq(Hz) |    63 |   125 |   250 |   500 |  1000 |  2000 |  4000 |  8000
------------------------------------------------------------------------
Lw       |  80.0 |  90.0 |  95.0 | 100.0 | 100.0 | 100.0 |  95.0 |  90.0
dB(A)    | -25.2 | -15.6 |  -8.4 |  -3.1 |   0.0 |   1.2 |   0.9 |  -2.4
deltaLw  |  -3.0 |  -3.0 |  -2.9 |  -2.7 |  -1.8 |   0.7 |  -0.5 |  -0.2
AttGeo   | -31.6 | -31.6 | -31.6 | -31.6 | -31.6 | -31.6 | -31.6 | -31.6
AttAtm   |  -0.0 |  -0.0 |  -0.0 |  -0.0 |  -0.0 |  -0.1 |  -0.3 |  -1.0
AttRef   |   0.0 |   0.0 |   0.0 |   0.0 |   0.0 |   0.0 |   0.0 |   0.0
AttDif   |   0.0 |   0.0 |   0.0 |   0.0 |   0.0 |   0.0 |   0.0 |   0.0
AttSize  |   0.0 |   0.0 |   0.0 |   0.0 |   0.0 |   0.0 |   0.0 |   0.0
Att,F    |   5.8 |   5.5 |   4.8 |   3.6 |   1.3 |  -0.4 |   0.4 |   0.4
Att,H    |   5.8 |   5.5 |   4.8 |   3.6 |   1.3 |  -0.4 |   0.4 |   0.4
Lp,F     |  26.0 |  45.2 |  56.9 |  66.2 |  67.8 |  69.7 |  63.9 |  55.1
Lp,H     |  26.0 |  45.2 |  56.9 |  66.1 |  67.8 |  69.7 |  63.9 |  55.1
Leq      |  26.0 |  45.2 |  56.9 |  66.1 |  67.8 |  69.7 |  63.9 |  55.1
------------------------------------------------------------------------
Lp,F     |  73.6 dB(A)
Lp,H     |  73.6 dB(A)
Leq      |  73.6 dB(A)
------------------------------------------------------------------------

C:\Users\dvm\Projets\CNOSSOS-EU\dev\data>..\Release\TestCnossos -i="road traffic + segment.xml" -m="ISO-9613-2" 
Parse file: road traffic + segment.xml 
Original data
------------------------------------------------------------------------
ID |       X |       Y |     Z |    G | Extension 
------------------------------------------------------------------------
00 |    0.00 |    0.00 |  0.00 | 0.05 | SRC h=0.05
01 |    7.50 |    0.00 |  0.00 | 0.05 | 
02 |   10.00 |    0.00 |  2.50 | 0.05 | 
03 |   12.50 |    0.00 |  2.50 | 1.00 | 
04 |   15.00 |    0.00 |  0.00 | 1.00 | 
05 |  100.00 |    0.00 |  0.00 | 1.00 | REC h=4.00
------------------------------------------------------------------------
Calculate path 
.Method:  ISO-9613-2:1996 
.Version: 1.001 
.Meteo:   ISO-9613-2, C0=3.0 dB
Unfolded propagation path
------------------------------------------------------------------------
ID |       D |      Z |      H |  Z_ray |    G | Mode 
------------------------------------------------------------------------
00 |    0.00 |   0.00 |   0.05 |   0.05 | 0.05 | SRC
01 |    7.50 |   0.00 |   0.00 |   1.89 | 0.05 | 
02 |   10.00 |   2.50 |   0.00 |   2.50 | 0.05 | DIF
03 |   12.50 |   2.50 |   0.00 |   2.54 | 1.00 | 
04 |   15.00 |   0.00 |   0.00 |   2.58 | 1.00 | 
05 |  100.00 |   0.00 |   4.00 |   4.00 | 1.00 | REC
------------------------------------------------------------------------
.1 calls to P2P calculation in 0.016865ms 
Noise levels
------------------------------------------------------------------------
Freq(Hz) |    63 |   125 |   250 |   500 |  1000 |  2000 |  4000 |  8000
------------------------------------------------------------------------
Lw       | 100.5 |  96.6 |  97.9 |  96.6 |  92.1 |  89.1 |  85.3 |  81.9
dB(A)    | -25.2 | -15.6 |  -8.4 |  -3.1 |   0.0 |   1.2 |   0.9 |  -2.4
deltaLw  |   0.0 |   0.0 |   0.0 |   0.0 |   0.0 |   0.0 |   0.0 |   0.0
AttGeo   | -38.0 | -38.0 | -38.0 | -38.0 | -38.0 | -38.0 | -38.0 | -38.0
AttAtm   |  -0.0 |  -0.0 |  -0.1 |  -0.3 |  -0.5 |  -0.9 |  -2.6 |  -8.9
AttRef   |   0.0 |   0.0 |   0.0 |   0.0 |   0.0 |   0.0 |   0.0 |   0.0
AttDif   |   0.0 |   0.0 |   0.0 |   0.0 |   0.0 |   0.0 |   0.0 |   0.0
AttSize  |   0.0 |   0.0 |   0.0 |   0.0 |   0.0 |   0.0 |   0.0 |   0.0
Att,F    |  -5.7 |  -6.4 |  -7.5 |  -9.2 | -11.4 | -13.9 | -16.6 | -19.5
Att,H    |  -inf |  -inf |  -inf |  -inf |  -inf |  -inf |  -inf |  -inf
Lp,F     |  31.6 |  36.6 |  43.8 |  46.0 |  42.2 |  37.5 |  29.0 |  13.1
Lp,H     |  -inf |  -inf |  -inf |  -inf |  -inf |  -inf |  -inf |  -inf
Leq      |  29.8 |  34.8 |  42.0 |  44.2 |  40.5 |  35.7 |  27.2 |  11.3
------------------------------------------------------------------------
Lp,F     |  49.7 dB(A)
Lp,H     |  -inf dB(A)
Leq      |  47.9 dB(A)
------------------------------------------------------------------------

C:\Users\dvm\Projets\CNOSSOS-EU\dev\data>..\Release\TestCnossos -i="road traffic + segment.xml" -m="JRC-2012" 
Parse file: road traffic + segment.xml 
Original data
------------------------------------------------------------------------
ID |       X |       Y |     Z |    G | Extension 
------------------------------------------------------------------------
00 |    0.00 |    0.00 |  0.00 | 0.05 | SRC h=0.05
01 |    7.50 |    0.00 |  0.00 | 0.05 | 
02 |   10.00 |    0.00 |  2.50 | 0.05 | 
03 |   12.50 |    0.00 |  2.50 | 1.00 | 
04 |   15.00 |    0.00 |  0.00 | 1.00 | 
05 |  100.00 |    0.00 |  0.00 | 1.00 | REC h=4.00
------------------------------------------------------------------------
Calculate path 
.Method:  JRC_final_2012 
.Version: 1.001 
.Meteo:   ISO-9613-2, C0=3.0 dB
Unfolded propagation path
------------------------------------------------------------------------
ID |       D |      Z |      H |  Z_ray |    G | Mode 
------------------------------------------------------------------------
00 |    0.00 |   0.00 |   0.05 |   0.05 | 0.05 | SRC
01 |    7.50 |   0.00 |   0.00 |   1.89 | 0.05 | 
02 |   10.00 |   2.50 |   0.00 |   2.50 | 0.05 | DIF
03 |   12.50 |   2.50 |   0.00 |   2.54 | 1.00 | 
04 |   15.00 |   0.00 |   0.00 |   2.58 | 1.00 | 
05 |  100.00 |   0.00 |   4.00 |   4.00 | 1.00 | REC
------------------------------------------------------------------------
.1 calls to P2P calculation in 0.035929ms 
Noise levels
------------------------------------------------------------------------
Freq(Hz) |    63 |   125 |   250 |   500 |  1000 |  2000 |  4000 |  8000
------------------------------------------------------------------------
Lw       | 100.5 |  96.6 |  97.9 |  96.6 |  92.1 |  89.1 |  85.3 |  81.9
dB(A)    | -25.2 | -15.6 |  -8.4 |  -3.1 |   0.0 |   1.2 |   0.9 |  -2.4
deltaLw  |   0.0 |   0.0 |   0.0 |   0.0 |   0.0 |   0.0 |   0.0 |   0.0
AttGeo   | -38.0 | -38.0 | -38.0 | -38.0 | -38.0 | -38.0 | -38.0 | -38.0
AttAtm   |  -0.0 |  -0.0 |  -0.1 |  -0.3 |  -0.5 |  -0.9 |  -2.6 |  -8.9
AttRef   |   0.0 |   0.0 |   0.0 |   0.0 |   0.0 |   0.0 |   0.0 |   0.0
AttDif   |   0.0 |   0.0 |   0.0 |   0.0 |   0.0 |   0.0 |   0.0 |   0.0
AttSize  |  -0.0 |  -0.0 |  -0.0 |  -0.0 |  -0.0 |  -0.0 |  -0.0 |  -0.0
Att,F    |  -4.6 |  -6.7 |  -8.6 |  -9.8 | -12.5 | -15.3 | -18.2 | -21.1
Att,H    |  -4.6 |  -6.7 |  -8.8 | -10.1 | -12.6 | -15.4 | -18.3 | -21.3
Lp,F     |  32.7 |  36.2 |  42.7 |  45.4 |  41.2 |  36.1 |  27.5 |  11.5
Lp,H     |  32.7 |  36.2 |  42.6 |  45.1 |  41.0 |  35.9 |  27.3 |  11.3
Leq      |  30.9 |  34.5 |  41.0 |  43.6 |  39.4 |  34.3 |  25.7 |   9.7
------------------------------------------------------------------------
Lp,F     |  48.9 dB(A)
Lp,H     |  48.7 dB(A)
Leq      |  47.1 dB(A)
------------------------------------------------------------------------

C:\Users\dvm\Projets\CNOSSOS-EU\dev\data>..\Release\TestCnossos -i="road traffic + segment.xml" -m="JRC-draft-2010" 
Parse file: road traffic + segment.xml 
Original data
------------------------------------------------------------------------
ID |       X |       Y |     Z |    G | Extension 
------------------------------------------------------------------------
00 |    0.00 |    0.00 |  0.00 | 0.05 | SRC h=0.05
01 |    7.50 |    0.00 |  0.00 | 0.05 | 
02 |   10.00 |    0.00 |  2.50 | 0.05 | 
03 |   12.50 |    0.00 |  2.50 | 1.00 | 
04 |   15.00 |    0.00 |  0.00 | 1.00 | 
05 |  100.00 |    0.00 |  0.00 | 1.00 | REC h=4.00
------------------------------------------------------------------------
Calculate path 
.Method:  JRC_draft_2010 
.Version: 2.022 
.Meteo:   ISO-9613-2, C0=3.0 dB
Unfolded propagation path
------------------------------------------------------------------------
ID |       D |      Z |      H |  Z_ray |    G | Mode 
------------------------------------------------------------------------
00 |    0.00 |   0.00 |   0.05 |   0.05 | 0.05 | SRC
01 |    7.50 |   0.00 |   0.00 |   1.89 | 0.05 | 
02 |   10.00 |   2.50 |   0.00 |   2.50 | 0.05 | DIF
03 |   12.50 |   2.50 |   0.00 |   2.54 | 1.00 | 
04 |   15.00 |   0.00 |   0.00 |   2.58 | 1.00 | 
05 |  100.00 |   0.00 |   4.00 |   4.00 | 1.00 | REC
------------------------------------------------------------------------
.1 calls to P2P calculation in 0.277537ms 
Noise levels
------------------------------------------------------------------------
Freq(Hz) |    63 |   125 |   250 |   500 |  1000 |  2000 |  4000 |  8000
------------------------------------------------------------------------
Lw       | 100.5 |  96.6 |  97.9 |  96.6 |  92.1 |  89.1 |  85.3 |  81.9
dB(A)    | -25.2 | -15.6 |  -8.4 |  -3.1 |   0.0 |   1.2 |   0.9 |  -2.4
deltaLw  |  -3.0 |  -3.0 |  -2.9 |  -2.7 |  -1.8 |   0.6 |  -0.5 |  -0.3
AttGeo   | -38.0 | -38.0 | -38.0 | -38.0 | -38.0 | -38.0 | -38.0 | -38.0
AttAtm   |  -0.0 |  -0.0 |  -0.1 |  -0.3 |  -0.5 |  -0.9 |  -2.6 |  -8.9
AttRef   |   0.0 |   0.0 |   0.0 |   0.0 |   0.0 |   0.0 |   0.0 |   0.0
AttDif   |   0.0 |   0.0 |   0.0 |   0.0 |   0.0 |   0.0 |   0.0 |   0.0
AttSize  |   0.0 |   0.0 |   0.0 |   0.0 |   0.0 |   0.0 |   0.0 |   0.0
Att,F    |   3.4 |  -0.7 |  -8.5 |  -7.3 | -11.2 | -18.6 | -21.9 | -21.9
Att,H    |   3.1 |  -1.0 |  -8.5 |  -8.3 | -11.3 | -19.1 | -22.1 | -22.0
Lp,F     |  37.7 |  39.2 |  39.9 |  45.2 |  40.6 |  33.4 |  23.3 |  10.4
Lp,H     |  37.3 |  39.0 |  39.9 |  44.2 |  40.5 |  32.9 |  23.0 |  10.4
Leq      |  35.9 |  37.4 |  38.1 |  43.4 |  38.8 |  31.6 |  21.5 |   8.7
------------------------------------------------------------------------
Lp,F     |  48.5 dB(A)
Lp,H     |  48.0 dB(A)
Leq      |  46.7 dB(A)
------------------------------------------------------------------------

C:\Users\dvm\Projets\CNOSSOS-EU\dev\data>..\Release\TestCnossos -i="road traffic + segment + height.xml" -m="ISO-9613-2" 
Parse file: road traffic + segment + height.xml 
Original data
------------------------------------------------------------------------
ID |       X |       Y |     Z |    G | Extension 
------------------------------------------------------------------------
00 |    0.00 |    0.00 |  0.00 | 0.05 | SRC h=0.30
01 |    7.50 |    0.00 |  0.00 | 0.05 | 
02 |   10.00 |    0.00 |  2.50 | 0.05 | 
03 |   12.50 |    0.00 |  2.50 | 1.00 | 
04 |   15.00 |    0.00 |  0.00 | 1.00 | 
05 |  100.00 |    0.00 |  0.00 | 1.00 | REC h=4.00
------------------------------------------------------------------------
Calculate path 
.Method:  ISO-9613-2:1996 
.Version: 1.001 
.Meteo:   ISO-9613-2, C0=3.0 dB
Unfolded propagation path
------------------------------------------------------------------------
ID |       D |      Z |      H |  Z_ray |    G | Mode 
------------------------------------------------------------------------
00 |    0.00 |   0.00 |   0.30 |   0.30 | 0.05 | SRC
01 |    7.50 |   0.00 |   0.00 |   1.95 | 0.05 | 
02 |   10.00 |   2.50 |   0.00 |   2.50 | 0.05 | DIF
03 |   12.50 |   2.50 |   0.00 |   2.54 | 1.00 | 
04 |   15.00 |   0.00 |   0.00 |   2.58 | 1.00 | 
05 |  100.00 |   0.00 |   4.00 |   4.00 | 1.00 | REC
------------------------------------------------------------------------
.1 calls to P2P calculation in 0.015765ms 
Noise levels
------------------------------------------------------------------------
Freq(Hz) |    63 |   125 |   250 |   500 |  1000 |  2000 |  4000 |  8000
------------------------------------------------------------------------
Lw       | 100.5 |  96.6 |  97.9 |  96.6 |  92.1 |  89.1 |  85.3 |  81.9
dB(A)    | -25.2 | -15.6 |  -8.4 |  -3.1 |   0.0 |   1.2 |   0.9 |  -2.4
deltaLw  |   0.0 |   0.0 |   0.0 |   0.0 |   0.0 |   0.0 |   0.0 |   0.0
AttGeo   | -38.0 | -38.0 | -38.0 | -38.0 | -38.0 | -38.0 | -38.0 | -38.0
AttAtm   |  -0.0 |  -0.0 |  -0.1 |  -0.3 |  -0.5 |  -0.9 |  -2.6 |  -8.9
AttRef   |   0.0 |   0.0 |   0.0 |   0.0 |   0.0 |   0.0 |   0.0 |   0.0
AttDif   |   0.0 |   0.0 |   0.0 |   0.0 |   0.0 |   0.0 |   0.0 |   0.0
AttSize  |   0.0 |   0.0 |   0.0 |   0.0 |   0.0 |   0.0 |   0.0 |   0.0
Att,F    |  -5.5 |  -6.1 |  -7.1 |  -8.5 | -10.5 | -12.9 | -15.6 | -18.4
Att,H    |  -inf |  -inf |  -inf |  -inf |  -inf |  -inf |  -inf |  -inf
Lp,F     |  31.8 |  36.9 |  44.3 |  46.7 |  43.1 |  38.4 |  30.0 |  14.2
Lp,H     |  -inf |  -inf |  -inf |  -inf |  -inf |  -inf |  -inf |  -inf
Leq      |  30.1 |  35.2 |  42.6 |  45.0 |  41.4 |  36.7 |  28.3 |  12.5
------------------------------------------------------------------------
Lp,F     |  50.3 dB(A)
Lp,H     |  -inf dB(A)
Leq      |  48.6 dB(A)
------------------------------------------------------------------------

C:\Users\dvm\Projets\CNOSSOS-EU\dev\data>..\Release\TestCnossos -i="road traffic + segment + height.xml" -m="JRC-2012" 
Parse file: road traffic + segment + height.xml 
Original data
------------------------------------------------------------------------
ID |       X |       Y |     Z |    G | Extension 
------------------------------------------------------------------------
00 |    0.00 |    0.00 |  0.00 | 0.05 | SRC h=0.30
01 |    7.50 |    0.00 |  0.00 | 0.05 | 
02 |   10.00 |    0.00 |  2.50 | 0.05 | 
03 |   12.50 |    0.00 |  2.50 | 1.00 | 
04 |   15.00 |    0.00 |  0.00 | 1.00 | 
05 |  100.00 |    0.00 |  0.00 | 1.00 | REC h=4.00
------------------------------------------------------------------------
Calculate path 
.Method:  JRC_final_2012 
.Version: 1.001 
.Meteo:   ISO-9613-2, C0=3.0 dB
Unfolded propagation path
------------------------------------------------------------------------
ID |       D |      Z |      H |  Z_ray |    G | Mode 
------------------------------------------------------------------------
00 |    0.00 |   0.00 |   0.30 |   0.30 | 0.05 | SRC
01 |    7.50 |   0.00 |   0.00 |   1.95 | 0.05 | 
02 |   10.00 |   2.50 |   0.00 |   2.50 | 0.05 | DIF
03 |   12.50 |   2.50 |   0.00 |   2.54 | 1.00 | 
04 |   15.00 |   0.00 |   0.00 |   2.58 | 1.00 | 
05 |  100.00 |   0.00 |   4.00 |   4.00 | 1.00 | REC
------------------------------------------------------------------------
.1 calls to P2P calculation in 0.038129ms 
Noise levels
------------------------------------------------------------------------
Freq(Hz) |    63 |   125 |   250 |   500 |  1000 |  2000 |  4000 |  8000
------------------------------------------------------------------------
Lw       | 100.5 |  96.6 |  97.9 |  96.6 |  92.1 |  89.1 |  85.3 |  81.9
dB(A)    | -25.2 | -15.6 |  -8.4 |  -3.1 |   0.0 |   1.2 |   0.9 |  -2.4
deltaLw  |   0.0 |   0.0 |   0.0 |   0.0 |   0.0 |   0.0 |   0.0 |   0.0
AttGeo   | -38.0 | -38.0 | -38.0 | -38.0 | -38.0 | -38.0 | -38.0 | -38.0
AttAtm   |  -0.0 |  -0.0 |  -0.1 |  -0.3 |  -0.5 |  -0.9 |  -2.6 |  -8.9
AttRef   |   0.0 |   0.0 |   0.0 |   0.0 |   0.0 |   0.0 |   0.0 |   0.0
AttDif   |   0.0 |   0.0 |   0.0 |   0.0 |   0.0 |   0.0 |   0.0 |   0.0
AttSize  |  -0.0 |  -0.0 |  -0.0 |  -0.0 |  -0.0 |  -0.0 |  -0.0 |  -0.0
Att,F    |  -4.8 |  -6.8 |  -8.5 |  -9.5 | -11.8 | -14.6 | -17.5 | -20.4
Att,H    |  -4.8 |  -6.8 |  -8.7 |  -9.9 | -12.0 | -14.8 | -17.7 | -20.6
Lp,F     |  32.5 |  36.2 |  42.8 |  45.8 |  41.8 |  36.8 |  28.2 |  12.2
Lp,H     |  32.5 |  36.1 |  42.7 |  45.3 |  41.6 |  36.6 |  27.9 |  12.0
Leq      |  30.8 |  34.5 |  41.1 |  44.1 |  40.1 |  35.1 |  26.5 |  10.5
------------------------------------------------------------------------
Lp,F     |  49.2 dB(A)
Lp,H     |  48.9 dB(A)
Leq      |  47.5 dB(A)
------------------------------------------------------------------------

C:\Users\dvm\Projets\CNOSSOS-EU\dev\data>..\Release\TestCnossos -i="road traffic + segment + height.xml" -m="JRC-draft-2010" 
Parse file: road traffic + segment + height.xml 
Original data
------------------------------------------------------------------------
ID |       X |       Y |     Z |    G | Extension 
------------------------------------------------------------------------
00 |    0.00 |    0.00 |  0.00 | 0.05 | SRC h=0.30
01 |    7.50 |    0.00 |  0.00 | 0.05 | 
02 |   10.00 |    0.00 |  2.50 | 0.05 | 
03 |   12.50 |    0.00 |  2.50 | 1.00 | 
04 |   15.00 |    0.00 |  0.00 | 1.00 | 
05 |  100.00 |    0.00 |  0.00 | 1.00 | REC h=4.00
------------------------------------------------------------------------
Calculate path 
.Method:  JRC_draft_2010 
.Version: 2.022 
.Meteo:   ISO-9613-2, C0=3.0 dB
Unfolded propagation path
------------------------------------------------------------------------
ID |       D |      Z |      H |  Z_ray |    G | Mode 
------------------------------------------------------------------------
00 |    0.00 |   0.00 |   0.30 |   0.30 | 0.05 | SRC
01 |    7.50 |   0.00 |   0.00 |   1.95 | 0.05 | 
02 |   10.00 |   2.50 |   0.00 |   2.50 | 0.05 | DIF
03 |   12.50 |   2.50 |   0.00 |   2.54 | 1.00 | 
04 |   15.00 |   0.00 |   0.00 |   2.58 | 1.00 | 
05 |  100.00 |   0.00 |   4.00 |   4.00 | 1.00 | REC
------------------------------------------------------------------------
.1 calls to P2P calculation in 0.371026ms 
Noise levels
------------------------------------------------------------------------
Freq(Hz) |    63 |   125 |   250 |   500 |  1000 |  2000 |  4000 |  8000
------------------------------------------------------------------------
Lw       | 100.5 |  96.6 |  97.9 |  96.6 |  92.1 |  89.1 |  85.3 |  81.9
dB(A)    | -25.2 | -15.6 |  -8.4 |  -3.1 |   0.0 |   1.2 |   0.9 |  -2.4
deltaLw  |  -2.8 |  -2.3 |  -0.6 |   0.6 |   0.4 |  -0.0 |   0.0 |   0.0
AttGeo   | -38.0 | -38.0 | -38.0 | -38.0 | -38.0 | -38.0 | -38.0 | -38.0
AttAtm   |  -0.0 |  -0.0 |  -0.1 |  -0.3 |  -0.5 |  -0.9 |  -2.6 |  -8.9
AttRef   |   0.0 |   0.0 |   0.0 |   0.0 |   0.0 |   0.0 |   0.0 |   0.0
AttDif   |   0.0 |   0.0 |   0.0 |   0.0 |   0.0 |   0.0 |   0.0 |   0.0
AttSize  |   0.0 |   0.0 |   0.0 |   0.0 |   0.0 |   0.0 |   0.0 |   0.0
Att,F    |   3.3 |  -0.9 |  -9.0 |  -9.3 | -15.8 | -19.2 | -21.7 | -21.9
Att,H    |   3.0 |  -1.2 |  -9.0 | -10.3 | -16.0 | -19.7 | -22.0 | -22.0
Lp,F     |  37.8 |  39.7 |  41.8 |  46.5 |  38.2 |  32.2 |  23.9 |  10.7
Lp,H     |  37.4 |  39.4 |  41.8 |  45.5 |  38.1 |  31.6 |  23.7 |  10.6
Leq      |  36.1 |  38.0 |  40.1 |  44.8 |  36.5 |  30.5 |  22.2 |   9.0
------------------------------------------------------------------------
Lp,F     |  49.2 dB(A)
Lp,H     |  48.6 dB(A)
Leq      |  47.5 dB(A)
------------------------------------------------------------------------

C:\Users\dvm\Projets\CNOSSOS-EU\dev\data>..\Release\TestCnossos -i="point source + road traffic.xml" -m="ISO-9613-2" 
Parse file: point source + road traffic.xml 
Original data
------------------------------------------------------------------------
ID |       X |       Y |     Z |    G | Extension 
------------------------------------------------------------------------
00 |    0.00 |    0.00 |  0.00 | 0.05 | SRC h=0.05
01 |    7.50 |    0.00 |  0.00 | 0.05 | 
02 |   10.00 |    0.00 |  2.50 | 0.05 | 
03 |   12.50 |    0.00 |  2.50 | 1.00 | 
04 |   15.00 |    0.00 |  0.00 | 1.00 | 
05 |  100.00 |    0.00 |  0.00 | 1.00 | REC h=4.00
------------------------------------------------------------------------
Calculate path 
.Method:  ISO-9613-2:1996 
.Version: 1.001 
ERROR: Sound power units do not match source geometry 
No results available...
No output file generated

C:\Users\dvm\Projets\CNOSSOS-EU\dev\data>..\Release\TestCnossos -i="point source + road traffic.xml" -m="JRC-2012" 
Parse file: point source + road traffic.xml 
Original data
------------------------------------------------------------------------
ID |       X |       Y |     Z |    G | Extension 
------------------------------------------------------------------------
00 |    0.00 |    0.00 |  0.00 | 0.05 | SRC h=0.05
01 |    7.50 |    0.00 |  0.00 | 0.05 | 
02 |   10.00 |    0.00 |  2.50 | 0.05 | 
03 |   12.50 |    0.00 |  2.50 | 1.00 | 
04 |   15.00 |    0.00 |  0.00 | 1.00 | 
05 |  100.00 |    0.00 |  0.00 | 1.00 | REC h=4.00
------------------------------------------------------------------------
Calculate path 
.Method:  JRC_final_2012 
.Version: 1.001 
ERROR: Sound power units do not match source geometry 
No results available...
No output file generated

C:\Users\dvm\Projets\CNOSSOS-EU\dev\data>..\Release\TestCnossos -i="point source + road traffic.xml" -m="JRC-draft-2010" 
Parse file: point source + road traffic.xml 
Original data
------------------------------------------------------------------------
ID |       X |       Y |     Z |    G | Extension 
------------------------------------------------------------------------
00 |    0.00 |    0.00 |  0.00 | 0.05 | SRC h=0.05
01 |    7.50 |    0.00 |  0.00 | 0.05 | 
02 |   10.00 |    0.00 |  2.50 | 0.05 | 
03 |   12.50 |    0.00 |  2.50 | 1.00 | 
04 |   15.00 |    0.00 |  0.00 | 1.00 | 
05 |  100.00 |    0.00 |  0.00 | 1.00 | REC h=4.00
------------------------------------------------------------------------
Calculate path 
.Method:  JRC_draft_2010 
.Version: 2.022 
ERROR: Sound power units do not match source geometry 
No results available...
No output file generated

C:\Users\dvm\Projets\CNOSSOS-EU\dev\data>..\Release\TestCnossos -i="point source.xml" -m="ISO-9613-2" 
Parse file: point source.xml 
Original data
------------------------------------------------------------------------
ID |       X |       Y |     Z |    G | Extension 
------------------------------------------------------------------------
00 |    0.00 |    0.00 |  0.00 | 0.05 | SRC h=0.05
01 |    7.50 |    0.00 |  0.00 | 0.05 | 
02 |   10.00 |    0.00 |  2.50 | 0.05 | 
03 |   12.50 |    0.00 |  2.50 | 1.00 | 
04 |   15.00 |    0.00 |  0.00 | 1.00 | 
05 |  100.00 |    0.00 |  0.00 | 1.00 | REC h=4.00
------------------------------------------------------------------------
Calculate path 
.Method:  ISO-9613-2:1996 
.Version: 1.001 
.Meteo:   ISO-9613-2, C0=3.0 dB
Unfolded propagation path
------------------------------------------------------------------------
ID |       D |      Z |      H |  Z_ray |    G | Mode 
------------------------------------------------------------------------
00 |    0.00 |   0.00 |   0.05 |   0.05 | 0.05 | SRC
01 |    7.50 |   0.00 |   0.00 |   1.89 | 0.05 | 
02 |   10.00 |   2.50 |   0.00 |   2.50 | 0.05 | DIF
03 |   12.50 |   2.50 |   0.00 |   2.54 | 1.00 | 
04 |   15.00 |   0.00 |   0.00 |   2.58 | 1.00 | 
05 |  100.00 |   0.00 |   4.00 |   4.00 | 1.00 | REC
------------------------------------------------------------------------
.1 calls to P2P calculation in 0.019798ms 
Noise levels
------------------------------------------------------------------------
Freq(Hz) |    63 |   125 |   250 |   500 |  1000 |  2000 |  4000 |  8000
------------------------------------------------------------------------
Lw       | 100.5 |  96.6 |  97.9 |  96.6 |  92.1 |  89.1 |  85.3 |  81.9
dB(A)    | -25.2 | -15.6 |  -8.4 |  -3.1 |   0.0 |   1.2 |   0.9 |  -2.4
deltaLw  |   0.0 |   0.0 |   0.0 |   0.0 |   0.0 |   0.0 |   0.0 |   0.0
AttGeo   | -51.0 | -51.0 | -51.0 | -51.0 | -51.0 | -51.0 | -51.0 | -51.0
AttAtm   |  -0.0 |  -0.0 |  -0.1 |  -0.3 |  -0.5 |  -0.9 |  -2.6 |  -8.9
AttRef   |   0.0 |   0.0 |   0.0 |   0.0 |   0.0 |   0.0 |   0.0 |   0.0
AttDif   |   0.0 |   0.0 |   0.0 |   0.0 |   0.0 |   0.0 |   0.0 |   0.0
AttSize  |   0.0 |   0.0 |   0.0 |   0.0 |   0.0 |   0.0 |   0.0 |   0.0
Att,F    |  -5.7 |  -6.4 |  -7.5 |  -9.2 | -11.4 | -13.9 | -16.6 | -19.5
Att,H    |  -inf |  -inf |  -inf |  -inf |  -inf |  -inf |  -inf |  -inf
Lp,F     |  18.6 |  23.6 |  30.8 |  33.0 |  29.2 |  24.5 |  16.0 |   0.1
Lp,H     |  -inf |  -inf |  -inf |  -inf |  -inf |  -inf |  -inf |  -inf
Leq      |  16.9 |  21.8 |  29.1 |  31.2 |  27.5 |  22.7 |  14.2 |  -1.7
------------------------------------------------------------------------
Lp,F     |  36.7 dB(A)
Lp,H     |  -inf dB(A)
Leq      |  34.9 dB(A)
------------------------------------------------------------------------

C:\Users\dvm\Projets\CNOSSOS-EU\dev\data>..\Release\TestCnossos -i="point source.xml" -m="JRC-2012" 
Parse file: point source.xml 
Original data
------------------------------------------------------------------------
ID |       X |       Y |     Z |    G | Extension 
------------------------------------------------------------------------
00 |    0.00 |    0.00 |  0.00 | 0.05 | SRC h=0.05
01 |    7.50 |    0.00 |  0.00 | 0.05 | 
02 |   10.00 |    0.00 |  2.50 | 0.05 | 
03 |   12.50 |    0.00 |  2.50 | 1.00 | 
04 |   15.00 |    0.00 |  0.00 | 1.00 | 
05 |  100.00 |    0.00 |  0.00 | 1.00 | REC h=4.00
------------------------------------------------------------------------
Calculate path 
.Method:  JRC_final_2012 
.Version: 1.001 
.Meteo:   ISO-9613-2, C0=3.0 dB
Unfolded propagation path
------------------------------------------------------------------------
ID |       D |      Z |      H |  Z_ray |    G | Mode 
------------------------------------------------------------------------
00 |    0.00 |   0.00 |   0.05 |   0.05 | 0.05 | SRC
01 |    7.50 |   0.00 |   0.00 |   1.89 | 0.05 | 
02 |   10.00 |   2.50 |   0.00 |   2.50 | 0.05 | DIF
03 |   12.50 |   2.50 |   0.00 |   2.54 | 1.00 | 
04 |   15.00 |   0.00 |   0.00 |   2.58 | 1.00 | 
05 |  100.00 |   0.00 |   4.00 |   4.00 | 1.00 | REC
------------------------------------------------------------------------
.1 calls to P2P calculation in 0.037763ms 
Noise levels
------------------------------------------------------------------------
Freq(Hz) |    63 |   125 |   250 |   500 |  1000 |  2000 |  4000 |  8000
------------------------------------------------------------------------
Lw       | 100.5 |  96.6 |  97.9 |  96.6 |  92.1 |  89.1 |  85.3 |  81.9
dB(A)    | -25.2 | -15.6 |  -8.4 |  -3.1 |   0.0 |   1.2 |   0.9 |  -2.4
deltaLw  |   0.0 |   0.0 |   0.0 |   0.0 |   0.0 |   0.0 |   0.0 |   0.0
AttGeo   | -51.0 | -51.0 | -51.0 | -51.0 | -51.0 | -51.0 | -51.0 | -51.0
AttAtm   |  -0.0 |  -0.0 |  -0.1 |  -0.3 |  -0.5 |  -0.9 |  -2.6 |  -8.9
AttRef   |   0.0 |   0.0 |   0.0 |   0.0 |   0.0 |   0.0 |   0.0 |   0.0
AttDif   |   0.0 |   0.0 |   0.0 |   0.0 |   0.0 |   0.0 |   0.0 |   0.0
AttSize  |  -0.0 |  -0.0 |  -0.0 |  -0.0 |  -0.0 |  -0.0 |  -0.0 |  -0.0
Att,F    |  -4.6 |  -6.7 |  -8.6 |  -9.8 | -12.5 | -15.3 | -18.2 | -21.1
Att,H    |  -4.6 |  -6.7 |  -8.8 | -10.1 | -12.6 | -15.4 | -18.3 | -21.3
Lp,F     |  19.7 |  23.2 |  29.7 |  32.4 |  28.2 |  23.1 |  14.5 |  -1.5
Lp,H     |  19.7 |  23.2 |  29.6 |  32.1 |  28.0 |  22.9 |  14.3 |  -1.7
Leq      |  17.9 |  21.5 |  28.0 |  30.6 |  26.4 |  21.3 |  12.7 |  -3.3
------------------------------------------------------------------------
Lp,F     |  35.9 dB(A)
Lp,H     |  35.7 dB(A)
Leq      |  34.1 dB(A)
------------------------------------------------------------------------

C:\Users\dvm\Projets\CNOSSOS-EU\dev\data>..\Release\TestCnossos -i="point source.xml" -m="JRC-draft-2010" 
Parse file: point source.xml 
Original data
------------------------------------------------------------------------
ID |       X |       Y |     Z |    G | Extension 
------------------------------------------------------------------------
00 |    0.00 |    0.00 |  0.00 | 0.05 | SRC h=0.05
01 |    7.50 |    0.00 |  0.00 | 0.05 | 
02 |   10.00 |    0.00 |  2.50 | 0.05 | 
03 |   12.50 |    0.00 |  2.50 | 1.00 | 
04 |   15.00 |    0.00 |  0.00 | 1.00 | 
05 |  100.00 |    0.00 |  0.00 | 1.00 | REC h=4.00
------------------------------------------------------------------------
Calculate path 
.Method:  JRC_draft_2010 
.Version: 2.022 
.Meteo:   ISO-9613-2, C0=3.0 dB
Unfolded propagation path
------------------------------------------------------------------------
ID |       D |      Z |      H |  Z_ray |    G | Mode 
------------------------------------------------------------------------
00 |    0.00 |   0.00 |   0.05 |   0.05 | 0.05 | SRC
01 |    7.50 |   0.00 |   0.00 |   1.89 | 0.05 | 
02 |   10.00 |   2.50 |   0.00 |   2.50 | 0.05 | DIF
03 |   12.50 |   2.50 |   0.00 |   2.54 | 1.00 | 
04 |   15.00 |   0.00 |   0.00 |   2.58 | 1.00 | 
05 |  100.00 |   0.00 |   4.00 |   4.00 | 1.00 | REC
------------------------------------------------------------------------
.1 calls to P2P calculation in 0.288169ms 
Noise levels
------------------------------------------------------------------------
Freq(Hz) |    63 |   125 |   250 |   500 |  1000 |  2000 |  4000 |  8000
------------------------------------------------------------------------
Lw       | 100.5 |  96.6 |  97.9 |  96.6 |  92.1 |  89.1 |  85.3 |  81.9
dB(A)    | -25.2 | -15.6 |  -8.4 |  -3.1 |   0.0 |   1.2 |   0.9 |  -2.4
deltaLw  |  -3.0 |  -3.0 |  -2.9 |  -2.7 |  -1.8 |   0.6 |  -0.5 |  -0.3
AttGeo   | -51.0 | -51.0 | -51.0 | -51.0 | -51.0 | -51.0 | -51.0 | -51.0
AttAtm   |  -0.0 |  -0.0 |  -0.1 |  -0.3 |  -0.5 |  -0.9 |  -2.6 |  -8.9
AttRef   |   0.0 |   0.0 |   0.0 |   0.0 |   0.0 |   0.0 |   0.0 |   0.0
AttDif   |   0.0 |   0.0 |   0.0 |   0.0 |   0.0 |   0.0 |   0.0 |   0.0
AttSize  |   0.0 |   0.0 |   0.0 |   0.0 |   0.0 |   0.0 |   0.0 |   0.0
Att,F    |   3.4 |  -0.7 |  -8.5 |  -7.3 | -11.2 | -18.6 | -21.9 | -21.9
Att,H    |   3.1 |  -1.0 |  -8.5 |  -8.3 | -11.3 | -19.1 | -22.1 | -22.0
Lp,F     |  24.7 |  26.2 |  26.9 |  32.2 |  27.6 |  20.4 |  10.3 |  -2.6
Lp,H     |  24.4 |  26.0 |  26.9 |  31.2 |  27.5 |  19.9 |  10.0 |  -2.6
Leq      |  22.9 |  24.4 |  25.1 |  30.4 |  25.8 |  18.7 |   8.5 |  -4.3
------------------------------------------------------------------------
Lp,F     |  35.5 dB(A)
Lp,H     |  35.0 dB(A)
Leq      |  33.7 dB(A)
------------------------------------------------------------------------

C:\Users\dvm\Projets\CNOSSOS-EU\dev\data>..\Release\TestCnossos -i="line source.xml" -m="ISO-9613-2" 
Parse file: line source.xml 
Original data
------------------------------------------------------------------------
ID |       X |       Y |     Z |    G | Extension 
------------------------------------------------------------------------
00 |    0.00 |    0.00 |  0.00 | 0.05 | SRC h=0.05
01 |    7.50 |    0.00 |  0.00 | 0.05 | 
02 |   10.00 |    0.00 |  2.50 | 0.05 | 
03 |   12.50 |    0.00 |  2.50 | 1.00 | 
04 |   15.00 |    0.00 |  0.00 | 1.00 | 
05 |  100.00 |    0.00 |  0.00 | 1.00 | REC h=4.00
------------------------------------------------------------------------
Calculate path 
.Method:  ISO-9613-2:1996 
.Version: 1.001 
.Meteo:   ISO-9613-2, C0=3.0 dB
Unfolded propagation path
------------------------------------------------------------------------
ID |       D |      Z |      H |  Z_ray |    G | Mode 
------------------------------------------------------------------------
00 |    0.00 |   0.00 |   0.05 |   0.05 | 0.05 | SRC
01 |    7.50 |   0.00 |   0.00 |   1.89 | 0.05 | 
02 |   10.00 |   2.50 |   0.00 |   2.50 | 0.05 | DIF
03 |   12.50 |   2.50 |   0.00 |   2.54 | 1.00 | 
04 |   15.00 |   0.00 |   0.00 |   2.58 | 1.00 | 
05 |  100.00 |   0.00 |   4.00 |   4.00 | 1.00 | REC
------------------------------------------------------------------------
.1 calls to P2P calculation in 0.022364ms 
Noise levels
------------------------------------------------------------------------
Freq(Hz) |    63 |   125 |   250 |   500 |  1000 |  2000 |  4000 |  8000
------------------------------------------------------------------------
Lw       | 100.5 |  96.6 |  97.9 |  96.6 |  92.1 |  89.1 |  85.3 |  81.9
dB(A)    | -25.2 | -15.6 |  -8.4 |  -3.1 |   0.0 |   1.2 |   0.9 |  -2.4
deltaLw  |   0.0 |   0.0 |   0.0 |   0.0 |   0.0 |   0.0 |   0.0 |   0.0
AttGeo   | -41.0 | -41.0 | -41.0 | -41.0 | -41.0 | -41.0 | -41.0 | -41.0
AttAtm   |  -0.0 |  -0.0 |  -0.1 |  -0.3 |  -0.5 |  -0.9 |  -2.6 |  -8.9
AttRef   |   0.0 |   0.0 |   0.0 |   0.0 |   0.0 |   0.0 |   0.0 |   0.0
AttDif   |   0.0 |   0.0 |   0.0 |   0.0 |   0.0 |   0.0 |   0.0 |   0.0
AttSize  |   0.0 |   0.0 |   0.0 |   0.0 |   0.0 |   0.0 |   0.0 |   0.0
Att,F    |  -5.7 |  -6.4 |  -7.5 |  -9.2 | -11.4 | -13.9 | -16.6 | -19.5
Att,H    |  -inf |  -inf |  -inf |  -inf |  -inf |  -inf |  -inf |  -inf
Lp,F     |  28.6 |  33.6 |  40.8 |  43.0 |  39.2 |  34.5 |  26.0 |  10.1
Lp,H     |  -inf |  -inf |  -inf |  -inf |  -inf |  -inf |  -inf |  -inf
Leq      |  26.9 |  31.8 |  39.1 |  41.2 |  37.5 |  32.7 |  24.2 |   8.3
------------------------------------------------------------------------
Lp,F     |  46.7 dB(A)
Lp,H     |  -inf dB(A)
Leq      |  44.9 dB(A)
------------------------------------------------------------------------

C:\Users\dvm\Projets\CNOSSOS-EU\dev\data>..\Release\TestCnossos -i="line source.xml" -m="JRC-2012" 
Parse file: line source.xml 
Original data
------------------------------------------------------------------------
ID |       X |       Y |     Z |    G | Extension 
------------------------------------------------------------------------
00 |    0.00 |    0.00 |  0.00 | 0.05 | SRC h=0.05
01 |    7.50 |    0.00 |  0.00 | 0.05 | 
02 |   10.00 |    0.00 |  2.50 | 0.05 | 
03 |   12.50 |    0.00 |  2.50 | 1.00 | 
04 |   15.00 |    0.00 |  0.00 | 1.00 | 
05 |  100.00 |    0.00 |  0.00 | 1.00 | REC h=4.00
------------------------------------------------------------------------
Calculate path 
.Method:  JRC_final_2012 
.Version: 1.001 
.Meteo:   ISO-9613-2, C0=3.0 dB
Unfolded propagation path
------------------------------------------------------------------------
ID |       D |      Z |      H |  Z_ray |    G | Mode 
------------------------------------------------------------------------
00 |    0.00 |   0.00 |   0.05 |   0.05 | 0.05 | SRC
01 |    7.50 |   0.00 |   0.00 |   1.89 | 0.05 | 
02 |   10.00 |   2.50 |   0.00 |   2.50 | 0.05 | DIF
03 |   12.50 |   2.50 |   0.00 |   2.54 | 1.00 | 
04 |   15.00 |   0.00 |   0.00 |   2.58 | 1.00 | 
05 |  100.00 |   0.00 |   4.00 |   4.00 | 1.00 | REC
------------------------------------------------------------------------
.1 calls to P2P calculation in 0.046928ms 
Noise levels
------------------------------------------------------------------------
Freq(Hz) |    63 |   125 |   250 |   500 |  1000 |  2000 |  4000 |  8000
------------------------------------------------------------------------
Lw       | 100.5 |  96.6 |  97.9 |  96.6 |  92.1 |  89.1 |  85.3 |  81.9
dB(A)    | -25.2 | -15.6 |  -8.4 |  -3.1 |   0.0 |   1.2 |   0.9 |  -2.4
deltaLw  |   0.0 |   0.0 |   0.0 |   0.0 |   0.0 |   0.0 |   0.0 |   0.0
AttGeo   | -41.0 | -41.0 | -41.0 | -41.0 | -41.0 | -41.0 | -41.0 | -41.0
AttAtm   |  -0.0 |  -0.0 |  -0.1 |  -0.3 |  -0.5 |  -0.9 |  -2.6 |  -8.9
AttRef   |   0.0 |   0.0 |   0.0 |   0.0 |   0.0 |   0.0 |   0.0 |   0.0
AttDif   |   0.0 |   0.0 |   0.0 |   0.0 |   0.0 |   0.0 |   0.0 |   0.0
AttSize  |  -0.0 |  -0.0 |  -0.0 |  -0.0 |  -0.0 |  -0.0 |  -0.0 |  -0.0
Att,F    |  -4.6 |  -6.7 |  -8.6 |  -9.8 | -12.5 | -15.3 | -18.2 | -21.1
Att,H    |  -4.6 |  -6.7 |  -8.8 | -10.1 | -12.6 | -15.4 | -18.3 | -21.3
Lp,F     |  29.7 |  33.2 |  39.7 |  42.4 |  38.2 |  33.1 |  24.5 |   8.5
Lp,H     |  29.7 |  33.2 |  39.6 |  42.1 |  38.0 |  32.9 |  24.3 |   8.3
Leq      |  27.9 |  31.5 |  38.0 |  40.6 |  36.4 |  31.3 |  22.7 |   6.7
------------------------------------------------------------------------
Lp,F     |  45.9 dB(A)
Lp,H     |  45.7 dB(A)
Leq      |  44.1 dB(A)
------------------------------------------------------------------------

C:\Users\dvm\Projets\CNOSSOS-EU\dev\data>..\Release\TestCnossos -i="line source.xml" -m="JRC-draft-2010" 
Parse file: line source.xml 
Original data
------------------------------------------------------------------------
ID |       X |       Y |     Z |    G | Extension 
------------------------------------------------------------------------
00 |    0.00 |    0.00 |  0.00 | 0.05 | SRC h=0.05
01 |    7.50 |    0.00 |  0.00 | 0.05 | 
02 |   10.00 |    0.00 |  2.50 | 0.05 | 
03 |   12.50 |    0.00 |  2.50 | 1.00 | 
04 |   15.00 |    0.00 |  0.00 | 1.00 | 
05 |  100.00 |    0.00 |  0.00 | 1.00 | REC h=4.00
------------------------------------------------------------------------
Calculate path 
.Method:  JRC_draft_2010 
.Version: 2.022 
.Meteo:   ISO-9613-2, C0=3.0 dB
Unfolded propagation path
------------------------------------------------------------------------
ID |       D |      Z |      H |  Z_ray |    G | Mode 
------------------------------------------------------------------------
00 |    0.00 |   0.00 |   0.05 |   0.05 | 0.05 | SRC
01 |    7.50 |   0.00 |   0.00 |   1.89 | 0.05 | 
02 |   10.00 |   2.50 |   0.00 |   2.50 | 0.05 | DIF
03 |   12.50 |   2.50 |   0.00 |   2.54 | 1.00 | 
04 |   15.00 |   0.00 |   0.00 |   2.58 | 1.00 | 
05 |  100.00 |   0.00 |   4.00 |   4.00 | 1.00 | REC
------------------------------------------------------------------------
.1 calls to P2P calculation in 0.331797ms 
Noise levels
------------------------------------------------------------------------
Freq(Hz) |    63 |   125 |   250 |   500 |  1000 |  2000 |  4000 |  8000
------------------------------------------------------------------------
Lw       | 100.5 |  96.6 |  97.9 |  96.6 |  92.1 |  89.1 |  85.3 |  81.9
dB(A)    | -25.2 | -15.6 |  -8.4 |  -3.1 |   0.0 |   1.2 |   0.9 |  -2.4
deltaLw  |  -3.0 |  -3.0 |  -2.9 |  -2.7 |  -1.8 |   0.6 |  -0.5 |  -0.3
AttGeo   | -41.0 | -41.0 | -41.0 | -41.0 | -41.0 | -41.0 | -41.0 | -41.0
AttAtm   |  -0.0 |  -0.0 |  -0.1 |  -0.3 |  -0.5 |  -0.9 |  -2.6 |  -8.9
AttRef   |   0.0 |   0.0 |   0.0 |   0.0 |   0.0 |   0.0 |   0.0 |   0.0
AttDif   |   0.0 |   0.0 |   0.0 |   0.0 |   0.0 |   0.0 |   0.0 |   0.0
AttSize  |   0.0 |   0.0 |   0.0 |   0.0 |   0.0 |   0.0 |   0.0 |   0.0
Att,F    |   3.4 |  -0.7 |  -8.5 |  -7.3 | -11.2 | -18.6 | -21.9 | -21.9
Att,H    |   3.1 |  -1.0 |  -8.5 |  -8.3 | -11.3 | -19.1 | -22.1 | -22.0
Lp,F     |  34.7 |  36.2 |  36.9 |  42.2 |  37.6 |  30.4 |  20.3 |   7.4
Lp,H     |  34.4 |  36.0 |  36.9 |  41.2 |  37.5 |  29.9 |  20.0 |   7.4
Leq      |  32.9 |  34.4 |  35.1 |  40.4 |  35.8 |  28.7 |  18.5 |   5.7
------------------------------------------------------------------------
Lp,F     |  45.5 dB(A)
Lp,H     |  45.0 dB(A)
Leq      |  43.7 dB(A)
------------------------------------------------------------------------

C:\Users\dvm\Projets\CNOSSOS-EU\dev\data>..\Release\TestCnossos -i="area source.xml" -m="ISO-9613-2" 
Parse file: area source.xml 
Original data
------------------------------------------------------------------------
ID |       X |       Y |     Z |    G | Extension 
------------------------------------------------------------------------
00 |    0.00 |    0.00 |  0.00 | 0.05 | SRC h=0.05
01 |    7.50 |    0.00 |  0.00 | 0.05 | 
02 |   10.00 |    0.00 |  2.50 | 0.05 | 
03 |   12.50 |    0.00 |  2.50 | 1.00 | 
04 |   15.00 |    0.00 |  0.00 | 1.00 | 
05 |  100.00 |    0.00 |  0.00 | 1.00 | REC h=4.00
------------------------------------------------------------------------
Calculate path 
.Method:  ISO-9613-2:1996 
.Version: 1.001 
.Meteo:   ISO-9613-2, C0=3.0 dB
Unfolded propagation path
------------------------------------------------------------------------
ID |       D |      Z |      H |  Z_ray |    G | Mode 
------------------------------------------------------------------------
00 |    0.00 |   0.00 |   0.05 |   0.05 | 0.05 | SRC
01 |    7.50 |   0.00 |   0.00 |   1.89 | 0.05 | 
02 |   10.00 |   2.50 |   0.00 |   2.50 | 0.05 | DIF
03 |   12.50 |   2.50 |   0.00 |   2.54 | 1.00 | 
04 |   15.00 |   0.00 |   0.00 |   2.58 | 1.00 | 
05 |  100.00 |   0.00 |   4.00 |   4.00 | 1.00 | REC
------------------------------------------------------------------------
.1 calls to P2P calculation in 0.022364ms 
Noise levels
------------------------------------------------------------------------
Freq(Hz) |    63 |   125 |   250 |   500 |  1000 |  2000 |  4000 |  8000
------------------------------------------------------------------------
Lw       | 100.5 |  96.6 |  97.9 |  96.6 |  92.1 |  89.1 |  85.3 |  81.9
dB(A)    | -25.2 | -15.6 |  -8.4 |  -3.1 |   0.0 |   1.2 |   0.9 |  -2.4
deltaLw  |   0.0 |   0.0 |   0.0 |   0.0 |   0.0 |   0.0 |   0.0 |   0.0
AttGeo   | -41.0 | -41.0 | -41.0 | -41.0 | -41.0 | -41.0 | -41.0 | -41.0
AttAtm   |  -0.0 |  -0.0 |  -0.1 |  -0.3 |  -0.5 |  -0.9 |  -2.6 |  -8.9
AttRef   |   0.0 |   0.0 |   0.0 |   0.0 |   0.0 |   0.0 |   0.0 |   0.0
AttDif   |   0.0 |   0.0 |   0.0 |   0.0 |   0.0 |   0.0 |   0.0 |   0.0
AttSize  |   0.0 |   0.0 |   0.0 |   0.0 |   0.0 |   0.0 |   0.0 |   0.0
Att,F    |  -5.7 |  -6.4 |  -7.5 |  -9.2 | -11.4 | -13.9 | -16.6 | -19.5
Att,H    |  -inf |  -inf |  -inf |  -inf |  -inf |  -inf |  -inf |  -inf
Lp,F     |  28.6 |  33.6 |  40.8 |  43.0 |  39.2 |  34.5 |  26.0 |  10.1
Lp,H     |  -inf |  -inf |  -inf |  -inf |  -inf |  -inf |  -inf |  -inf
Leq      |  26.9 |  31.8 |  39.1 |  41.2 |  37.5 |  32.7 |  24.2 |   8.3
------------------------------------------------------------------------
Lp,F     |  46.7 dB(A)
Lp,H     |  -inf dB(A)
Leq      |  44.9 dB(A)
------------------------------------------------------------------------

C:\Users\dvm\Projets\CNOSSOS-EU\dev\data>..\Release\TestCnossos -i="area source.xml" -m="JRC-2012" 
Parse file: area source.xml 
Original data
------------------------------------------------------------------------
ID |       X |       Y |     Z |    G | Extension 
------------------------------------------------------------------------
00 |    0.00 |    0.00 |  0.00 | 0.05 | SRC h=0.05
01 |    7.50 |    0.00 |  0.00 | 0.05 | 
02 |   10.00 |    0.00 |  2.50 | 0.05 | 
03 |   12.50 |    0.00 |  2.50 | 1.00 | 
04 |   15.00 |    0.00 |  0.00 | 1.00 | 
05 |  100.00 |    0.00 |  0.00 | 1.00 | REC h=4.00
------------------------------------------------------------------------
Calculate path 
.Method:  JRC_final_2012 
.Version: 1.001 
.Meteo:   ISO-9613-2, C0=3.0 dB
Unfolded propagation path
------------------------------------------------------------------------
ID |       D |      Z |      H |  Z_ray |    G | Mode 
------------------------------------------------------------------------
00 |    0.00 |   0.00 |   0.05 |   0.05 | 0.05 | SRC
01 |    7.50 |   0.00 |   0.00 |   1.89 | 0.05 | 
02 |   10.00 |   2.50 |   0.00 |   2.50 | 0.05 | DIF
03 |   12.50 |   2.50 |   0.00 |   2.54 | 1.00 | 
04 |   15.00 |   0.00 |   0.00 |   2.58 | 1.00 | 
05 |  100.00 |   0.00 |   4.00 |   4.00 | 1.00 | REC
------------------------------------------------------------------------
.1 calls to P2P calculation in 0.038496ms 
Noise levels
------------------------------------------------------------------------
Freq(Hz) |    63 |   125 |   250 |   500 |  1000 |  2000 |  4000 |  8000
------------------------------------------------------------------------
Lw       | 100.5 |  96.6 |  97.9 |  96.6 |  92.1 |  89.1 |  85.3 |  81.9
dB(A)    | -25.2 | -15.6 |  -8.4 |  -3.1 |   0.0 |   1.2 |   0.9 |  -2.4
deltaLw  |   0.0 |   0.0 |   0.0 |   0.0 |   0.0 |   0.0 |   0.0 |   0.0
AttGeo   | -41.0 | -41.0 | -41.0 | -41.0 | -41.0 | -41.0 | -41.0 | -41.0
AttAtm   |  -0.0 |  -0.0 |  -0.1 |  -0.3 |  -0.5 |  -0.9 |  -2.6 |  -8.9
AttRef   |   0.0 |   0.0 |   0.0 |   0.0 |   0.0 |   0.0 |   0.0 |   0.0
AttDif   |   0.0 |   0.0 |   0.0 |   0.0 |   0.0 |   0.0 |   0.0 |   0.0
AttSize  |  -0.0 |  -0.0 |  -0.0 |  -0.0 |  -0.0 |  -0.0 |  -0.0 |  -0.0
Att,F    |  -4.6 |  -6.7 |  -8.6 |  -9.8 | -12.5 | -15.3 | -18.2 | -21.1
Att,H    |  -4.6 |  -6.7 |  -8.8 | -10.1 | -12.6 | -15.4 | -18.3 | -21.3
Lp,F     |  29.7 |  33.2 |  39.7 |  42.4 |  38.2 |  33.1 |  24.5 |   8.5
Lp,H     |  29.7 |  33.2 |  39.6 |  42.1 |  38.0 |  32.9 |  24.3 |   8.3
Leq      |  27.9 |  31.5 |  38.0 |  40.6 |  36.4 |  31.3 |  22.7 |   6.7
------------------------------------------------------------------------
Lp,F     |  45.9 dB(A)
Lp,H     |  45.7 dB(A)
Leq      |  44.1 dB(A)
------------------------------------------------------------------------

C:\Users\dvm\Projets\CNOSSOS-EU\dev\data>..\Release\TestCnossos -i="area source.xml" -m="JRC-draft-2010" 
Parse file: area source.xml 
Original data
------------------------------------------------------------------------
ID |       X |       Y |     Z |    G | Extension 
------------------------------------------------------------------------
00 |    0.00 |    0.00 |  0.00 | 0.05 | SRC h=0.05
01 |    7.50 |    0.00 |  0.00 | 0.05 | 
02 |   10.00 |    0.00 |  2.50 | 0.05 | 
03 |   12.50 |    0.00 |  2.50 | 1.00 | 
04 |   15.00 |    0.00 |  0.00 | 1.00 | 
05 |  100.00 |    0.00 |  0.00 | 1.00 | REC h=4.00
------------------------------------------------------------------------
Calculate path 
.Method:  JRC_draft_2010 
.Version: 2.022 
.Meteo:   ISO-9613-2, C0=3.0 dB
Unfolded propagation path
------------------------------------------------------------------------
ID |       D |      Z |      H |  Z_ray |    G | Mode 
------------------------------------------------------------------------
00 |    0.00 |   0.00 |   0.05 |   0.05 | 0.05 | SRC
01 |    7.50 |   0.00 |   0.00 |   1.89 | 0.05 | 
02 |   10.00 |   2.50 |   0.00 |   2.50 | 0.05 | DIF
03 |   12.50 |   2.50 |   0.00 |   2.54 | 1.00 | 
04 |   15.00 |   0.00 |   0.00 |   2.58 | 1.00 | 
05 |  100.00 |   0.00 |   4.00 |   4.00 | 1.00 | REC
------------------------------------------------------------------------
.1 calls to P2P calculation in 0.277903ms 
Noise levels
------------------------------------------------------------------------
Freq(Hz) |    63 |   125 |   250 |   500 |  1000 |  2000 |  4000 |  8000
------------------------------------------------------------------------
Lw       | 100.5 |  96.6 |  97.9 |  96.6 |  92.1 |  89.1 |  85.3 |  81.9
dB(A)    | -25.2 | -15.6 |  -8.4 |  -3.1 |   0.0 |   1.2 |   0.9 |  -2.4
deltaLw  |  -3.0 |  -3.0 |  -2.9 |  -2.7 |  -1.8 |   0.6 |  -0.5 |  -0.3
AttGeo   | -41.0 | -41.0 | -41.0 | -41.0 | -41.0 | -41.0 | -41.0 | -41.0
AttAtm   |  -0.0 |  -0.0 |  -0.1 |  -0.3 |  -0.5 |  -0.9 |  -2.6 |  -8.9
AttRef   |   0.0 |   0.0 |   0.0 |   0.0 |   0.0 |   0.0 |   0.0 |   0.0
AttDif   |   0.0 |   0.0 |   0.0 |   0.0 |   0.0 |   0.0 |   0.0 |   0.0
AttSize  |   0.0 |   0.0 |   0.0 |   0.0 |   0.0 |   0.0 |   0.0 |   0.0
Att,F    |   3.4 |  -0.7 |  -8.5 |  -7.3 | -11.2 | -18.6 | -21.9 | -21.9
Att,H    |   3.1 |  -1.0 |  -8.5 |  -8.3 | -11.3 | -19.1 | -22.1 | -22.0
Lp,F     |  34.7 |  36.2 |  36.9 |  42.2 |  37.6 |  30.4 |  20.3 |   7.4
Lp,H     |  34.4 |  36.0 |  36.9 |  41.2 |  37.5 |  29.9 |  20.0 |   7.4
Leq      |  32.9 |  34.4 |  35.1 |  40.4 |  35.8 |  28.7 |  18.5 |   5.7
------------------------------------------------------------------------
Lp,F     |  45.5 dB(A)
Lp,H     |  45.0 dB(A)
Leq      |  43.7 dB(A)
------------------------------------------------------------------------

C:\Users\dvm\Projets\CNOSSOS-EU\dev\data>..\Release\TestCnossos -i="reflection-mid.xml" -m="ISO-9613-2" 
Parse file: reflection-mid.xml 
Original data
------------------------------------------------------------------------
ID |       X |       Y |     Z |    G | Extension 
------------------------------------------------------------------------
00 |    0.00 |    0.00 |  0.00 | 0.00 | SRC h=0.50
01 |  -10.00 |    2.50 |  0.00 | 0.00 | 
02 |  -20.00 |    5.00 |  1.00 | 1.00 | REF h=1.50 G=0.90
03 |  -10.00 |    7.50 |  0.00 | 1.00 | 
04 |   20.00 |   15.00 |  0.00 | 1.00 | REC h=4.50
------------------------------------------------------------------------
Calculate path 
.Method:  ISO-9613-2:1996 
.Version: 1.001 
.Meteo:   ISO-9613-2, C0=3.0 dB
Unfolded propagation path
------------------------------------------------------------------------
ID |       D |      Z |      H |  Z_ray |    G | Mode 
------------------------------------------------------------------------
00 |    0.00 |   0.00 |   0.50 |   0.50 | 0.00 | SRC
01 |   10.31 |   0.00 |   0.00 |   1.17 | 0.00 | 
02 |   20.62 |   1.00 |   1.50 |   1.83 | 1.00 | REF
03 |   30.92 |   0.00 |   0.00 |   2.50 | 1.00 | 
04 |   61.85 |   0.00 |   4.50 |   4.50 | 1.00 | REC
------------------------------------------------------------------------
.1 calls to P2P calculation in 0.017231ms 
Noise levels
------------------------------------------------------------------------
Freq(Hz) |    63 |   125 |   250 |   500 |  1000 |  2000 |  4000 |  8000
------------------------------------------------------------------------
Lw       |  80.0 |  90.0 |  95.0 | 100.0 | 100.0 | 100.0 |  95.0 |  90.0
dB(A)    | -25.2 | -15.6 |  -8.4 |  -3.1 |   0.0 |   1.2 |   0.9 |  -2.4
deltaLw  |   0.0 |   0.0 |   0.0 |   0.0 |   0.0 |   0.0 |   0.0 |   0.0
AttGeo   | -46.8 | -46.8 | -46.8 | -46.8 | -46.8 | -46.8 | -46.8 | -46.8
AttAtm   |  -0.0 |  -0.0 |  -0.1 |  -0.1 |  -0.3 |  -0.5 |  -1.6 |  -5.9
AttRef   |  -0.5 |  -1.2 |  -3.0 |  -4.6 |  -7.0 |  -8.2 | -13.0 |  -8.2
AttDif   |   0.0 |   0.0 |   0.0 |   0.0 |   0.0 |   0.0 |   0.0 |   0.0
AttSize  |  -inf |  -inf |  -inf |  -inf |  -inf |  -inf |  -inf |   0.0
Att,F    |   3.0 |  -0.5 |  -1.4 |  -4.8 |  -4.4 |  -3.5 |  -3.5 |  -3.5
Att,H    |  -inf |  -inf |  -inf |  -inf |  -inf |  -inf |  -inf |  -inf
Lp,F     |  -inf |  -inf |  -inf |  -inf |  -inf |  -inf |  -inf |  23.1
Lp,H     |  -inf |  -inf |  -inf |  -inf |  -inf |  -inf |  -inf |  -inf
Leq      |  -inf |  -inf |  -inf |  -inf |  -inf |  -inf |  -inf |  22.6
------------------------------------------------------------------------
Lp,F     |  23.1 dB(A)
Lp,H     |  -inf dB(A)
Leq      |  22.6 dB(A)
------------------------------------------------------------------------

C:\Users\dvm\Projets\CNOSSOS-EU\dev\data>..\Release\TestCnossos -i="reflection-mid.xml" -m="JRC-2012" 
Parse file: reflection-mid.xml 
Original data
------------------------------------------------------------------------
ID |       X |       Y |     Z |    G | Extension 
------------------------------------------------------------------------
00 |    0.00 |    0.00 |  0.00 | 0.00 | SRC h=0.50
01 |  -10.00 |    2.50 |  0.00 | 0.00 | 
02 |  -20.00 |    5.00 |  1.00 | 1.00 | REF h=1.50 G=0.90
03 |  -10.00 |    7.50 |  0.00 | 1.00 | 
04 |   20.00 |   15.00 |  0.00 | 1.00 | REC h=4.50
------------------------------------------------------------------------
Calculate path 
.Method:  JRC_final_2012 
.Version: 1.001 
.Meteo:   JRC-2012, pFav=50.0% 
Unfolded propagation path
------------------------------------------------------------------------
ID |       D |      Z |      H |  Z_ray |    G | Mode 
------------------------------------------------------------------------
00 |    0.00 |   0.00 |   0.50 |   0.50 | 0.00 | SRC
01 |   10.31 |   0.00 |   0.00 |   1.17 | 0.00 | 
02 |   20.62 |   1.00 |   1.50 |   1.83 | 1.00 | REF
03 |   30.92 |   0.00 |   0.00 |   2.50 | 1.00 | 
04 |   61.85 |   0.00 |   4.50 |   4.50 | 1.00 | REC
------------------------------------------------------------------------
.1 calls to P2P calculation in 0.049128ms 
Noise levels
------------------------------------------------------------------------
Freq(Hz) |    63 |   125 |   250 |   500 |  1000 |  2000 |  4000 |  8000
------------------------------------------------------------------------
Lw       |  80.0 |  90.0 |  95.0 | 100.0 | 100.0 | 100.0 |  95.0 |  90.0
dB(A)    | -25.2 | -15.6 |  -8.4 |  -3.1 |   0.0 |   1.2 |   0.9 |  -2.4
deltaLw  |   0.0 |   0.0 |   0.0 |   0.0 |   0.0 |   0.0 |   0.0 |   0.0
AttGeo   | -46.8 | -46.8 | -46.8 | -46.8 | -46.8 | -46.8 | -46.8 | -46.8
AttAtm   |  -0.0 |  -0.0 |  -0.1 |  -0.1 |  -0.3 |  -0.5 |  -1.6 |  -5.9
AttRef   |  -0.5 |  -1.2 |  -3.0 |  -4.6 |  -7.0 |  -8.2 | -13.0 |  -8.2
AttDif   |   0.0 |   0.0 |   0.0 |   0.0 |   0.0 |   0.0 |   0.0 |   0.0
AttSize  |  -4.6 |  -4.4 |  -4.0 |  -3.1 |  -0.5 |  -0.0 |  -0.0 |  -0.0
Att,F    |   1.9 |   1.9 |  -1.4 |   0.8 |   1.8 |   0.2 |   1.9 |   1.9
Att,H    |   1.9 |   1.9 |  -1.8 |  -0.4 |   1.9 |   1.9 |   1.9 |   1.9
Lp,F     |   4.8 |  23.8 |  31.2 |  43.0 |  47.3 |  45.8 |  36.3 |  28.5
Lp,H     |   4.8 |  23.8 |  30.8 |  41.8 |  47.4 |  47.5 |  36.3 |  28.5
Leq      |   4.8 |  23.8 |  31.0 |  42.5 |  47.3 |  46.7 |  36.3 |  28.5
------------------------------------------------------------------------
Lp,F     |  50.7 dB(A)
Lp,H     |  51.2 dB(A)
Leq      |  51.0 dB(A)
------------------------------------------------------------------------

C:\Users\dvm\Projets\CNOSSOS-EU\dev\data>..\Release\TestCnossos -i="reflection-mid.xml" -m="JRC-draft-2010" 
Parse file: reflection-mid.xml 
Original data
------------------------------------------------------------------------
ID |       X |       Y |     Z |    G | Extension 
------------------------------------------------------------------------
00 |    0.00 |    0.00 |  0.00 | 0.00 | SRC h=0.50
01 |  -10.00 |    2.50 |  0.00 | 0.00 | 
02 |  -20.00 |    5.00 |  1.00 | 1.00 | REF h=1.50 G=0.90
03 |  -10.00 |    7.50 |  0.00 | 1.00 | 
04 |   20.00 |   15.00 |  0.00 | 1.00 | REC h=4.50
------------------------------------------------------------------------
Calculate path 
.Method:  JRC_draft_2010 
.Version: 2.022 
.Meteo:   JRC-2012, pFav=50.0% 
Unfolded propagation path
------------------------------------------------------------------------
ID |       D |      Z |      H |  Z_ray |    G | Mode 
------------------------------------------------------------------------
00 |    0.00 |   0.00 |   0.50 |   0.50 | 0.00 | SRC
01 |   10.31 |   0.00 |   0.00 |   1.17 | 0.00 | 
02 |   20.62 |   1.00 |   1.50 |   1.83 | 1.00 | REF
03 |   30.92 |   0.00 |   0.00 |   2.50 | 1.00 | 
04 |   61.85 |   0.00 |   4.50 |   4.50 | 1.00 | REC
------------------------------------------------------------------------
.1 calls to P2P calculation in 0.309433ms 
Noise levels
------------------------------------------------------------------------
Freq(Hz) |    63 |   125 |   250 |   500 |  1000 |  2000 |  4000 |  8000
------------------------------------------------------------------------
Lw       |  80.0 |  90.0 |  95.0 | 100.0 | 100.0 | 100.0 |  95.0 |  90.0
dB(A)    | -25.2 | -15.6 |  -8.4 |  -3.1 |   0.0 |   1.2 |   0.9 |  -2.4
deltaLw  |  -2.5 |  -1.2 |   1.1 |  -0.1 |   0.1 |   0.1 |   0.1 |   0.0
AttGeo   | -46.8 | -46.8 | -46.8 | -46.8 | -46.8 | -46.8 | -46.8 | -46.8
AttAtm   |  -0.0 |  -0.0 |  -0.1 |  -0.1 |  -0.3 |  -0.5 |  -1.6 |  -5.9
AttRef   |  -0.5 |  -1.2 |  -3.0 |  -4.6 |  -7.0 |  -8.2 | -13.0 |  -8.2
AttDif   |   0.0 |   0.0 |   0.0 |   0.0 |   0.0 |   0.0 |   0.0 |   0.0
AttSize  |  -6.1 |  -4.6 |  -3.1 |  -1.9 |  -1.4 |  -0.9 |  -0.3 |   0.0
Att,F    |   4.3 |   3.3 |   3.0 |   4.1 |   2.7 |  -4.8 |   3.0 |   1.8
Att,H    |   4.4 |   3.2 |   2.5 |   3.8 |   0.3 |  -4.3 |   2.0 |   1.8
Lp,F     |   3.2 |  23.7 |  37.6 |  47.5 |  47.2 |  39.9 |  37.2 |  28.5
Lp,H     |   3.2 |  23.6 |  37.1 |  47.2 |  44.9 |  40.4 |  36.2 |  28.4
Leq      |   3.2 |  23.7 |  37.4 |  47.4 |  46.2 |  40.2 |  36.7 |  28.4
------------------------------------------------------------------------
Lp,F     |  51.2 dB(A)
Lp,H     |  50.2 dB(A)
Leq      |  50.7 dB(A)
------------------------------------------------------------------------

C:\Users\dvm\Projets\CNOSSOS-EU\dev\data>..\Release\TestCnossos -i="reflection-low.xml" -m="ISO-9613-2" 
Parse file: reflection-low.xml 
Original data
------------------------------------------------------------------------
ID |       X |       Y |     Z |    G | Extension 
------------------------------------------------------------------------
00 |    0.00 |    0.00 |  0.00 | 0.00 | SRC h=0.50
01 |  -10.00 |    2.50 |  0.00 | 0.00 | 
02 |  -20.00 |    5.00 |  1.00 | 1.00 | REF h=1.50 G=0.90
03 |  -10.00 |    7.50 |  0.00 | 1.00 | 
04 |   20.00 |   15.00 |  0.00 | 1.00 | REC h=1.50
------------------------------------------------------------------------
Calculate path 
.Method:  ISO-9613-2:1996 
.Version: 1.001 
ERROR: Reflexion/diffraction below lower bound at position 2 
No results available...
No output file generated

C:\Users\dvm\Projets\CNOSSOS-EU\dev\data>..\Release\TestCnossos -i="reflection-low.xml" -m="JRC-2012" 
Parse file: reflection-low.xml 
Original data
------------------------------------------------------------------------
ID |       X |       Y |     Z |    G | Extension 
------------------------------------------------------------------------
00 |    0.00 |    0.00 |  0.00 | 0.00 | SRC h=0.50
01 |  -10.00 |    2.50 |  0.00 | 0.00 | 
02 |  -20.00 |    5.00 |  1.00 | 1.00 | REF h=1.50 G=0.90
03 |  -10.00 |    7.50 |  0.00 | 1.00 | 
04 |   20.00 |   15.00 |  0.00 | 1.00 | REC h=1.50
------------------------------------------------------------------------
Calculate path 
.Method:  JRC_final_2012 
.Version: 1.001 
.Meteo:   JRC-2012, pFav=50.0% 
Unfolded propagation path
------------------------------------------------------------------------
ID |       D |      Z |      H |  Z_ray |    G | Mode 
------------------------------------------------------------------------
00 |    0.00 |   0.00 |   0.50 |   0.50 | 0.00 | SRC
01 |   10.31 |   0.00 |   0.00 |   0.75 | 0.00 | 
02 |   20.62 |   1.00 |   1.50 |   1.00 | 1.00 | REF+DIF
03 |   30.92 |   0.00 |   0.00 |   1.13 | 1.00 | 
04 |   61.85 |   0.00 |   1.50 |   1.50 | 1.00 | REC
------------------------------------------------------------------------
.1 calls to P2P calculation in 0.046928ms 
Noise levels
------------------------------------------------------------------------
Freq(Hz) |    63 |   125 |   250 |   500 |  1000 |  2000 |  4000 |  8000
------------------------------------------------------------------------
Lw       |  80.0 |  90.0 |  95.0 | 100.0 | 100.0 | 100.0 |  95.0 |  90.0
dB(A)    | -25.2 | -15.6 |  -8.4 |  -3.1 |   0.0 |   1.2 |   0.9 |  -2.4
deltaLw  |   0.0 |   0.0 |   0.0 |   0.0 |   0.0 |   0.0 |   0.0 |   0.0
AttGeo   | -46.8 | -46.8 | -46.8 | -46.8 | -46.8 | -46.8 | -46.8 | -46.8
AttAtm   |  -0.0 |  -0.0 |  -0.1 |  -0.1 |  -0.3 |  -0.5 |  -1.6 |  -5.9
AttRef   |  -0.5 |  -1.2 |  -3.0 |  -4.6 |  -7.0 |  -8.2 | -13.0 |  -8.2
AttDif   |   0.0 |   0.0 |   0.0 |   0.0 |   0.0 |   0.0 |   0.0 |   0.0
AttSize  |  -3.5 |  -1.8 |  -0.0 |  -0.0 |  -0.0 |  -0.0 |  -0.0 |  -0.0
Att,F    |   0.5 |   0.5 |   0.5 |  -4.2 |  -5.0 |  -3.3 |   0.5 |   0.5
Att,H    |  -2.9 |  -3.0 |  -3.2 |  -5.0 |  -6.5 |  -5.8 |  -6.0 |  -5.4
Lp,F     |   4.5 |  25.0 |  37.2 |  41.2 |  40.9 |  42.3 |  34.9 |  27.2
Lp,H     |   1.1 |  21.5 |  33.5 |  40.4 |  39.4 |  39.8 |  28.4 |  21.3
Leq      |   3.1 |  23.6 |  35.7 |  40.8 |  40.3 |  41.3 |  32.8 |  25.2
------------------------------------------------------------------------
Lp,F     |  47.1 dB(A)
Lp,H     |  45.1 dB(A)
Leq      |  46.3 dB(A)
------------------------------------------------------------------------

C:\Users\dvm\Projets\CNOSSOS-EU\dev\data>..\Release\TestCnossos -i="reflection-low.xml" -m="JRC-draft-2010" 
Parse file: reflection-low.xml 
Original data
------------------------------------------------------------------------
ID |       X |       Y |     Z |    G | Extension 
------------------------------------------------------------------------
00 |    0.00 |    0.00 |  0.00 | 0.00 | SRC h=0.50
01 |  -10.00 |    2.50 |  0.00 | 0.00 | 
02 |  -20.00 |    5.00 |  1.00 | 1.00 | REF h=1.50 G=0.90
03 |  -10.00 |    7.50 |  0.00 | 1.00 | 
04 |   20.00 |   15.00 |  0.00 | 1.00 | REC h=1.50
------------------------------------------------------------------------
Calculate path 
.Method:  JRC_draft_2010 
.Version: 2.022 
.Meteo:   JRC-2012, pFav=50.0% 
Unfolded propagation path
------------------------------------------------------------------------
ID |       D |      Z |      H |  Z_ray |    G | Mode 
------------------------------------------------------------------------
00 |    0.00 |   0.00 |   0.50 |   0.50 | 0.00 | SRC
01 |   10.31 |   0.00 |   0.00 |   0.75 | 0.00 | 
02 |   20.62 |   1.00 |   1.50 |   1.00 | 1.00 | REF+DIF
03 |   30.92 |   0.00 |   0.00 |   1.13 | 1.00 | 
04 |   61.85 |   0.00 |   1.50 |   1.50 | 1.00 | REC
------------------------------------------------------------------------
.1 calls to P2P calculation in 0.235375ms 
Noise levels
------------------------------------------------------------------------
Freq(Hz) |    63 |   125 |   250 |   500 |  1000 |  2000 |  4000 |  8000
------------------------------------------------------------------------
Lw       |  80.0 |  90.0 |  95.0 | 100.0 | 100.0 | 100.0 |  95.0 |  90.0
dB(A)    | -25.2 | -15.6 |  -8.4 |  -3.1 |   0.0 |   1.2 |   0.9 |  -2.4
deltaLw  |  -2.5 |  -1.2 |   1.1 |  -0.1 |   0.1 |   0.1 |   0.1 |   0.0
AttGeo   | -46.8 | -46.8 | -46.8 | -46.8 | -46.8 | -46.8 | -46.8 | -46.8
AttAtm   |  -0.0 |  -0.0 |  -0.1 |  -0.1 |  -0.3 |  -0.5 |  -1.6 |  -5.9
AttRef   |  -0.5 |  -1.2 |  -3.0 |  -4.6 |  -7.0 |  -8.2 | -13.0 |  -8.2
AttDif   |   0.0 |   0.0 |   0.0 |   0.0 |   0.0 |   0.0 |   0.0 |   0.0
AttSize  |  -6.1 |  -4.6 |  -3.1 |  -1.6 |  -0.3 |   0.0 |   0.0 |   0.0
Att,F    |   6.5 |   5.7 |   0.5 |  -7.0 |  -6.4 |  -7.3 |  -9.5 |  -8.1
Att,H    |   6.3 |   5.5 |   0.3 |  -7.5 |  -7.2 |  -8.1 | -10.7 |  -9.6
Lp,F     |   5.4 |  26.1 |  35.2 |  36.7 |  39.4 |  38.4 |  25.0 |  18.6
Lp,H     |   5.1 |  25.9 |  35.0 |  36.2 |  38.5 |  37.6 |  23.8 |  17.1
Leq      |   5.2 |  26.0 |  35.1 |  36.5 |  39.0 |  38.0 |  24.4 |  17.9
------------------------------------------------------------------------
Lp,F     |  43.8 dB(A)
Lp,H     |  43.2 dB(A)
Leq      |  43.5 dB(A)
------------------------------------------------------------------------

C:\Users\dvm\Projets\CNOSSOS-EU\dev\data>..\Release\TestCnossos -i="reflection-high.xml" -m="ISO-9613-2" 
Parse file: reflection-high.xml 
Original data
------------------------------------------------------------------------
ID |       X |       Y |     Z |    G | Extension 
------------------------------------------------------------------------
00 |    0.00 |    0.00 |  0.00 | 0.00 | SRC h=0.50
01 |  -10.00 |    2.50 |  0.00 | 0.00 | 
02 |  -20.00 |    5.00 |  1.00 | 1.00 | REF h=1.50 G=0.90
03 |  -10.00 |    7.50 |  0.00 | 1.00 | 
04 |   20.00 |   15.00 |  0.00 | 1.00 | REC h=7.50
------------------------------------------------------------------------
Calculate path 
.Method:  ISO-9613-2:1996 
.Version: 1.001 
ERROR: Reflection/diffraction above upper bound at position 2 
No results available...
No output file generated

C:\Users\dvm\Projets\CNOSSOS-EU\dev\data>..\Release\TestCnossos -i="reflection-high.xml" -m="JRC-2012" 
Parse file: reflection-high.xml 
Original data
------------------------------------------------------------------------
ID |       X |       Y |     Z |    G | Extension 
------------------------------------------------------------------------
00 |    0.00 |    0.00 |  0.00 | 0.00 | SRC h=0.50
01 |  -10.00 |    2.50 |  0.00 | 0.00 | 
02 |  -20.00 |    5.00 |  1.00 | 1.00 | REF h=1.50 G=0.90
03 |  -10.00 |    7.50 |  0.00 | 1.00 | 
04 |   20.00 |   15.00 |  0.00 | 1.00 | REC h=7.50
------------------------------------------------------------------------
Calculate path 
.Method:  JRC_final_2012 
.Version: 1.001 
.Meteo:   JRC-2012, pFav=50.0% 
Unfolded propagation path
------------------------------------------------------------------------
ID |       D |      Z |      H |  Z_ray |    G | Mode 
------------------------------------------------------------------------
00 |    0.00 |   0.00 |   0.50 |   0.50 | 0.00 | SRC
01 |   10.31 |   0.00 |   0.00 |   1.67 | 0.00 | 
02 |   20.62 |   1.00 |   1.50 |   2.83 | 1.00 | REF+DIF
03 |   30.92 |   0.00 |   0.00 |   4.00 | 1.00 | 
04 |   61.85 |   0.00 |   7.50 |   7.50 | 1.00 | REC
------------------------------------------------------------------------
.1 calls to P2P calculation in 0.055727ms 
Noise levels
------------------------------------------------------------------------
Freq(Hz) |    63 |   125 |   250 |   500 |  1000 |  2000 |  4000 |  8000
------------------------------------------------------------------------
Lw       |  80.0 |  90.0 |  95.0 | 100.0 | 100.0 | 100.0 |  95.0 |  90.0
dB(A)    | -25.2 | -15.6 |  -8.4 |  -3.1 |   0.0 |   1.2 |   0.9 |  -2.4
deltaLw  |   0.0 |   0.0 |   0.0 |   0.0 |   0.0 |   0.0 |   0.0 |   0.0
AttGeo   | -46.9 | -46.9 | -46.9 | -46.9 | -46.9 | -46.9 | -46.9 | -46.9
AttAtm   |  -0.0 |  -0.0 |  -0.1 |  -0.1 |  -0.3 |  -0.5 |  -1.7 |  -5.9
AttRef   |  -0.5 |  -1.2 |  -3.0 |  -4.6 |  -7.0 |  -8.2 | -13.0 |  -8.2
AttDif   |   0.0 |   0.0 |   0.0 |   0.0 |   0.0 |   0.0 |   0.0 |   0.0
AttSize  |  -4.8 |  -4.9 |  -4.9 |  -5.1 |  -5.4 |  -5.9 |  -6.9 |  -8.3
Att,F    |   2.3 |   2.3 |   2.3 |   2.3 |   2.3 |   2.3 |   2.3 |   2.3
Att,H    |   2.3 |   2.3 |   2.3 |   2.3 |   2.3 |   2.3 |   2.3 |   2.3
Lp,F     |   5.0 |  23.7 |  34.0 |  42.6 |  42.8 |  41.9 |  29.8 |  20.6
Lp,H     |   5.0 |  23.7 |  34.0 |  42.6 |  42.8 |  41.9 |  29.8 |  20.6
Leq      |   5.0 |  23.7 |  34.0 |  42.6 |  42.8 |  41.9 |  29.8 |  20.6
------------------------------------------------------------------------
Lp,F     |  47.5 dB(A)
Lp,H     |  47.5 dB(A)
Leq      |  47.5 dB(A)
------------------------------------------------------------------------

C:\Users\dvm\Projets\CNOSSOS-EU\dev\data>..\Release\TestCnossos -i="reflection-high.xml" -m="JRC-draft-2010" 
Parse file: reflection-high.xml 
Original data
------------------------------------------------------------------------
ID |       X |       Y |     Z |    G | Extension 
------------------------------------------------------------------------
00 |    0.00 |    0.00 |  0.00 | 0.00 | SRC h=0.50
01 |  -10.00 |    2.50 |  0.00 | 0.00 | 
02 |  -20.00 |    5.00 |  1.00 | 1.00 | REF h=1.50 G=0.90
03 |  -10.00 |    7.50 |  0.00 | 1.00 | 
04 |   20.00 |   15.00 |  0.00 | 1.00 | REC h=7.50
------------------------------------------------------------------------
Calculate path 
.Method:  JRC_draft_2010 
.Version: 2.022 
.Meteo:   JRC-2012, pFav=50.0% 
Unfolded propagation path
------------------------------------------------------------------------
ID |       D |      Z |      H |  Z_ray |    G | Mode 
------------------------------------------------------------------------
00 |    0.00 |   0.00 |   0.50 |   0.50 | 0.00 | SRC
01 |   10.31 |   0.00 |   0.00 |   1.67 | 0.00 | 
02 |   20.62 |   1.00 |   1.50 |   2.83 | 1.00 | REF+DIF
03 |   30.92 |   0.00 |   0.00 |   4.00 | 1.00 | 
04 |   61.85 |   0.00 |   7.50 |   7.50 | 1.00 | REC
------------------------------------------------------------------------
.1 calls to P2P calculation in 0.254072ms 
Noise levels
------------------------------------------------------------------------
Freq(Hz) |    63 |   125 |   250 |   500 |  1000 |  2000 |  4000 |  8000
------------------------------------------------------------------------
Lw       |  80.0 |  90.0 |  95.0 | 100.0 | 100.0 | 100.0 |  95.0 |  90.0
dB(A)    | -25.2 | -15.6 |  -8.4 |  -3.1 |   0.0 |   1.2 |   0.9 |  -2.4
deltaLw  |  -2.5 |  -1.2 |   1.1 |  -0.1 |   0.1 |   0.1 |   0.1 |   0.0
AttGeo   | -46.9 | -46.9 | -46.9 | -46.9 | -46.9 | -46.9 | -46.9 | -46.9
AttAtm   |  -0.0 |  -0.0 |  -0.1 |  -0.1 |  -0.3 |  -0.5 |  -1.7 |  -5.9
AttRef   |  -0.5 |  -1.2 |  -3.0 |  -4.6 |  -7.0 |  -8.2 | -13.0 |  -8.2
AttDif   |   0.0 |   0.0 |   0.0 |   0.0 |   0.0 |   0.0 |   0.0 |   0.0
AttSize  |  -6.2 |  -4.7 |  -3.5 |  -3.7 |  -4.1 |  -4.6 |  -5.5 |  -7.1
Att,F    |   4.6 |   5.9 |   4.8 |   2.4 |  -1.7 |   3.0 |   2.2 |  -0.5
Att,H    |   4.3 |   5.6 |   4.8 |   2.3 |  -1.9 |   3.0 |   1.9 |   1.5
Lp,F     |   3.4 |  26.3 |  39.0 |  43.9 |  40.2 |  44.0 |  31.2 |  19.0
Lp,H     |   3.1 |  26.0 |  39.0 |  43.8 |  40.0 |  44.0 |  30.8 |  20.9
Leq      |   3.3 |  26.2 |  39.0 |  43.9 |  40.1 |  44.0 |  31.0 |  20.1
------------------------------------------------------------------------
Lp,F     |  48.4 dB(A)
Lp,H     |  48.4 dB(A)
Leq      |  48.4 dB(A)
------------------------------------------------------------------------

C:\Users\dvm\Projets\CNOSSOS-EU\dev\data>..\Release\TestCnossos -i="reflection-low-comp.xml" -m="ISO-9613-2" 
Parse file: reflection-low-comp.xml 
Original data
------------------------------------------------------------------------
ID |       X |       Y |     Z |    G | Extension 
------------------------------------------------------------------------
00 |    0.00 |    0.00 |  0.00 | 0.00 | SRC h=0.50
01 |  -10.00 |    2.50 |  0.00 | 0.00 | 
02 |  -20.00 |    5.00 |  1.00 | 1.00 | REF h=1.50 G=0.90
03 |  -10.00 |    7.50 |  0.00 | 1.00 | 
04 |   20.00 |   15.00 |  0.00 | 1.00 | REC h=1.50
------------------------------------------------------------------------
Calculate path 
.Method:  ISO-9613-2:1996 
.Version: 1.001 
ERROR: Reflexion/diffraction below lower bound at position 2 
No results available...
No output file generated

C:\Users\dvm\Projets\CNOSSOS-EU\dev\data>..\Release\TestCnossos -i="reflection-low-comp.xml" -m="JRC-2012" 
Parse file: reflection-low-comp.xml 
Original data
------------------------------------------------------------------------
ID |       X |       Y |     Z |    G | Extension 
------------------------------------------------------------------------
00 |    0.00 |    0.00 |  0.00 | 0.00 | SRC h=0.50
01 |  -10.00 |    2.50 |  0.00 | 0.00 | 
02 |  -20.00 |    5.00 |  1.00 | 1.00 | REF h=1.50 G=0.90
03 |  -10.00 |    7.50 |  0.00 | 1.00 | 
04 |   20.00 |   15.00 |  0.00 | 1.00 | REC h=1.50
------------------------------------------------------------------------
Calculate path 
.Method:  JRC_final_2012 
.Version: 1.001 
ERROR: Reflexion/diffraction below lower bound at position 2 
No results available...
No output file generated

C:\Users\dvm\Projets\CNOSSOS-EU\dev\data>..\Release\TestCnossos -i="reflection-low-comp.xml" -m="JRC-draft-2010" 
Parse file: reflection-low-comp.xml 
Original data
------------------------------------------------------------------------
ID |       X |       Y |     Z |    G | Extension 
------------------------------------------------------------------------
00 |    0.00 |    0.00 |  0.00 | 0.00 | SRC h=0.50
01 |  -10.00 |    2.50 |  0.00 | 0.00 | 
02 |  -20.00 |    5.00 |  1.00 | 1.00 | REF h=1.50 G=0.90
03 |  -10.00 |    7.50 |  0.00 | 1.00 | 
04 |   20.00 |   15.00 |  0.00 | 1.00 | REC h=1.50
------------------------------------------------------------------------
Calculate path 
.Method:  JRC_draft_2010 
.Version: 2.022 
ERROR: Reflexion/diffraction below lower bound at position 2 
No results available...
No output file generated

C:\Users\dvm\Projets\CNOSSOS-EU\dev\data>..\Release\TestCnossos -i="reflection-high-comp.xml" -m="ISO-9613-2" 
Parse file: reflection-high-comp.xml 
Original data
------------------------------------------------------------------------
ID |       X |       Y |     Z |    G | Extension 
------------------------------------------------------------------------
00 |    0.00 |    0.00 |  0.00 | 0.00 | SRC h=0.50
01 |  -10.00 |    2.50 |  0.00 | 0.00 | 
02 |  -20.00 |    5.00 |  1.00 | 1.00 | REF h=1.50 G=0.90
03 |  -10.00 |    7.50 |  0.00 | 1.00 | 
04 |   20.00 |   15.00 |  0.00 | 1.00 | REC h=7.50
------------------------------------------------------------------------
Calculate path 
.Method:  ISO-9613-2:1996 
.Version: 1.001 
ERROR: Reflection/diffraction above upper bound at position 2 
No results available...
No output file generated

C:\Users\dvm\Projets\CNOSSOS-EU\dev\data>..\Release\TestCnossos -i="reflection-high-comp.xml" -m="JRC-2012" 
Parse file: reflection-high-comp.xml 
Original data
------------------------------------------------------------------------
ID |       X |       Y |     Z |    G | Extension 
------------------------------------------------------------------------
00 |    0.00 |    0.00 |  0.00 | 0.00 | SRC h=0.50
01 |  -10.00 |    2.50 |  0.00 | 0.00 | 
02 |  -20.00 |    5.00 |  1.00 | 1.00 | REF h=1.50 G=0.90
03 |  -10.00 |    7.50 |  0.00 | 1.00 | 
04 |   20.00 |   15.00 |  0.00 | 1.00 | REC h=7.50
------------------------------------------------------------------------
Calculate path 
.Method:  JRC_final_2012 
.Version: 1.001 
ERROR: Reflection/diffraction above upper bound at position 2 
No results available...
No output file generated

C:\Users\dvm\Projets\CNOSSOS-EU\dev\data>..\Release\TestCnossos -i="reflection-high-comp.xml" -m="JRC-draft-2010" 
Parse file: reflection-high-comp.xml 
Original data
------------------------------------------------------------------------
ID |       X |       Y |     Z |    G | Extension 
------------------------------------------------------------------------
00 |    0.00 |    0.00 |  0.00 | 0.00 | SRC h=0.50
01 |  -10.00 |    2.50 |  0.00 | 0.00 | 
02 |  -20.00 |    5.00 |  1.00 | 1.00 | REF h=1.50 G=0.90
03 |  -10.00 |    7.50 |  0.00 | 1.00 | 
04 |   20.00 |   15.00 |  0.00 | 1.00 | REC h=7.50
------------------------------------------------------------------------
Calculate path 
.Method:  JRC_draft_2010 
.Version: 2.022 
ERROR: Reflection/diffraction above upper bound at position 2 
No results available...
No output file generated

C:\Users\dvm\Projets\CNOSSOS-EU\dev\data>..\Release\TestCnossos -i="lateral diffraction.xml" -m="ISO-9613-2" 
Parse file: lateral diffraction.xml 
Original data
------------------------------------------------------------------------
ID |       X |       Y |     Z |    G | Extension 
------------------------------------------------------------------------
00 |    0.00 |    0.00 |  0.00 | 0.01 | SRC h=0.50
01 |   10.00 |    2.00 |  0.00 | 0.01 | DIF h=3.00
02 |   20.00 |    2.00 |  0.00 | 0.01 | DIF h=3.00
03 |   50.00 |    0.00 |  0.00 | 0.01 | REC h=2.50
------------------------------------------------------------------------
Calculate path 
.Method:  ISO-9613-2:1996 
.Version: 1.001 
.Meteo:   ISO-9613-2, C0=3.0 dB
Unfolded propagation path
------------------------------------------------------------------------
ID |       D |      Z |      H |  Z_ray |    G | Mode 
------------------------------------------------------------------------
00 |    0.00 |   0.00 |   0.50 |   0.50 | 0.01 | SRC
01 |   10.20 |   0.00 |   3.00 |   0.91 | 0.01 | DIF.LAT
02 |   20.20 |   0.00 |   3.00 |   1.30 | 0.01 | DIF.LAT
03 |   50.26 |   0.00 |   2.50 |   2.50 | 0.01 | REC
------------------------------------------------------------------------
.1 calls to P2P calculation in 0.018331ms 
Noise levels
------------------------------------------------------------------------
Freq(Hz) |    63 |   125 |   250 |   500 |  1000 |  2000 |  4000 |  8000
------------------------------------------------------------------------
Lw       |  80.0 |  90.0 |  95.0 | 100.0 | 100.0 | 100.0 |  95.0 |  90.0
dB(A)    | -25.2 | -15.6 |  -8.4 |  -3.1 |   0.0 |   1.2 |   0.9 |  -2.4
deltaLw  |   0.0 |   0.0 |   0.0 |   0.0 |   0.0 |   0.0 |   0.0 |   0.0
AttGeo   | -45.0 | -45.0 | -45.0 | -45.0 | -45.0 | -45.0 | -45.0 | -45.0
AttAtm   |  -0.0 |  -0.0 |  -0.1 |  -0.1 |  -0.2 |  -0.5 |  -1.3 |  -4.5
AttRef   |   0.0 |   0.0 |   0.0 |   0.0 |   0.0 |   0.0 |   0.0 |   0.0
AttDif   |  -7.1 |  -9.0 | -12.3 | -16.1 | -19.6 | -22.7 | -25.7 | -28.7
AttSize  |   0.0 |   0.0 |   0.0 |   0.0 |   0.0 |   0.0 |   0.0 |   0.0
Att,F    |   3.0 |   3.0 |   2.9 |   2.9 |   2.9 |   3.0 |   3.0 |   3.0
Att,H    |  -inf |  -inf |  -inf |  -inf |  -inf |  -inf |  -inf |  -inf
Lp,F     |   5.7 |  23.3 |  32.1 |  38.5 |  38.2 |  36.0 |  26.9 |  12.4
Lp,H     |  -inf |  -inf |  -inf |  -inf |  -inf |  -inf |  -inf |  -inf
Leq      |   4.5 |  22.1 |  30.9 |  37.3 |  36.9 |  34.8 |  25.7 |  11.2
------------------------------------------------------------------------
Lp,F     |  43.0 dB(A)
Lp,H     |  -inf dB(A)
Leq      |  41.8 dB(A)
------------------------------------------------------------------------

C:\Users\dvm\Projets\CNOSSOS-EU\dev\data>..\Release\TestCnossos -i="lateral diffraction.xml" -m="JRC-2012" 
Parse file: lateral diffraction.xml 
Original data
------------------------------------------------------------------------
ID |       X |       Y |     Z |    G | Extension 
------------------------------------------------------------------------
00 |    0.00 |    0.00 |  0.00 | 0.01 | SRC h=0.50
01 |   10.00 |    2.00 |  0.00 | 0.01 | DIF h=3.00
02 |   20.00 |    2.00 |  0.00 | 0.01 | DIF h=3.00
03 |   50.00 |    0.00 |  0.00 | 0.01 | REC h=2.50
------------------------------------------------------------------------
Calculate path 
.Method:  JRC_final_2012 
.Version: 1.001 
.Meteo:   ISO-9613-2, C0=3.0 dB
Unfolded propagation path
------------------------------------------------------------------------
ID |       D |      Z |      H |  Z_ray |    G | Mode 
------------------------------------------------------------------------
00 |    0.00 |   0.00 |   0.50 |   0.50 | 0.01 | SRC
01 |   10.20 |   0.00 |   3.00 |   0.91 | 0.01 | DIF.LAT
02 |   20.20 |   0.00 |   3.00 |   1.30 | 0.01 | DIF.LAT
03 |   50.26 |   0.00 |   2.50 |   2.50 | 0.01 | REC
------------------------------------------------------------------------
.1 calls to P2P calculation in 0.026764ms 
Noise levels
------------------------------------------------------------------------
Freq(Hz) |    63 |   125 |   250 |   500 |  1000 |  2000 |  4000 |  8000
------------------------------------------------------------------------
Lw       |  80.0 |  90.0 |  95.0 | 100.0 | 100.0 | 100.0 |  95.0 |  90.0
dB(A)    | -25.2 | -15.6 |  -8.4 |  -3.1 |   0.0 |   1.2 |   0.9 |  -2.4
deltaLw  |   0.0 |   0.0 |   0.0 |   0.0 |   0.0 |   0.0 |   0.0 |   0.0
AttGeo   | -45.0 | -45.0 | -45.0 | -45.0 | -45.0 | -45.0 | -45.0 | -45.0
AttAtm   |  -0.0 |  -0.0 |  -0.1 |  -0.1 |  -0.2 |  -0.5 |  -1.3 |  -4.5
AttRef   |   0.0 |   0.0 |   0.0 |   0.0 |   0.0 |   0.0 |   0.0 |   0.0
AttDif   |  -7.1 |  -9.0 | -12.3 | -16.1 | -19.6 | -22.7 | -25.7 | -28.7
AttSize  |  -3.5 |  -1.0 |  -0.0 |  -0.0 |  -0.0 |  -0.0 |  -0.0 |  -0.0
Att,F    |   3.0 |   2.3 |   2.0 |   3.0 |   3.0 |   3.0 |   3.0 |   3.0
Att,H    |   3.0 |   2.6 |   2.1 |   2.7 |   3.0 |   3.0 |   3.0 |   3.0
Lp,F     |   2.2 |  21.6 |  31.3 |  38.6 |  38.2 |  36.0 |  26.9 |  12.4
Lp,H     |   2.2 |  21.9 |  31.3 |  38.4 |  38.2 |  36.0 |  26.9 |  12.4
Leq      |   1.0 |  20.4 |  30.1 |  37.4 |  37.0 |  34.8 |  25.7 |  11.2
------------------------------------------------------------------------
Lp,F     |  43.0 dB(A)
Lp,H     |  42.9 dB(A)
Leq      |  41.8 dB(A)
------------------------------------------------------------------------

C:\Users\dvm\Projets\CNOSSOS-EU\dev\data>..\Release\TestCnossos -i="lateral diffraction.xml" -m="JRC-draft-2010" 
Parse file: lateral diffraction.xml 
Original data
------------------------------------------------------------------------
ID |       X |       Y |     Z |    G | Extension 
------------------------------------------------------------------------
00 |    0.00 |    0.00 |  0.00 | 0.01 | SRC h=0.50
01 |   10.00 |    2.00 |  0.00 | 0.01 | DIF h=3.00
02 |   20.00 |    2.00 |  0.00 | 0.01 | DIF h=3.00
03 |   50.00 |    0.00 |  0.00 | 0.01 | REC h=2.50
------------------------------------------------------------------------
Calculate path 
.Method:  JRC_draft_2010 
.Version: 2.022 
ERROR: Invalid path, no lateral diffractions allowed
 
No results available...
No output file generated

C:\Users\dvm\Projets\CNOSSOS-EU\dev\data>..\Release\TestCnossos -i="lateral diffraction too-high.xml" -m="ISO-9613-2" 
Parse file: lateral diffraction too-high.xml 
Original data
------------------------------------------------------------------------
ID |       X |       Y |     Z |    G | Extension 
------------------------------------------------------------------------
00 |    0.00 |    0.00 |  0.00 | 0.01 | SRC h=0.50
01 |   10.00 |    2.00 |  0.00 | 0.01 | DIF h=3.00
02 |   20.00 |    2.00 |  0.00 | 0.01 | DIF h=3.00
03 |   50.00 |    0.00 |  0.00 | 0.01 | REC h=8.50
------------------------------------------------------------------------
Calculate path 
.Method:  ISO-9613-2:1996 
.Version: 1.001 
ERROR: Reflection/diffraction above upper bound at position 2 
No results available...
No output file generated

C:\Users\dvm\Projets\CNOSSOS-EU\dev\data>..\Release\TestCnossos -i="lateral diffraction too-high.xml" -m="JRC-2012" 
Parse file: lateral diffraction too-high.xml 
Original data
------------------------------------------------------------------------
ID |       X |       Y |     Z |    G | Extension 
------------------------------------------------------------------------
00 |    0.00 |    0.00 |  0.00 | 0.01 | SRC h=0.50
01 |   10.00 |    2.00 |  0.00 | 0.01 | DIF h=3.00
02 |   20.00 |    2.00 |  0.00 | 0.01 | DIF h=3.00
03 |   50.00 |    0.00 |  0.00 | 0.01 | REC h=8.50
------------------------------------------------------------------------
Calculate path 
.Method:  JRC_final_2012 
.Version: 1.001 
.Meteo:   ISO-9613-2, C0=3.0 dB
Unfolded propagation path
------------------------------------------------------------------------
ID |       D |      Z |      H |  Z_ray |    G | Mode 
------------------------------------------------------------------------
00 |    0.00 |   0.00 |   0.50 |   0.50 | 0.01 | SRC
01 |   10.20 |   0.00 |   3.00 |   2.12 | 0.01 | DIF.LAT
02 |   20.20 |   0.00 |   3.00 |   3.71 | 0.01 | DIF.LAT
03 |   50.26 |   0.00 |   8.50 |   8.50 | 0.01 | REC
------------------------------------------------------------------------
.1 calls to P2P calculation in 0.024197ms 
Noise levels
------------------------------------------------------------------------
Freq(Hz) |    63 |   125 |   250 |   500 |  1000 |  2000 |  4000 |  8000
------------------------------------------------------------------------
Lw       |  80.0 |  90.0 |  95.0 | 100.0 | 100.0 | 100.0 |  95.0 |  90.0
dB(A)    | -25.2 | -15.6 |  -8.4 |  -3.1 |   0.0 |   1.2 |   0.9 |  -2.4
deltaLw  |   0.0 |   0.0 |   0.0 |   0.0 |   0.0 |   0.0 |   0.0 |   0.0
AttGeo   | -45.1 | -45.1 | -45.1 | -45.1 | -45.1 | -45.1 | -45.1 | -45.1
AttAtm   |  -0.0 |  -0.0 |  -0.1 |  -0.1 |  -0.2 |  -0.5 |  -1.3 |  -4.5
AttRef   |   0.0 |   0.0 |   0.0 |   0.0 |   0.0 |   0.0 |   0.0 |   0.0
AttDif   |  -7.1 |  -9.0 | -12.3 | -16.1 | -19.6 | -22.7 | -25.7 | -28.7
AttSize  |  -9.2 |  -8.9 |  -7.8 |  -6.2 |  -7.3 |  -8.9 | -11.0 | -13.4
Att,F    |   3.0 |   3.0 |   3.0 |   3.0 |   3.0 |   3.0 |   3.0 |   3.0
Att,H    |   3.0 |   3.0 |   3.0 |   3.0 |   3.0 |   3.0 |   3.0 |   3.0
Lp,F     |  -3.7 |  14.3 |  24.3 |  32.3 |  30.8 |  27.0 |  15.8 |  -1.2
Lp,H     |  -3.7 |  14.3 |  24.3 |  32.3 |  30.8 |  27.0 |  15.8 |  -1.2
Leq      |  -3.7 |  14.3 |  24.3 |  32.3 |  30.8 |  27.0 |  15.8 |  -1.2
------------------------------------------------------------------------
Lp,F     |  35.7 dB(A)
Lp,H     |  35.7 dB(A)
Leq      |  35.7 dB(A)
------------------------------------------------------------------------

C:\Users\dvm\Projets\CNOSSOS-EU\dev\data>..\Release\TestCnossos -i="lateral diffraction too-high.xml" -m="JRC-draft-2010" 
Parse file: lateral diffraction too-high.xml 
Original data
------------------------------------------------------------------------
ID |       X |       Y |     Z |    G | Extension 
------------------------------------------------------------------------
00 |    0.00 |    0.00 |  0.00 | 0.01 | SRC h=0.50
01 |   10.00 |    2.00 |  0.00 | 0.01 | DIF h=3.00
02 |   20.00 |    2.00 |  0.00 | 0.01 | DIF h=3.00
03 |   50.00 |    0.00 |  0.00 | 0.01 | REC h=8.50
------------------------------------------------------------------------
Calculate path 
.Method:  JRC_draft_2010 
.Version: 2.022 
ERROR: Invalid path, no lateral diffractions allowed
 
No results available...
No output file generated

C:\Users\dvm\Projets\CNOSSOS-EU\dev\data>..\Release\TestCnossos -i="lateral diffraction not-convex.xml" -m="ISO-9613-2" 
Parse file: lateral diffraction not-convex.xml 
Original data
------------------------------------------------------------------------
ID |       X |       Y |     Z |    G | Extension 
------------------------------------------------------------------------
00 |    0.00 |    0.00 |  0.00 | 0.01 | SRC h=0.50
01 |   10.00 |    2.00 |  0.00 | 0.01 | DIF h=3.00
02 |   20.00 |    2.00 |  0.00 | 0.01 | DIF h=3.00
03 |   50.00 |    5.00 |  0.00 | 0.01 | REC h=2.50
------------------------------------------------------------------------
Calculate path 
.Method:  ISO-9613-2:1996 
.Version: 1.001 
ERROR: Invalid laterally diffracted path (not convex) 
No results available...
No output file generated

C:\Users\dvm\Projets\CNOSSOS-EU\dev\data>..\Release\TestCnossos -i="lateral diffraction not-convex.xml" -m="JRC-2012" 
Parse file: lateral diffraction not-convex.xml 
Original data
------------------------------------------------------------------------
ID |       X |       Y |     Z |    G | Extension 
------------------------------------------------------------------------
00 |    0.00 |    0.00 |  0.00 | 0.01 | SRC h=0.50
01 |   10.00 |    2.00 |  0.00 | 0.01 | DIF h=3.00
02 |   20.00 |    2.00 |  0.00 | 0.01 | DIF h=3.00
03 |   50.00 |    5.00 |  0.00 | 0.01 | REC h=2.50
------------------------------------------------------------------------
Calculate path 
.Method:  JRC_final_2012 
.Version: 1.001 
ERROR: Invalid laterally diffracted path (not convex) 
No results available...
No output file generated

C:\Users\dvm\Projets\CNOSSOS-EU\dev\data>..\Release\TestCnossos -i="lateral diffraction not-convex.xml" -m="JRC-draft-2010" 
Parse file: lateral diffraction not-convex.xml 
Original data
------------------------------------------------------------------------
ID |       X |       Y |     Z |    G | Extension 
------------------------------------------------------------------------
00 |    0.00 |    0.00 |  0.00 | 0.01 | SRC h=0.50
01 |   10.00 |    2.00 |  0.00 | 0.01 | DIF h=3.00
02 |   20.00 |    2.00 |  0.00 | 0.01 | DIF h=3.00
03 |   50.00 |    5.00 |  0.00 | 0.01 | REC h=2.50
------------------------------------------------------------------------
Calculate path 
.Method:  JRC_draft_2010 
.Version: 2.022 
ERROR: Invalid path, no lateral diffractions allowed
 
No results available...
No output file generated

C:\Users\dvm\Projets\CNOSSOS-EU\dev\data>..\Release\TestCnossos -i="rec_to_source.xml" -m="ISO-9613-2" 
Parse file: rec_to_source.xml 
Original data
------------------------------------------------------------------------
ID |       X |       Y |     Z |    G | Extension 
------------------------------------------------------------------------
00 |  100.00 |    0.00 |  0.00 | 1.00 | REC h=2.50
01 |   10.00 |    0.00 |  0.00 | 1.00 | 
02 |    0.00 |    0.00 |  0.00 | 0.00 | SRC h=0.50
------------------------------------------------------------------------
Calculate path 
.Method:  ISO-9613-2:1996 
.Version: 1.001 
.Meteo:   ISO-9613-2, C0=3.0 dB
Unfolded propagation path
------------------------------------------------------------------------
ID |       D |      Z |      H |  Z_ray |    G | Mode 
------------------------------------------------------------------------
00 |    0.00 |   0.00 |   2.50 |   2.50 | 1.00 | REC
01 |   90.00 |   0.00 |   0.00 |   0.70 | 1.00 | DIF.BLOS
02 |  100.00 |   0.00 |   0.50 |   0.50 | 0.00 | SRC
------------------------------------------------------------------------
.1 calls to P2P calculation in 0.017965ms 
Noise levels
------------------------------------------------------------------------
Freq(Hz) |    63 |   125 |   250 |   500 |  1000 |  2000 |  4000 |  8000
------------------------------------------------------------------------
Lw       |  80.0 |  90.0 |  95.0 | 100.0 | 100.0 | 100.0 |  95.0 |  90.0
dB(A)    | -25.2 | -15.6 |  -8.4 |  -3.1 |   0.0 |   1.2 |   0.9 |  -2.4
deltaLw  |   0.0 |   0.0 |   0.0 |   0.0 |   0.0 |   0.0 |   0.0 |   0.0
AttGeo   | -51.0 | -51.0 | -51.0 | -51.0 | -51.0 | -51.0 | -51.0 | -51.0
AttAtm   |  -0.0 |  -0.0 |  -0.1 |  -0.2 |  -0.4 |  -0.9 |  -2.7 |  -9.5
AttRef   |   0.0 |   0.0 |   0.0 |   0.0 |   0.0 |   0.0 |   0.0 |   0.0
AttDif   |   0.0 |   0.0 |   0.0 |   0.0 |   0.0 |   0.0 |   0.0 |   0.0
AttSize  |   0.0 |   0.0 |   0.0 |   0.0 |   0.0 |   0.0 |   0.0 |   0.0
Att,F    |   3.3 |  -0.4 |  -5.7 |  -3.3 |  -0.2 |   1.0 |   1.0 |   1.0
Att,H    |  -inf |  -inf |  -inf |  -inf |  -inf |  -inf |  -inf |  -inf
Lp,F     |   7.1 |  22.9 |  29.8 |  42.4 |  48.4 |  50.3 |  43.2 |  28.1
Lp,H     |  -inf |  -inf |  -inf |  -inf |  -inf |  -inf |  -inf |  -inf
Leq      |   5.0 |  20.8 |  27.7 |  40.3 |  46.3 |  48.2 |  41.1 |  26.0
------------------------------------------------------------------------
Lp,F     |  53.4 dB(A)
Lp,H     |  -inf dB(A)
Leq      |  51.3 dB(A)
------------------------------------------------------------------------

C:\Users\dvm\Projets\CNOSSOS-EU\dev\data>..\Release\TestCnossos -i="rec_to_source.xml" -m="JRC-2012" 
Parse file: rec_to_source.xml 
Original data
------------------------------------------------------------------------
ID |       X |       Y |     Z |    G | Extension 
------------------------------------------------------------------------
00 |  100.00 |    0.00 |  0.00 | 1.00 | REC h=2.50
01 |   10.00 |    0.00 |  0.00 | 1.00 | 
02 |    0.00 |    0.00 |  0.00 | 0.00 | SRC h=0.50
------------------------------------------------------------------------
Calculate path 
.Method:  JRC_final_2012 
.Version: 1.001 
.Meteo:   ISO-9613-2, C0=3.0 dB
Unfolded propagation path
------------------------------------------------------------------------
ID |       D |      Z |      H |  Z_ray |    G | Mode 
------------------------------------------------------------------------
00 |    0.00 |   0.00 |   0.50 |   0.50 | 0.00 | SRC
01 |   10.00 |   0.00 |   0.00 |   0.70 | 0.00 | DIF.BLOS
02 |  100.00 |   0.00 |   2.50 |   2.50 | 1.00 | REC
------------------------------------------------------------------------
.1 calls to P2P calculation in 0.037396ms 
Noise levels
------------------------------------------------------------------------
Freq(Hz) |    63 |   125 |   250 |   500 |  1000 |  2000 |  4000 |  8000
------------------------------------------------------------------------
Lw       |  80.0 |  90.0 |  95.0 | 100.0 | 100.0 | 100.0 |  95.0 |  90.0
dB(A)    | -25.2 | -15.6 |  -8.4 |  -3.1 |   0.0 |   1.2 |   0.9 |  -2.4
deltaLw  |   0.0 |   0.0 |   0.0 |   0.0 |   0.0 |   0.0 |   0.0 |   0.0
AttGeo   | -51.0 | -51.0 | -51.0 | -51.0 | -51.0 | -51.0 | -51.0 | -51.0
AttAtm   |  -0.0 |  -0.0 |  -0.1 |  -0.2 |  -0.4 |  -0.9 |  -2.7 |  -9.5
AttRef   |   0.0 |   0.0 |   0.0 |   0.0 |   0.0 |   0.0 |   0.0 |   0.0
AttDif   |   0.0 |   0.0 |   0.0 |   0.0 |   0.0 |   0.0 |   0.0 |   0.0
AttSize  |  -0.0 |  -0.0 |  -0.0 |  -0.0 |  -0.0 |  -0.0 |  -0.0 |  -0.0
Att,F    |   0.3 |   0.3 |   0.3 |  -3.2 |  -4.6 |   0.3 |   0.3 |   0.3
Att,H    |   0.3 |   0.3 |   0.3 |  -5.3 | -10.4 |  -2.6 |   0.3 |   0.3
Lp,F     |   4.1 |  23.7 |  35.8 |  42.5 |  44.0 |  49.6 |  42.5 |  27.4
Lp,H     |   4.1 |  23.7 |  35.8 |  40.4 |  38.2 |  46.8 |  42.5 |  27.4
Leq      |   2.0 |  21.6 |  33.7 |  40.4 |  41.9 |  47.5 |  40.4 |  25.3
------------------------------------------------------------------------
Lp,F     |  52.0 dB(A)
Lp,H     |  49.4 dB(A)
Leq      |  49.9 dB(A)
------------------------------------------------------------------------

C:\Users\dvm\Projets\CNOSSOS-EU\dev\data>..\Release\TestCnossos -i="rec_to_source.xml" -m="JRC-draft-2010" 
Parse file: rec_to_source.xml 
Original data
------------------------------------------------------------------------
ID |       X |       Y |     Z |    G | Extension 
------------------------------------------------------------------------
00 |  100.00 |    0.00 |  0.00 | 1.00 | REC h=2.50
01 |   10.00 |    0.00 |  0.00 | 1.00 | 
02 |    0.00 |    0.00 |  0.00 | 0.00 | SRC h=0.50
------------------------------------------------------------------------
Calculate path 
.Method:  JRC_draft_2010 
.Version: 2.022 
.Meteo:   ISO-9613-2, C0=3.0 dB
Unfolded propagation path
------------------------------------------------------------------------
ID |       D |      Z |      H |  Z_ray |    G | Mode 
------------------------------------------------------------------------
00 |    0.00 |   0.00 |   2.50 |   2.50 | 1.00 | REC
01 |   90.00 |   0.00 |   0.00 |   0.70 | 1.00 | DIF.BLOS
02 |  100.00 |   0.00 |   0.50 |   0.50 | 0.00 | SRC
------------------------------------------------------------------------
.1 calls to P2P calculation in 0.093490ms 
Noise levels
------------------------------------------------------------------------
Freq(Hz) |    63 |   125 |   250 |   500 |  1000 |  2000 |  4000 |  8000
------------------------------------------------------------------------
Lw       |  80.0 |  90.0 |  95.0 | 100.0 | 100.0 | 100.0 |  95.0 |  90.0
dB(A)    | -25.2 | -15.6 |  -8.4 |  -3.1 |   0.0 |   1.2 |   0.9 |  -2.4
deltaLw  |  -2.5 |  -1.2 |   1.1 |  -0.1 |   0.1 |   0.1 |   0.1 |   0.0
AttGeo   | -51.0 | -51.0 | -51.0 | -51.0 | -51.0 | -51.0 | -51.0 | -51.0
AttAtm   |  -0.0 |  -0.0 |  -0.1 |  -0.2 |  -0.4 |  -0.9 |  -2.7 |  -9.5
AttRef   |   0.0 |   0.0 |   0.0 |   0.0 |   0.0 |   0.0 |   0.0 |   0.0
AttDif   |   0.0 |   0.0 |   0.0 |   0.0 |   0.0 |   0.0 |   0.0 |   0.0
AttSize  |   0.0 |   0.0 |   0.0 |   0.0 |   0.0 |   0.0 |   0.0 |   0.0
Att,F    |   6.0 |   4.7 |  -0.9 |  -8.2 |  -3.4 |   2.0 |   2.8 |   3.0
Att,H    |   5.7 |   4.3 |  -1.0 |  -8.8 |  -5.6 |  -0.1 |   2.4 |   2.8
Lp,F     |   7.2 |  26.8 |  35.6 |  37.4 |  45.3 |  51.4 |  45.1 |  30.1
Lp,H     |   6.9 |  26.5 |  35.5 |  36.7 |  43.1 |  49.3 |  44.7 |  29.9
Leq      |   5.1 |  24.7 |  33.5 |  35.3 |  43.2 |  49.3 |  43.0 |  28.0
------------------------------------------------------------------------
Lp,F     |  53.3 dB(A)
Lp,H     |  51.6 dB(A)
Leq      |  51.2 dB(A)
------------------------------------------------------------------------

C:\Users\dvm\Projets\CNOSSOS-EU\dev\data>..\Release\TestCnossos -i="source_to_rec.xml" -m="ISO-9613-2" 
Parse file: source_to_rec.xml 
Original data
------------------------------------------------------------------------
ID |       X |       Y |     Z |    G | Extension 
------------------------------------------------------------------------
00 |  100.00 |    0.00 |  0.00 | 1.00 | REC h=2.50
01 |   10.00 |    0.00 |  0.00 | 1.00 | 
02 |    0.00 |    0.00 |  0.00 | 0.00 | SRC h=0.50
------------------------------------------------------------------------
Calculate path 
.Method:  ISO-9613-2:1996 
.Version: 1.001 
.Meteo:   ISO-9613-2, C0=3.0 dB
Unfolded propagation path
------------------------------------------------------------------------
ID |       D |      Z |      H |  Z_ray |    G | Mode 
------------------------------------------------------------------------
00 |    0.00 |   0.00 |   0.50 |   0.50 | 0.00 | SRC
01 |   10.00 |   0.00 |   0.00 |   0.70 | 0.00 | DIF.BLOS
02 |  100.00 |   0.00 |   2.50 |   2.50 | 1.00 | REC
------------------------------------------------------------------------
.1 calls to P2P calculation in 0.015765ms 
Noise levels
------------------------------------------------------------------------
Freq(Hz) |    63 |   125 |   250 |   500 |  1000 |  2000 |  4000 |  8000
------------------------------------------------------------------------
Lw       |  80.0 |  90.0 |  95.0 | 100.0 | 100.0 | 100.0 |  95.0 |  90.0
dB(A)    | -25.2 | -15.6 |  -8.4 |  -3.1 |   0.0 |   1.2 |   0.9 |  -2.4
deltaLw  |   0.0 |   0.0 |   0.0 |   0.0 |   0.0 |   0.0 |   0.0 |   0.0
AttGeo   | -51.0 | -51.0 | -51.0 | -51.0 | -51.0 | -51.0 | -51.0 | -51.0
AttAtm   |  -0.0 |  -0.0 |  -0.1 |  -0.2 |  -0.4 |  -0.9 |  -2.7 |  -9.5
AttRef   |   0.0 |   0.0 |   0.0 |   0.0 |   0.0 |   0.0 |   0.0 |   0.0
AttDif   |   0.0 |   0.0 |   0.0 |   0.0 |   0.0 |   0.0 |   0.0 |   0.0
AttSize  |   0.0 |   0.0 |   0.0 |   0.0 |   0.0 |   0.0 |   0.0 |   0.0
Att,F    |   3.3 |  -0.4 |  -5.7 |  -3.3 |  -0.2 |   1.0 |   1.0 |   1.0
Att,H    |  -inf |  -inf |  -inf |  -inf |  -inf |  -inf |  -inf |  -inf
Lp,F     |   7.1 |  22.9 |  29.8 |  42.4 |  48.4 |  50.3 |  43.2 |  28.1
Lp,H     |  -inf |  -inf |  -inf |  -inf |  -inf |  -inf |  -inf |  -inf
Leq      |   5.0 |  20.8 |  27.7 |  40.3 |  46.3 |  48.2 |  41.1 |  26.0
------------------------------------------------------------------------
Lp,F     |  53.4 dB(A)
Lp,H     |  -inf dB(A)
Leq      |  51.3 dB(A)
------------------------------------------------------------------------

C:\Users\dvm\Projets\CNOSSOS-EU\dev\data>..\Release\TestCnossos -i="source_to_rec.xml" -m="JRC-2012" 
Parse file: source_to_rec.xml 
Original data
------------------------------------------------------------------------
ID |       X |       Y |     Z |    G | Extension 
------------------------------------------------------------------------
00 |  100.00 |    0.00 |  0.00 | 1.00 | REC h=2.50
01 |   10.00 |    0.00 |  0.00 | 1.00 | 
02 |    0.00 |    0.00 |  0.00 | 0.00 | SRC h=0.50
------------------------------------------------------------------------
Calculate path 
.Method:  JRC_final_2012 
.Version: 1.001 
.Meteo:   ISO-9613-2, C0=3.0 dB
Unfolded propagation path
------------------------------------------------------------------------
ID |       D |      Z |      H |  Z_ray |    G | Mode 
------------------------------------------------------------------------
00 |    0.00 |   0.00 |   0.50 |   0.50 | 0.00 | SRC
01 |   10.00 |   0.00 |   0.00 |   0.70 | 0.00 | DIF.BLOS
02 |  100.00 |   0.00 |   2.50 |   2.50 | 1.00 | REC
------------------------------------------------------------------------
.1 calls to P2P calculation in 0.036663ms 
Noise levels
------------------------------------------------------------------------
Freq(Hz) |    63 |   125 |   250 |   500 |  1000 |  2000 |  4000 |  8000
------------------------------------------------------------------------
Lw       |  80.0 |  90.0 |  95.0 | 100.0 | 100.0 | 100.0 |  95.0 |  90.0
dB(A)    | -25.2 | -15.6 |  -8.4 |  -3.1 |   0.0 |   1.2 |   0.9 |  -2.4
deltaLw  |   0.0 |   0.0 |   0.0 |   0.0 |   0.0 |   0.0 |   0.0 |   0.0
AttGeo   | -51.0 | -51.0 | -51.0 | -51.0 | -51.0 | -51.0 | -51.0 | -51.0
AttAtm   |  -0.0 |  -0.0 |  -0.1 |  -0.2 |  -0.4 |  -0.9 |  -2.7 |  -9.5
AttRef   |   0.0 |   0.0 |   0.0 |   0.0 |   0.0 |   0.0 |   0.0 |   0.0
AttDif   |   0.0 |   0.0 |   0.0 |   0.0 |   0.0 |   0.0 |   0.0 |   0.0
AttSize  |  -0.0 |  -0.0 |  -0.0 |  -0.0 |  -0.0 |  -0.0 |  -0.0 |  -0.0
Att,F    |   0.3 |   0.3 |   0.3 |  -3.2 |  -4.6 |   0.3 |   0.3 |   0.3
Att,H    |   0.3 |   0.3 |   0.3 |  -5.3 | -10.4 |  -2.6 |   0.3 |   0.3
Lp,F     |   4.1 |  23.7 |  35.8 |  42.5 |  44.0 |  49.6 |  42.5 |  27.4
Lp,H     |   4.1 |  23.7 |  35.8 |  40.4 |  38.2 |  46.8 |  42.5 |  27.4
Leq      |   2.0 |  21.6 |  33.7 |  40.4 |  41.9 |  47.5 |  40.4 |  25.3
------------------------------------------------------------------------
Lp,F     |  52.0 dB(A)
Lp,H     |  49.4 dB(A)
Leq      |  49.9 dB(A)
------------------------------------------------------------------------

C:\Users\dvm\Projets\CNOSSOS-EU\dev\data>..\Release\TestCnossos -i="source_to_rec.xml" -m="JRC-draft-2010" 
Parse file: source_to_rec.xml 
Original data
------------------------------------------------------------------------
ID |       X |       Y |     Z |    G | Extension 
------------------------------------------------------------------------
00 |  100.00 |    0.00 |  0.00 | 1.00 | REC h=2.50
01 |   10.00 |    0.00 |  0.00 | 1.00 | 
02 |    0.00 |    0.00 |  0.00 | 0.00 | SRC h=0.50
------------------------------------------------------------------------
Calculate path 
.Method:  JRC_draft_2010 
.Version: 2.022 
.Meteo:   ISO-9613-2, C0=3.0 dB
Unfolded propagation path
------------------------------------------------------------------------
ID |       D |      Z |      H |  Z_ray |    G | Mode 
------------------------------------------------------------------------
00 |    0.00 |   0.00 |   0.50 |   0.50 | 0.00 | SRC
01 |   10.00 |   0.00 |   0.00 |   0.70 | 0.00 | DIF.BLOS
02 |  100.00 |   0.00 |   2.50 |   2.50 | 1.00 | REC
------------------------------------------------------------------------
.1 calls to P2P calculation in 0.094590ms 
Noise levels
------------------------------------------------------------------------
Freq(Hz) |    63 |   125 |   250 |   500 |  1000 |  2000 |  4000 |  8000
------------------------------------------------------------------------
Lw       |  80.0 |  90.0 |  95.0 | 100.0 | 100.0 | 100.0 |  95.0 |  90.0
dB(A)    | -25.2 | -15.6 |  -8.4 |  -3.1 |   0.0 |   1.2 |   0.9 |  -2.4
deltaLw  |  -2.5 |  -1.2 |   1.1 |  -0.1 |   0.1 |   0.1 |   0.1 |   0.0
AttGeo   | -51.0 | -51.0 | -51.0 | -51.0 | -51.0 | -51.0 | -51.0 | -51.0
AttAtm   |  -0.0 |  -0.0 |  -0.1 |  -0.2 |  -0.4 |  -0.9 |  -2.7 |  -9.5
AttRef   |   0.0 |   0.0 |   0.0 |   0.0 |   0.0 |   0.0 |   0.0 |   0.0
AttDif   |   0.0 |   0.0 |   0.0 |   0.0 |   0.0 |   0.0 |   0.0 |   0.0
AttSize  |   0.0 |   0.0 |   0.0 |   0.0 |   0.0 |   0.0 |   0.0 |   0.0
Att,F    |   6.0 |   4.7 |  -0.9 |  -8.2 |  -3.4 |   2.0 |   2.8 |   3.0
Att,H    |   5.7 |   4.3 |  -1.0 |  -8.8 |  -5.6 |  -0.1 |   2.4 |   2.8
Lp,F     |   7.2 |  26.8 |  35.6 |  37.4 |  45.3 |  51.4 |  45.1 |  30.1
Lp,H     |   6.9 |  26.5 |  35.5 |  36.7 |  43.1 |  49.3 |  44.7 |  29.9
Leq      |   5.1 |  24.7 |  33.5 |  35.3 |  43.2 |  49.3 |  43.0 |  28.0
------------------------------------------------------------------------
Lp,F     |  53.3 dB(A)
Lp,H     |  51.6 dB(A)
Leq      |  51.2 dB(A)
------------------------------------------------------------------------

C:\Users\dvm\Projets\CNOSSOS-EU\dev\data>..\Release\TestCnossos -i="simplify terrain off.xml" -m="ISO-9613-2" 
Parse file: simplify terrain off.xml 
Original data
------------------------------------------------------------------------
ID |       X |       Y |     Z |    G | Extension 
------------------------------------------------------------------------
00 |    0.00 |    0.00 |  0.00 | 0.00 | SRC h=0.50
01 |   10.00 |    0.00 |  0.00 | 0.00 | 
02 |   20.00 |    0.00 |  0.20 | 1.00 | 
03 |   30.00 |    0.00 | -0.20 | 1.00 | 
04 |   40.00 |    0.00 |  0.30 | 1.00 | 
05 |   50.00 |    0.00 | -0.30 | 1.00 | 
06 |   60.00 |    0.00 |  0.10 | 1.00 | 
07 |   70.00 |    0.00 | -0.40 | 1.00 | 
08 |   80.00 |    0.00 |  0.00 | 1.00 | 
09 |   90.00 |    0.00 | -0.30 | 1.00 | 
10 |  100.00 |    0.00 |  0.00 | 1.00 | REC h=2.50
------------------------------------------------------------------------
Calculate path 
.Method:  ISO-9613-2:1996 
.Version: 1.001 
.Meteo:   ISO-9613-2, C0=3.0 dB
Unfolded propagation path
------------------------------------------------------------------------
ID |       D |      Z |      H |  Z_ray |    G | Mode 
------------------------------------------------------------------------
00 |    0.00 |   0.00 |   0.50 |   0.50 | 0.00 | SRC
01 |   10.00 |   0.00 |   0.00 |   0.70 | 0.00 | 
02 |   20.00 |   0.20 |   0.00 |   0.90 | 1.00 | DIF.BLOS
03 |   30.00 |  -0.20 |   0.00 |   1.10 | 1.00 | 
04 |   40.00 |   0.30 |   0.00 |   1.30 | 1.00 | 
05 |   50.00 |  -0.30 |   0.00 |   1.50 | 1.00 | 
06 |   60.00 |   0.10 |   0.00 |   1.70 | 1.00 | 
07 |   70.00 |  -0.40 |   0.00 |   1.90 | 1.00 | 
08 |   80.00 |   0.00 |   0.00 |   2.10 | 1.00 | 
09 |   90.00 |  -0.30 |   0.00 |   2.30 | 1.00 | 
10 |  100.00 |   0.00 |   2.50 |   2.50 | 1.00 | REC
------------------------------------------------------------------------
.1 calls to P2P calculation in 0.016498ms 
Noise levels
------------------------------------------------------------------------
Freq(Hz) |    63 |   125 |   250 |   500 |  1000 |  2000 |  4000 |  8000
------------------------------------------------------------------------
Lw       |  80.0 |  90.0 |  95.0 | 100.0 | 100.0 | 100.0 |  95.0 |  90.0
dB(A)    | -25.2 | -15.6 |  -8.4 |  -3.1 |   0.0 |   1.2 |   0.9 |  -2.4
deltaLw  |   0.0 |   0.0 |   0.0 |   0.0 |   0.0 |   0.0 |   0.0 |   0.0
AttGeo   | -51.0 | -51.0 | -51.0 | -51.0 | -51.0 | -51.0 | -51.0 | -51.0
AttAtm   |  -0.0 |  -0.0 |  -0.1 |  -0.2 |  -0.4 |  -0.9 |  -2.7 |  -9.5
AttRef   |   0.0 |   0.0 |   0.0 |   0.0 |   0.0 |   0.0 |   0.0 |   0.0
AttDif   |   0.0 |   0.0 |   0.0 |   0.0 |   0.0 |   0.0 |   0.0 |   0.0
AttSize  |   0.0 |   0.0 |   0.0 |   0.0 |   0.0 |   0.0 |   0.0 |   0.0
Att,F    |   3.3 |  -0.4 |  -5.7 |  -3.3 |  -0.2 |   1.0 |  -3.8 |  -3.8
Att,H    |  -inf |  -inf |  -inf |  -inf |  -inf |  -inf |  -inf |  -inf
Lp,F     |   7.1 |  22.9 |  29.8 |  42.4 |  48.4 |  50.3 |  38.5 |  23.3
Lp,H     |  -inf |  -inf |  -inf |  -inf |  -inf |  -inf |  -inf |  -inf
Leq      |   5.0 |  20.8 |  27.7 |  40.3 |  46.3 |  48.2 |  36.4 |  21.2
------------------------------------------------------------------------
Lp,F     |  53.1 dB(A)
Lp,H     |  -inf dB(A)
Leq      |  51.0 dB(A)
------------------------------------------------------------------------

C:\Users\dvm\Projets\CNOSSOS-EU\dev\data>..\Release\TestCnossos -i="simplify terrain off.xml" -m="JRC-2012" 
Parse file: simplify terrain off.xml 
Original data
------------------------------------------------------------------------
ID |       X |       Y |     Z |    G | Extension 
------------------------------------------------------------------------
00 |    0.00 |    0.00 |  0.00 | 0.00 | SRC h=0.50
01 |   10.00 |    0.00 |  0.00 | 0.00 | 
02 |   20.00 |    0.00 |  0.20 | 1.00 | 
03 |   30.00 |    0.00 | -0.20 | 1.00 | 
04 |   40.00 |    0.00 |  0.30 | 1.00 | 
05 |   50.00 |    0.00 | -0.30 | 1.00 | 
06 |   60.00 |    0.00 |  0.10 | 1.00 | 
07 |   70.00 |    0.00 | -0.40 | 1.00 | 
08 |   80.00 |    0.00 |  0.00 | 1.00 | 
09 |   90.00 |    0.00 | -0.30 | 1.00 | 
10 |  100.00 |    0.00 |  0.00 | 1.00 | REC h=2.50
------------------------------------------------------------------------
Calculate path 
.Method:  JRC_final_2012 
.Version: 1.001 
.Meteo:   JRC-2012, pFav=50.0% 
Unfolded propagation path
------------------------------------------------------------------------
ID |       D |      Z |      H |  Z_ray |    G | Mode 
------------------------------------------------------------------------
00 |    0.00 |   0.00 |   0.50 |   0.50 | 0.00 | SRC
01 |   10.00 |   0.00 |   0.00 |   0.70 | 0.00 | 
02 |   20.00 |   0.20 |   0.00 |   0.90 | 1.00 | DIF.BLOS
03 |   30.00 |  -0.20 |   0.00 |   1.10 | 1.00 | 
04 |   40.00 |   0.30 |   0.00 |   1.30 | 1.00 | 
05 |   50.00 |  -0.30 |   0.00 |   1.50 | 1.00 | 
06 |   60.00 |   0.10 |   0.00 |   1.70 | 1.00 | 
07 |   70.00 |  -0.40 |   0.00 |   1.90 | 1.00 | 
08 |   80.00 |   0.00 |   0.00 |   2.10 | 1.00 | 
09 |   90.00 |  -0.30 |   0.00 |   2.30 | 1.00 | 
10 |  100.00 |   0.00 |   2.50 |   2.50 | 1.00 | REC
------------------------------------------------------------------------
.1 calls to P2P calculation in 0.049128ms 
Noise levels
------------------------------------------------------------------------
Freq(Hz) |    63 |   125 |   250 |   500 |  1000 |  2000 |  4000 |  8000
------------------------------------------------------------------------
Lw       |  80.0 |  90.0 |  95.0 | 100.0 | 100.0 | 100.0 |  95.0 |  90.0
dB(A)    | -25.2 | -15.6 |  -8.4 |  -3.1 |   0.0 |   1.2 |   0.9 |  -2.4
deltaLw  |   0.0 |   0.0 |   0.0 |   0.0 |   0.0 |   0.0 |   0.0 |   0.0
AttGeo   | -51.0 | -51.0 | -51.0 | -51.0 | -51.0 | -51.0 | -51.0 | -51.0
AttAtm   |  -0.0 |  -0.0 |  -0.1 |  -0.2 |  -0.4 |  -0.9 |  -2.7 |  -9.5
AttRef   |   0.0 |   0.0 |   0.0 |   0.0 |   0.0 |   0.0 |   0.0 |   0.0
AttDif   |   0.0 |   0.0 |   0.0 |   0.0 |   0.0 |   0.0 |   0.0 |   0.0
AttSize  |  -0.0 |  -0.0 |  -0.0 |  -0.0 |  -0.0 |  -0.0 |  -0.0 |  -0.0
Att,F    |   0.3 |   0.3 |   0.3 |  -2.2 |  -5.3 |   0.3 |   0.3 |   0.3
Att,H    |   0.3 |   0.3 |   0.3 |  -4.4 | -10.4 |  -3.7 |   0.3 |   0.3
Lp,F     |   4.1 |  23.7 |  35.8 |  43.5 |  43.3 |  49.6 |  42.5 |  27.4
Lp,H     |   4.1 |  23.7 |  35.8 |  41.3 |  38.2 |  45.6 |  42.5 |  27.4
Leq      |   4.1 |  23.7 |  35.8 |  42.5 |  41.5 |  48.1 |  42.5 |  27.4
------------------------------------------------------------------------
Lp,F     |  52.0 dB(A)
Lp,H     |  49.0 dB(A)
Leq      |  50.7 dB(A)
------------------------------------------------------------------------

C:\Users\dvm\Projets\CNOSSOS-EU\dev\data>..\Release\TestCnossos -i="simplify terrain off.xml" -m="JRC-draft-2010" 
Parse file: simplify terrain off.xml 
Original data
------------------------------------------------------------------------
ID |       X |       Y |     Z |    G | Extension 
------------------------------------------------------------------------
00 |    0.00 |    0.00 |  0.00 | 0.00 | SRC h=0.50
01 |   10.00 |    0.00 |  0.00 | 0.00 | 
02 |   20.00 |    0.00 |  0.20 | 1.00 | 
03 |   30.00 |    0.00 | -0.20 | 1.00 | 
04 |   40.00 |    0.00 |  0.30 | 1.00 | 
05 |   50.00 |    0.00 | -0.30 | 1.00 | 
06 |   60.00 |    0.00 |  0.10 | 1.00 | 
07 |   70.00 |    0.00 | -0.40 | 1.00 | 
08 |   80.00 |    0.00 |  0.00 | 1.00 | 
09 |   90.00 |    0.00 | -0.30 | 1.00 | 
10 |  100.00 |    0.00 |  0.00 | 1.00 | REC h=2.50
------------------------------------------------------------------------
Calculate path 
.Method:  JRC_draft_2010 
.Version: 2.022 
.Meteo:   JRC-2012, pFav=50.0% 
Unfolded propagation path
------------------------------------------------------------------------
ID |       D |      Z |      H |  Z_ray |    G | Mode 
------------------------------------------------------------------------
00 |    0.00 |   0.00 |   0.50 |   0.50 | 0.00 | SRC
01 |   10.00 |   0.00 |   0.00 |   0.70 | 0.00 | 
02 |   20.00 |   0.20 |   0.00 |   0.90 | 1.00 | DIF.BLOS
03 |   30.00 |  -0.20 |   0.00 |   1.10 | 1.00 | 
04 |   40.00 |   0.30 |   0.00 |   1.30 | 1.00 | 
05 |   50.00 |  -0.30 |   0.00 |   1.50 | 1.00 | 
06 |   60.00 |   0.10 |   0.00 |   1.70 | 1.00 | 
07 |   70.00 |  -0.40 |   0.00 |   1.90 | 1.00 | 
08 |   80.00 |   0.00 |   0.00 |   2.10 | 1.00 | 
09 |   90.00 |  -0.30 |   0.00 |   2.30 | 1.00 | 
10 |  100.00 |   0.00 |   2.50 |   2.50 | 1.00 | REC
------------------------------------------------------------------------
.1 calls to P2P calculation in 0.480281ms 
Noise levels
------------------------------------------------------------------------
Freq(Hz) |    63 |   125 |   250 |   500 |  1000 |  2000 |  4000 |  8000
------------------------------------------------------------------------
Lw       |  80.0 |  90.0 |  95.0 | 100.0 | 100.0 | 100.0 |  95.0 |  90.0
dB(A)    | -25.2 | -15.6 |  -8.4 |  -3.1 |   0.0 |   1.2 |   0.9 |  -2.4
deltaLw  |  -2.5 |  -1.2 |   1.1 |  -0.1 |   0.1 |   0.1 |   0.1 |   0.0
AttGeo   | -51.0 | -51.0 | -51.0 | -51.0 | -51.0 | -51.0 | -51.0 | -51.0
AttAtm   |  -0.0 |  -0.0 |  -0.1 |  -0.2 |  -0.4 |  -0.9 |  -2.7 |  -9.5
AttRef   |   0.0 |   0.0 |   0.0 |   0.0 |   0.0 |   0.0 |   0.0 |   0.0
AttDif   |   0.0 |   0.0 |   0.0 |   0.0 |   0.0 |   0.0 |   0.0 |   0.0
AttSize  |   0.0 |   0.0 |   0.0 |   0.0 |   0.0 |   0.0 |   0.0 |   0.0
Att,F    |   5.7 |   3.8 |  -1.2 |  -6.5 |  -5.9 |  -2.6 |   0.1 |   3.7
Att,H    |   5.5 |   3.6 |  -1.6 |  -7.4 |  -7.7 |  -4.4 |  -1.0 |   1.8
Lp,F     |   6.9 |  25.9 |  35.4 |  39.1 |  42.8 |  46.8 |  42.4 |  30.8
Lp,H     |   6.7 |  25.8 |  35.0 |  38.2 |  40.9 |  45.0 |  41.3 |  28.9
Leq      |   6.8 |  25.9 |  35.2 |  38.7 |  42.0 |  46.0 |  41.9 |  29.9
------------------------------------------------------------------------
Lp,F     |  49.9 dB(A)
Lp,H     |  48.3 dB(A)
Leq      |  49.2 dB(A)
------------------------------------------------------------------------

C:\Users\dvm\Projets\CNOSSOS-EU\dev\data>..\Release\TestCnossos -i="simplify terrain on.xml" -m="ISO-9613-2" 
Parse file: simplify terrain on.xml 
Original data
------------------------------------------------------------------------
ID |       X |       Y |     Z |    G | Extension 
------------------------------------------------------------------------
00 |    0.00 |    0.00 |  0.00 | 0.00 | SRC h=0.50
01 |   10.00 |    0.00 |  0.00 | 0.00 | 
02 |   20.00 |    0.00 |  0.20 | 1.00 | 
03 |   30.00 |    0.00 | -0.20 | 1.00 | 
04 |   40.00 |    0.00 |  0.30 | 1.00 | 
05 |   50.00 |    0.00 | -0.30 | 1.00 | 
06 |   60.00 |    0.00 |  0.10 | 1.00 | 
07 |   70.00 |    0.00 | -0.40 | 1.00 | 
08 |   80.00 |    0.00 |  0.00 | 1.00 | 
09 |   90.00 |    0.00 | -0.30 | 1.00 | 
10 |  100.00 |    0.00 |  0.00 | 1.00 | REC h=2.50
------------------------------------------------------------------------
Calculate path 
.Method:  ISO-9613-2:1996 
.Version: 1.001 
.Meteo:   ISO-9613-2, C0=3.0 dB
Unfolded propagation path
------------------------------------------------------------------------
ID |       D |      Z |      H |  Z_ray |    G | Mode 
------------------------------------------------------------------------
00 |    0.00 |   0.00 |   0.50 |   0.50 | 0.00 | SRC
01 |   10.00 |   0.00 |   0.00 |   0.70 | 0.00 | DIF.BLOS
02 |  100.00 |   0.00 |   2.50 |   2.50 | 1.00 | REC
------------------------------------------------------------------------
.1 calls to P2P calculation in 0.018331ms 
Noise levels
------------------------------------------------------------------------
Freq(Hz) |    63 |   125 |   250 |   500 |  1000 |  2000 |  4000 |  8000
------------------------------------------------------------------------
Lw       |  80.0 |  90.0 |  95.0 | 100.0 | 100.0 | 100.0 |  95.0 |  90.0
dB(A)    | -25.2 | -15.6 |  -8.4 |  -3.1 |   0.0 |   1.2 |   0.9 |  -2.4
deltaLw  |   0.0 |   0.0 |   0.0 |   0.0 |   0.0 |   0.0 |   0.0 |   0.0
AttGeo   | -51.0 | -51.0 | -51.0 | -51.0 | -51.0 | -51.0 | -51.0 | -51.0
AttAtm   |  -0.0 |  -0.0 |  -0.1 |  -0.2 |  -0.4 |  -0.9 |  -2.7 |  -9.5
AttRef   |   0.0 |   0.0 |   0.0 |   0.0 |   0.0 |   0.0 |   0.0 |   0.0
AttDif   |   0.0 |   0.0 |   0.0 |   0.0 |   0.0 |   0.0 |   0.0 |   0.0
AttSize  |   0.0 |   0.0 |   0.0 |   0.0 |   0.0 |   0.0 |   0.0 |   0.0
Att,F    |   3.3 |  -0.4 |  -5.7 |  -3.3 |  -0.2 |   1.0 |   1.0 |   1.0
Att,H    |  -inf |  -inf |  -inf |  -inf |  -inf |  -inf |  -inf |  -inf
Lp,F     |   7.1 |  22.9 |  29.8 |  42.4 |  48.4 |  50.3 |  43.2 |  28.1
Lp,H     |  -inf |  -inf |  -inf |  -inf |  -inf |  -inf |  -inf |  -inf
Leq      |   5.0 |  20.8 |  27.7 |  40.3 |  46.3 |  48.2 |  41.1 |  26.0
------------------------------------------------------------------------
Lp,F     |  53.4 dB(A)
Lp,H     |  -inf dB(A)
Leq      |  51.3 dB(A)
------------------------------------------------------------------------

C:\Users\dvm\Projets\CNOSSOS-EU\dev\data>..\Release\TestCnossos -i="simplify terrain on.xml" -m="JRC-2012" 
Parse file: simplify terrain on.xml 
Original data
------------------------------------------------------------------------
ID |       X |       Y |     Z |    G | Extension 
------------------------------------------------------------------------
00 |    0.00 |    0.00 |  0.00 | 0.00 | SRC h=0.50
01 |   10.00 |    0.00 |  0.00 | 0.00 | 
02 |   20.00 |    0.00 |  0.20 | 1.00 | 
03 |   30.00 |    0.00 | -0.20 | 1.00 | 
04 |   40.00 |    0.00 |  0.30 | 1.00 | 
05 |   50.00 |    0.00 | -0.30 | 1.00 | 
06 |   60.00 |    0.00 |  0.10 | 1.00 | 
07 |   70.00 |    0.00 | -0.40 | 1.00 | 
08 |   80.00 |    0.00 |  0.00 | 1.00 | 
09 |   90.00 |    0.00 | -0.30 | 1.00 | 
10 |  100.00 |    0.00 |  0.00 | 1.00 | REC h=2.50
------------------------------------------------------------------------
Calculate path 
.Method:  JRC_final_2012 
.Version: 1.001 
.Meteo:   JRC-2012, pFav=50.0% 
Unfolded propagation path
------------------------------------------------------------------------
ID |       D |      Z |      H |  Z_ray |    G | Mode 
------------------------------------------------------------------------
00 |    0.00 |   0.00 |   0.50 |   0.50 | 0.00 | SRC
01 |   10.00 |   0.00 |   0.00 |   0.70 | 0.00 | DIF.BLOS
02 |  100.00 |   0.00 |   2.50 |   2.50 | 1.00 | REC
------------------------------------------------------------------------
.1 calls to P2P calculation in 0.041429ms 
Noise levels
------------------------------------------------------------------------
Freq(Hz) |    63 |   125 |   250 |   500 |  1000 |  2000 |  4000 |  8000
------------------------------------------------------------------------
Lw       |  80.0 |  90.0 |  95.0 | 100.0 | 100.0 | 100.0 |  95.0 |  90.0
dB(A)    | -25.2 | -15.6 |  -8.4 |  -3.1 |   0.0 |   1.2 |   0.9 |  -2.4
deltaLw  |   0.0 |   0.0 |   0.0 |   0.0 |   0.0 |   0.0 |   0.0 |   0.0
AttGeo   | -51.0 | -51.0 | -51.0 | -51.0 | -51.0 | -51.0 | -51.0 | -51.0
AttAtm   |  -0.0 |  -0.0 |  -0.1 |  -0.2 |  -0.4 |  -0.9 |  -2.7 |  -9.5
AttRef   |   0.0 |   0.0 |   0.0 |   0.0 |   0.0 |   0.0 |   0.0 |   0.0
AttDif   |   0.0 |   0.0 |   0.0 |   0.0 |   0.0 |   0.0 |   0.0 |   0.0
AttSize  |  -0.0 |  -0.0 |  -0.0 |  -0.0 |  -0.0 |  -0.0 |  -0.0 |  -0.0
Att,F    |   0.3 |   0.3 |   0.3 |  -3.2 |  -4.6 |   0.3 |   0.3 |   0.3
Att,H    |   0.3 |   0.3 |   0.3 |  -5.3 | -10.4 |  -2.6 |   0.3 |   0.3
Lp,F     |   4.1 |  23.7 |  35.8 |  42.5 |  44.0 |  49.6 |  42.5 |  27.4
Lp,H     |   4.1 |  23.7 |  35.8 |  40.4 |  38.2 |  46.8 |  42.5 |  27.4
Leq      |   4.1 |  23.7 |  35.8 |  41.6 |  42.0 |  48.4 |  42.5 |  27.4
------------------------------------------------------------------------
Lp,F     |  52.0 dB(A)
Lp,H     |  49.4 dB(A)
Leq      |  50.9 dB(A)
------------------------------------------------------------------------

C:\Users\dvm\Projets\CNOSSOS-EU\dev\data>..\Release\TestCnossos -i="simplify terrain on.xml" -m="JRC-draft-2010" 
Parse file: simplify terrain on.xml 
Original data
------------------------------------------------------------------------
ID |       X |       Y |     Z |    G | Extension 
------------------------------------------------------------------------
00 |    0.00 |    0.00 |  0.00 | 0.00 | SRC h=0.50
01 |   10.00 |    0.00 |  0.00 | 0.00 | 
02 |   20.00 |    0.00 |  0.20 | 1.00 | 
03 |   30.00 |    0.00 | -0.20 | 1.00 | 
04 |   40.00 |    0.00 |  0.30 | 1.00 | 
05 |   50.00 |    0.00 | -0.30 | 1.00 | 
06 |   60.00 |    0.00 |  0.10 | 1.00 | 
07 |   70.00 |    0.00 | -0.40 | 1.00 | 
08 |   80.00 |    0.00 |  0.00 | 1.00 | 
09 |   90.00 |    0.00 | -0.30 | 1.00 | 
10 |  100.00 |    0.00 |  0.00 | 1.00 | REC h=2.50
------------------------------------------------------------------------
Calculate path 
.Method:  JRC_draft_2010 
.Version: 2.022 
.Meteo:   JRC-2012, pFav=50.0% 
Unfolded propagation path
------------------------------------------------------------------------
ID |       D |      Z |      H |  Z_ray |    G | Mode 
------------------------------------------------------------------------
00 |    0.00 |   0.00 |   0.50 |   0.50 | 0.00 | SRC
01 |   10.00 |   0.00 |   0.00 |   0.70 | 0.00 | DIF.BLOS
02 |  100.00 |   0.00 |   2.50 |   2.50 | 1.00 | REC
------------------------------------------------------------------------
.1 calls to P2P calculation in 0.094590ms 
Noise levels
------------------------------------------------------------------------
Freq(Hz) |    63 |   125 |   250 |   500 |  1000 |  2000 |  4000 |  8000
------------------------------------------------------------------------
Lw       |  80.0 |  90.0 |  95.0 | 100.0 | 100.0 | 100.0 |  95.0 |  90.0
dB(A)    | -25.2 | -15.6 |  -8.4 |  -3.1 |   0.0 |   1.2 |   0.9 |  -2.4
deltaLw  |  -2.5 |  -1.2 |   1.1 |  -0.1 |   0.1 |   0.1 |   0.1 |   0.0
AttGeo   | -51.0 | -51.0 | -51.0 | -51.0 | -51.0 | -51.0 | -51.0 | -51.0
AttAtm   |  -0.0 |  -0.0 |  -0.1 |  -0.2 |  -0.4 |  -0.9 |  -2.7 |  -9.5
AttRef   |   0.0 |   0.0 |   0.0 |   0.0 |   0.0 |   0.0 |   0.0 |   0.0
AttDif   |   0.0 |   0.0 |   0.0 |   0.0 |   0.0 |   0.0 |   0.0 |   0.0
AttSize  |   0.0 |   0.0 |   0.0 |   0.0 |   0.0 |   0.0 |   0.0 |   0.0
Att,F    |   6.0 |   4.7 |  -0.9 |  -8.2 |  -3.4 |   2.0 |   2.8 |   3.0
Att,H    |   5.7 |   4.3 |  -1.0 |  -8.8 |  -5.6 |  -0.1 |   2.4 |   2.8
Lp,F     |   7.2 |  26.8 |  35.6 |  37.4 |  45.3 |  51.4 |  45.1 |  30.1
Lp,H     |   6.9 |  26.5 |  35.5 |  36.7 |  43.1 |  49.3 |  44.7 |  29.9
Leq      |   7.1 |  26.7 |  35.6 |  37.1 |  44.3 |  50.5 |  44.9 |  30.0
------------------------------------------------------------------------
Lp,F     |  53.3 dB(A)
Lp,H     |  51.6 dB(A)
Leq      |  52.6 dB(A)
------------------------------------------------------------------------
